144.76.38.40 - - [19/Oct/2020:11:49:20 -0700] "GET /index.php?title=Special:UserLogin&returnto=File:Apple%20Fixes%20%E2%80%98AirDoS%E2%80%99%20Bug%20That%20Cripples%20Nearby%20iPhones,%20iPads%20Threatpost.pdf&returntoquery=direction=next%26oldid=8857&printable=yes HTTP/1.1" 404 - "-" "Mozilla/5.0 (compatible; MJ12bot/v1.4.8; http://mj12bot.com/)"
144.76.38.40 - - [19/Oct/2020:11:49:23 -0700] "GET /index.php?title=Special:UserLogin&returnto=File:Apple%20Fixes%20%E2%80%98AirDoS%E2%80%99%20Bug%20That%20Cripples%20Nearby%20iPhones,%20iPads%20Threatpost.pdf&returntoquery=direction=next%26oldid=8864 HTTP/1.1" 404 - "-" "Mozilla/5.0 (compatible; MJ12bot/v1.4.8; http://mj12bot.com/)"
5.9.158.195 - - [19/Oct/2020:11:49:23 -0700] "GET /index.php?title=Special:UserLogin&returnto=File:Apple%20Fixes%20%E2%80%98AirDoS%E2%80%99%20Bug%20That%20Cripples%20Nearby%20iPhones,%20iPads%20Threatpost.pdf&returntoquery=diff=8866%26oldid=8856&printable=yes HTTP/1.1" 404 - "-" "Mozilla/5.0 (compatible; MJ12bot/v1.4.8; http://mj12bot.com/)"
144.76.38.40 - - [19/Oct/2020:11:49:26 -0700] "GET /index.php?title=Special:UserLogin&returnto=File:Apple%20Fixes%20%E2%80%98AirDoS%E2%80%99%20Bug%20That%20Cripples%20Nearby%20iPhones,%20iPads%20Threatpost.pdf&returntoquery=direction=next%26oldid=8864%26printable=yes HTTP/1.1" 404 - "-" "Mozilla/5.0 (compatible; MJ12bot/v1.4.8; http://mj12bot.com/)"
185.191.171.24 - - [19/Oct/2020:11:49:27 -0700] "GET /index.php?returnto=Special%3AWhatLinksHere%2FIntranet&returntoquery=printable%3Dyes&title=Special%3AUserLogin HTTP/1.1" 404 - "-" "Mozilla/5.0 (compatible; SemrushBot/6~bl; +http://www.semrush.com/bot.html)"
144.76.38.40 - - [19/Oct/2020:11:49:28 -0700] "GET /index.php?title=Special:UserLogin&returnto=File:Apple%20Fixes%20%E2%80%98AirDoS%E2%80%99%20Bug%20That%20Cripples%20Nearby%20iPhones,%20iPads%20Threatpost.pdf&returntoquery=direction=next%26oldid=8864%26printable=yes&printable=yes HTTP/1.1" 404 - "-" "Mozilla/5.0 (compatible; MJ12bot/v1.4.8; http://mj12bot.com/)"
144.76.38.40 - - [19/Oct/2020:11:49:30 -0700] "GET /index.php?title=Special:UserLogin&returnto=File:Apple%20Fixes%20%E2%80%98AirDoS%E2%80%99%20Bug%20That%20Cripples%20Nearby%20iPhones,%20iPads%20Threatpost.pdf&returntoquery=direction=next%26oldid=8864&printable=yes HTTP/1.1" 404 - "-" "Mozilla/5.0 (compatible; MJ12bot/v1.4.8; http://mj12bot.com/)"
5.9.158.195 - - [19/Oct/2020:11:49:30 -0700] "GET /index.php?title=Special:UserLogin&returnto=File:Apple%20Fixes%20%E2%80%98AirDoS%E2%80%99%20Bug%20That%20Cripples%20Nearby%20iPhones,%20iPads%20Threatpost.pdf&returntoquery=diff=8866%26oldid=8857 HTTP/1.1" 404 - "-" "Mozilla/5.0 (compatible; MJ12bot/v1.4.8; http://mj12bot.com/)"
144.76.38.40 - - [19/Oct/2020:11:49:32 -0700] "GET /index.php?title=Special:UserLogin&returnto=File:Apple%20Fixes%20%E2%80%98AirDoS%E2%80%99%20Bug%20That%20Cripples%20Nearby%20iPhones,%20iPads%20Threatpost.pdf&returntoquery=direction=next%26oldid=8865 HTTP/1.1" 404 - "-" "Mozilla/5.0 (compatible; MJ12bot/v1.4.8; http://mj12bot.com/)"
144.76.38.40 - - [19/Oct/2020:11:49:35 -0700] "GET /index.php?title=Special:UserLogin&returnto=File:Apple%20Fixes%20%E2%80%98AirDoS%E2%80%99%20Bug%20That%20Cripples%20Nearby%20iPhones,%20iPads%20Threatpost.pdf&returntoquery=direction=next%26oldid=8865%26printable=yes HTTP/1.1" 404 - "-" "Mozilla/5.0 (compatible; MJ12bot/v1.4.8; http://mj12bot.com/)"
5.189.133.135 - - [19/Oct/2020:11:49:37 -0700] "GET /index.php?title=Special:UserLogin&returnto=Special:WhatLinksHere/PCI-DSS-11.3.2&returntoquery=limit=250%26hideredirs=1&printable=yes HTTP/1.1" 404 - "-" "Mozilla/5.0 (compatible; MJ12bot/v1.4.8; http://mj12bot.com/)"
185.191.171.10 - - [19/Oct/2020:11:49:38 -0700] "GET /index.php?limit=50&title=Special%3AWhatLinksHere%2FOTP HTTP/1.1" 404 - "-" "Mozilla/5.0 (compatible; SemrushBot/6~bl; +http://www.semrush.com/bot.html)"
144.76.38.40 - - [19/Oct/2020:11:49:39 -0700] "GET /index.php?title=Special:UserLogin&returnto=File:Apple%20Fixes%20%E2%80%98AirDoS%E2%80%99%20Bug%20That%20Cripples%20Nearby%20iPhones,%20iPads%20Threatpost.pdf&returntoquery=direction=next%26oldid=8865%26printable=yes&printable=yes HTTP/1.1" 404 - "-" "Mozilla/5.0 (compatible; MJ12bot/v1.4.8; http://mj12bot.com/)"
5.9.158.195 - - [19/Oct/2020:11:49:41 -0700] "GET /index.php?title=Special:UserLogin&returnto=File:Apple%20Fixes%20%E2%80%98AirDoS%E2%80%99%20Bug%20That%20Cripples%20Nearby%20iPhones,%20iPads%20Threatpost.pdf&returntoquery=diff=8866%26oldid=8857%26printable=yes HTTP/1.1" 404 - "-" "Mozilla/5.0 (compatible; MJ12bot/v1.4.8; http://mj12bot.com/)"
144.76.38.40 - - [19/Oct/2020:11:49:42 -0700] "GET /index.php?title=Special:UserLogin&returnto=File:Apple%20Fixes%20%E2%80%98AirDoS%E2%80%99%20Bug%20That%20Cripples%20Nearby%20iPhones,%20iPads%20Threatpost.pdf&returntoquery=direction=next%26oldid=8865&printable=yes HTTP/1.1" 404 - "-" "Mozilla/5.0 (compatible; MJ12bot/v1.4.8; http://mj12bot.com/)"
144.76.38.40 - - [19/Oct/2020:11:49:46 -0700] "GET /index.php?title=Special:UserLogin&returnto=File:Apple%20Fixes%20%E2%80%98AirDoS%E2%80%99%20Bug%20That%20Cripples%20Nearby%20iPhones,%20iPads%20Threatpost.pdf&returntoquery=direction=prev%26oldid=8856 HTTP/1.1" 404 - "-" "Mozilla/5.0 (compatible; MJ12bot/v1.4.8; http://mj12bot.com/)"
144.76.38.40 - - [19/Oct/2020:11:49:49 -0700] "GET /index.php?title=Special:UserLogin&returnto=File:Apple%20Fixes%20%E2%80%98AirDoS%E2%80%99%20Bug%20That%20Cripples%20Nearby%20iPhones,%20iPads%20Threatpost.pdf&returntoquery=direction=prev%26oldid=8856%26printable=yes HTTP/1.1" 404 - "-" "Mozilla/5.0 (compatible; MJ12bot/v1.4.8; http://mj12bot.com/)"
144.76.38.40 - - [19/Oct/2020:11:49:51 -0700] "GET /index.php?title=Special:UserLogin&returnto=File:Apple%20Fixes%20%E2%80%98AirDoS%E2%80%99%20Bug%20That%20Cripples%20Nearby%20iPhones,%20iPads%20Threatpost.pdf&returntoquery=direction=prev%26oldid=8856%26printable=yes&printable=yes HTTP/1.1" 404 - "-" "Mozilla/5.0 (compatible; MJ12bot/v1.4.8; http://mj12bot.com/)"
5.9.158.195 - - [19/Oct/2020:11:49:51 -0700] "GET /index.php?title=Special:UserLogin&returnto=File:Apple%20Fixes%20%E2%80%98AirDoS%E2%80%99%20Bug%20That%20Cripples%20Nearby%20iPhones,%20iPads%20Threatpost.pdf&returntoquery=diff=8866%26oldid=8857%26printable=yes&printable=yes HTTP/1.1" 404 - "-" "Mozilla/5.0 (compatible; MJ12bot/v1.4.8; http://mj12bot.com/)"
5.189.133.135 - - [19/Oct/2020:11:49:53 -0700] "GET /index.php?title=Special:UserLogin&returnto=Special:WhatLinksHere/PCI-DSS-11.3.2&returntoquery=limit=250%26hidetrans=1&printable=yes HTTP/1.1" 404 - "-" "Mozilla/5.0 (compatible; MJ12bot/v1.4.8; http://mj12bot.com/)"
144.76.38.40 - - [19/Oct/2020:11:49:54 -0700] "GET /index.php?title=Special:UserLogin&returnto=File:Apple%20Fixes%20%E2%80%98AirDoS%E2%80%99%20Bug%20That%20Cripples%20Nearby%20iPhones,%20iPads%20Threatpost.pdf&returntoquery=direction=prev%26oldid=8856&printable=yes HTTP/1.1" 404 - "-" "Mozilla/5.0 (compatible; MJ12bot/v1.4.8; http://mj12bot.com/)"
144.76.38.40 - - [19/Oct/2020:11:49:56 -0700] "GET /index.php?title=Special:UserLogin&returnto=File:Apple%20Fixes%20%E2%80%98AirDoS%E2%80%99%20Bug%20That%20Cripples%20Nearby%20iPhones,%20iPads%20Threatpost.pdf&returntoquery=direction=prev%26oldid=8857 HTTP/1.1" 404 - "-" "Mozilla/5.0 (compatible; MJ12bot/v1.4.8; http://mj12bot.com/)"
66.249.70.11 - - [19/Oct/2020:11:49:57 -0700] "GET /index.php?title=CSC-3.1&action=info HTTP/1.1" 404 - "-" "Mozilla/5.0 (Linux; Android 6.0.1; Nexus 5X Build/MMB29P) AppleWebKit/537.36 (KHTML, like Gecko) Chrome/86.0.4240.96 Mobile Safari/537.36 (compatible; Googlebot/2.1; +http://www.google.com/bot.html)"
144.76.38.40 - - [19/Oct/2020:11:49:59 -0700] "GET /index.php?title=Special:UserLogin&returnto=File:Apple%20Fixes%20%E2%80%98AirDoS%E2%80%99%20Bug%20That%20Cripples%20Nearby%20iPhones,%20iPads%20Threatpost.pdf&returntoquery=direction=prev%26oldid=8857%26printable=yes HTTP/1.1" 404 - "-" "Mozilla/5.0 (compatible; MJ12bot/v1.4.8; http://mj12bot.com/)"
144.76.38.40 - - [19/Oct/2020:11:50:02 -0700] "GET /index.php?title=Special:UserLogin&returnto=File:Apple%20Fixes%20%E2%80%98AirDoS%E2%80%99%20Bug%20That%20Cripples%20Nearby%20iPhones,%20iPads%20Threatpost.pdf&returntoquery=direction=prev%26oldid=8857%26printable=yes&printable=yes HTTP/1.1" 404 - "-" "Mozilla/5.0 (compatible; MJ12bot/v1.4.8; http://mj12bot.com/)"
185.191.171.23 - - [19/Oct/2020:11:50:04 -0700] "GET /index.php?returnto=CSC-3&returntoquery=curid%3D141%26oldid%3D1078&title=Special%3ACreateAccount HTTP/1.1" 404 - "-" "Mozilla/5.0 (compatible; SemrushBot/6~bl; +http://www.semrush.com/bot.html)"
144.76.38.40 - - [19/Oct/2020:11:50:04 -0700] "GET /index.php?title=Special:UserLogin&returnto=File:Apple%20Fixes%20%E2%80%98AirDoS%E2%80%99%20Bug%20That%20Cripples%20Nearby%20iPhones,%20iPads%20Threatpost.pdf&returntoquery=direction=prev%26oldid=8857&printable=yes HTTP/1.1" 404 - "-" "Mozilla/5.0 (compatible; MJ12bot/v1.4.8; http://mj12bot.com/)"
144.76.38.40 - - [19/Oct/2020:11:50:06 -0700] "GET /index.php?title=Special:UserLogin&returnto=File:Apple%20Fixes%20%E2%80%98AirDoS%E2%80%99%20Bug%20That%20Cripples%20Nearby%20iPhones,%20iPads%20Threatpost.pdf&returntoquery=direction=prev%26oldid=8864 HTTP/1.1" 404 - "-" "Mozilla/5.0 (compatible; MJ12bot/v1.4.8; http://mj12bot.com/)"
5.9.158.195 - - [19/Oct/2020:11:50:11 -0700] "GET /index.php?title=Special:UserLogin&returnto=File:Apple%20Fixes%20%E2%80%98AirDoS%E2%80%99%20Bug%20That%20Cripples%20Nearby%20iPhones,%20iPads%20Threatpost.pdf&returntoquery=diff=8866%26oldid=8857&printable=yes HTTP/1.1" 404 - "-" "Mozilla/5.0 (compatible; MJ12bot/v1.4.8; http://mj12bot.com/)"
144.76.38.40 - - [19/Oct/2020:11:50:11 -0700] "GET /index.php?title=Special:UserLogin&returnto=File:Apple%20Fixes%20%E2%80%98AirDoS%E2%80%99%20Bug%20That%20Cripples%20Nearby%20iPhones,%20iPads%20Threatpost.pdf&returntoquery=direction=prev%26oldid=8864%26printable=yes HTTP/1.1" 404 - "-" "Mozilla/5.0 (compatible; MJ12bot/v1.4.8; http://mj12bot.com/)"
5.189.133.135 - - [19/Oct/2020:11:50:12 -0700] "GET /index.php?title=Special:UserLogin&returnto=Special:WhatLinksHere/PCI-DSS-11.3.2&returntoquery=limit=250%26printable=yes&printable=yes HTTP/1.1" 404 - "-" "Mozilla/5.0 (compatible; MJ12bot/v1.4.8; http://mj12bot.com/)"
144.76.38.40 - - [19/Oct/2020:11:50:14 -0700] "GET /index.php?title=Special:UserLogin&returnto=File:Apple%20Fixes%20%E2%80%98AirDoS%E2%80%99%20Bug%20That%20Cripples%20Nearby%20iPhones,%20iPads%20Threatpost.pdf&returntoquery=direction=prev%26oldid=8864%26printable=yes&printable=yes HTTP/1.1" 404 - "-" "Mozilla/5.0 (compatible; MJ12bot/v1.4.8; http://mj12bot.com/)"
144.76.38.40 - - [19/Oct/2020:11:50:15 -0700] "GET /index.php?title=Special:UserLogin&returnto=File:Apple%20Fixes%20%E2%80%98AirDoS%E2%80%99%20Bug%20That%20Cripples%20Nearby%20iPhones,%20iPads%20Threatpost.pdf&returntoquery=direction=prev%26oldid=8864&printable=yes HTTP/1.1" 404 - "-" "Mozilla/5.0 (compatible; MJ12bot/v1.4.8; http://mj12bot.com/)"
144.76.38.40 - - [19/Oct/2020:11:50:18 -0700] "GET /index.php?title=Special:UserLogin&returnto=File:Apple%20Fixes%20%E2%80%98AirDoS%E2%80%99%20Bug%20That%20Cripples%20Nearby%20iPhones,%20iPads%20Threatpost.pdf&returntoquery=direction=prev%26oldid=8865 HTTP/1.1" 404 - "-" "Mozilla/5.0 (compatible; MJ12bot/v1.4.8; http://mj12bot.com/)"
144.76.38.40 - - [19/Oct/2020:11:50:20 -0700] "GET /index.php?title=Special:UserLogin&returnto=File:Apple%20Fixes%20%E2%80%98AirDoS%E2%80%99%20Bug%20That%20Cripples%20Nearby%20iPhones,%20iPads%20Threatpost.pdf&returntoquery=direction=prev%26oldid=8865%26printable=yes HTTP/1.1" 404 - "-" "Mozilla/5.0 (compatible; MJ12bot/v1.4.8; http://mj12bot.com/)"
144.76.38.40 - - [19/Oct/2020:11:50:23 -0700] "GET /index.php?title=Special:UserLogin&returnto=File:Apple%20Fixes%20%E2%80%98AirDoS%E2%80%99%20Bug%20That%20Cripples%20Nearby%20iPhones,%20iPads%20Threatpost.pdf&returntoquery=direction=prev%26oldid=8865%26printable=yes&printable=yes HTTP/1.1" 404 - "-" "Mozilla/5.0 (compatible; MJ12bot/v1.4.8; http://mj12bot.com/)"
5.9.158.195 - - [19/Oct/2020:11:50:24 -0700] "GET /index.php?title=Special:UserLogin&returnto=File:Apple%20Fixes%20%E2%80%98AirDoS%E2%80%99%20Bug%20That%20Cripples%20Nearby%20iPhones,%20iPads%20Threatpost.pdf&returntoquery=diff=8866%26oldid=8864 HTTP/1.1" 404 - "-" "Mozilla/5.0 (compatible; MJ12bot/v1.4.8; http://mj12bot.com/)"
144.76.38.40 - - [19/Oct/2020:11:50:24 -0700] "GET /index.php?title=Special:UserLogin&returnto=File:Apple%20Fixes%20%E2%80%98AirDoS%E2%80%99%20Bug%20That%20Cripples%20Nearby%20iPhones,%20iPads%20Threatpost.pdf&returntoquery=direction=prev%26oldid=8865&printable=yes HTTP/1.1" 404 - "-" "Mozilla/5.0 (compatible; MJ12bot/v1.4.8; http://mj12bot.com/)"
185.191.171.39 - - [19/Oct/2020:11:50:25 -0700] "GET /index.php?target=CSC-19.5&title=Special%3AWhatLinksHere HTTP/1.1" 404 - "-" "Mozilla/5.0 (compatible; SemrushBot/6~bl; +http://www.semrush.com/bot.html)"
174.7.115.156 - - [19/Oct/2020:11:50:28 -0700] "GET /phpmyadmin HTTP/1.1" 403 1220 "-" "Mozilla/5.0 (Windows NT 10.0; Win64; x64) AppleWebKit/537.36 (KHTML, like Gecko) Chrome/86.0.4240.75 Safari/537.36"
66.249.70.13 - - [19/Oct/2020:11:50:28 -0700] "GET /index.php?title=CSC-3.1&oldid=11478 HTTP/1.1" 404 - "-" "Mozilla/5.0 (Linux; Android 6.0.1; Nexus 5X Build/MMB29P) AppleWebKit/537.36 (KHTML, like Gecko) Chrome/86.0.4240.96 Mobile Safari/537.36 (compatible; Googlebot/2.1; +http://www.google.com/bot.html)"
144.76.38.40 - - [19/Oct/2020:11:50:28 -0700] "GET /index.php?title=Special:UserLogin&returnto=File:Apple%20Fixes%20%E2%80%98AirDoS%E2%80%99%20Bug%20That%20Cripples%20Nearby%20iPhones,%20iPads%20Threatpost.pdf&returntoquery=direction=prev%26oldid=8866&printable=yes HTTP/1.1" 404 - "-" "Mozilla/5.0 (compatible; MJ12bot/v1.4.8; http://mj12bot.com/)"
174.7.115.156 - - [19/Oct/2020:11:50:30 -0700] "GET /phpmyadmin HTTP/1.1" 403 1220 "-" "Mozilla/5.0 (Windows NT 10.0; Win64; x64) AppleWebKit/537.36 (KHTML, like Gecko) Chrome/86.0.4240.75 Safari/537.36"
144.76.38.40 - - [19/Oct/2020:11:50:31 -0700] "GET /index.php?title=Special:UserLogin&returnto=File:Apple%20Fixes%20%E2%80%98AirDoS%E2%80%99%20Bug%20That%20Cripples%20Nearby%20iPhones,%20iPads%20Threatpost.pdf&returntoquery=oldid=8850 HTTP/1.1" 404 - "-" "Mozilla/5.0 (compatible; MJ12bot/v1.4.8; http://mj12bot.com/)"
5.189.133.135 - - [19/Oct/2020:11:50:31 -0700] "GET /index.php?title=Special:UserLogin&returnto=Special:WhatLinksHere/PCI-DSS-11.3.2&returntoquery=limit=250&printable=yes HTTP/1.1" 404 - "-" "Mozilla/5.0 (compatible; MJ12bot/v1.4.8; http://mj12bot.com/)"
5.9.158.195 - - [19/Oct/2020:11:50:32 -0700] "GET /index.php?title=Special:UserLogin&returnto=File:Apple%20Fixes%20%E2%80%98AirDoS%E2%80%99%20Bug%20That%20Cripples%20Nearby%20iPhones,%20iPads%20Threatpost.pdf&returntoquery=diff=8866%26oldid=8864%26printable=yes HTTP/1.1" 404 - "-" "Mozilla/5.0 (compatible; MJ12bot/v1.4.8; http://mj12bot.com/)"
174.7.115.156 - - [19/Oct/2020:11:50:39 -0700] "GET /phpmyadmin HTTP/1.1" 403 1220 "-" "Mozilla/5.0 (Windows NT 10.0; Win64; x64) AppleWebKit/537.36 (KHTML, like Gecko) Chrome/86.0.4240.75 Safari/537.36"
185.191.171.9 - - [19/Oct/2020:11:50:40 -0700] "GET /index.php?direction=next&oldid=1617&title=PR.IP-10 HTTP/1.1" 404 - "-" "Mozilla/5.0 (compatible; SemrushBot/6~bl; +http://www.semrush.com/bot.html)"
5.9.158.195 - - [19/Oct/2020:11:50:42 -0700] "GET /index.php?title=Special:UserLogin&returnto=File:Apple%20Fixes%20%E2%80%98AirDoS%E2%80%99%20Bug%20That%20Cripples%20Nearby%20iPhones,%20iPads%20Threatpost.pdf&returntoquery=diff=8866%26oldid=8864%26printable=yes&printable=yes HTTP/1.1" 404 - "-" "Mozilla/5.0 (compatible; MJ12bot/v1.4.8; http://mj12bot.com/)"
144.76.38.40 - - [19/Oct/2020:11:50:49 -0700] "GET /index.php?title=Special:UserLogin&returnto=File:Apple%20Fixes%20%E2%80%98AirDoS%E2%80%99%20Bug%20That%20Cripples%20Nearby%20iPhones,%20iPads%20Threatpost.pdf&returntoquery=oldid=8850%26printable=yes HTTP/1.1" 404 - "-" "Mozilla/5.0 (compatible; MJ12bot/v1.4.8; http://mj12bot.com/)"
5.9.158.195 - - [19/Oct/2020:11:50:55 -0700] "GET /index.php?title=Special:UserLogin&returnto=File:Apple%20Fixes%20%E2%80%98AirDoS%E2%80%99%20Bug%20That%20Cripples%20Nearby%20iPhones,%20iPads%20Threatpost.pdf&returntoquery=diff=8866%26oldid=8864&printable=yes HTTP/1.1" 404 - "-" "Mozilla/5.0 (compatible; MJ12bot/v1.4.8; http://mj12bot.com/)"
5.189.133.135 - - [19/Oct/2020:11:50:58 -0700] "GET /index.php?title=Special:UserLogin&returnto=Special:WhatLinksHere/PCI-DSS-11.3.2&returntoquery=limit=50%26printable=yes&printable=yes HTTP/1.1" 404 - "-" "Mozilla/5.0 (compatible; MJ12bot/v1.4.8; http://mj12bot.com/)"
185.191.171.12 - - [19/Oct/2020:11:50:58 -0700] "GET /index.php?id=11738&page=Ransomware&title=Special%3ACiteThisPage HTTP/1.1" 404 - "-" "Mozilla/5.0 (compatible; SemrushBot/6~bl; +http://www.semrush.com/bot.html)"
5.9.158.195 - - [19/Oct/2020:11:51:03 -0700] "GET /index.php?title=Special:UserLogin&returnto=File:Apple%20Fixes%20%E2%80%98AirDoS%E2%80%99%20Bug%20That%20Cripples%20Nearby%20iPhones,%20iPads%20Threatpost.pdf&returntoquery=diff=8866%26oldid=8865 HTTP/1.1" 404 - "-" "Mozilla/5.0 (compatible; MJ12bot/v1.4.8; http://mj12bot.com/)"
5.189.133.135 - - [19/Oct/2020:11:51:08 -0700] "GET /index.php?title=Special:UserLogin&returnto=Special:WhatLinksHere/PCI-DSS-11.3.2&returntoquery=limit=50&printable=yes HTTP/1.1" 404 - "-" "Mozilla/5.0 (compatible; MJ12bot/v1.4.8; http://mj12bot.com/)"
174.7.115.156 - - [19/Oct/2020:11:51:09 -0700] "GET /phpmyadmin HTTP/1.1" 403 1220 "-" "Mozilla/5.0 (Windows NT 10.0; Win64; x64) AppleWebKit/537.36 (KHTML, like Gecko) Chrome/86.0.4240.75 Safari/537.36"
174.7.115.156 - - [19/Oct/2020:11:51:10 -0700] "GET /phpmyadmin HTTP/1.1" 403 1220 "-" "Mozilla/5.0 (Windows NT 10.0; Win64; x64) AppleWebKit/537.36 (KHTML, like Gecko) Chrome/86.0.4240.75 Safari/537.36"
5.9.158.195 - - [19/Oct/2020:11:51:15 -0700] "GET /index.php?title=Special:UserLogin&returnto=File:Apple%20Fixes%20%E2%80%98AirDoS%E2%80%99%20Bug%20That%20Cripples%20Nearby%20iPhones,%20iPads%20Threatpost.pdf&returntoquery=diff=8866%26oldid=8865%26printable=yes HTTP/1.1" 404 - "-" "Mozilla/5.0 (compatible; MJ12bot/v1.4.8; http://mj12bot.com/)"
144.76.38.40 - - [19/Oct/2020:11:52:42 -0700] "GET /index.php?title=Special:UserLogin&returnto=File:Apple%20Fixes%20%E2%80%98AirDoS%E2%80%99%20Bug%20That%20Cripples%20Nearby%20iPhones,%20iPads%20Threatpost.pdf&returntoquery=oldid=8856%26printable=yes&printable=yes HTTP/1.1" 404 - "-" "Mozilla/5.0 (compatible; MJ12bot/v1.4.8; http://mj12bot.com/)"
181.175.213.192 - - [19/Oct/2020:11:52:43 -0700] "GET / HTTP/1.1" 302 - "-" "Mozilla/5.0"
144.76.38.40 - - [19/Oct/2020:11:52:44 -0700] "GET /index.php?title=Special:UserLogin&returnto=File:Apple%20Fixes%20%E2%80%98AirDoS%E2%80%99%20Bug%20That%20Cripples%20Nearby%20iPhones,%20iPads%20Threatpost.pdf&returntoquery=oldid=8856&printable=yes HTTP/1.1" 404 - "-" "Mozilla/5.0 (compatible; MJ12bot/v1.4.8; http://mj12bot.com/)"
5.9.158.195 - - [19/Oct/2020:11:52:45 -0700] "GET /index.php?title=Special:UserLogin&returnto=File:Apple%20Fixes%20%E2%80%98AirDoS%E2%80%99%20Bug%20That%20Cripples%20Nearby%20iPhones,%20iPads%20Threatpost.pdf&returntoquery=diff=cur%26oldid=8850%26printable=yes HTTP/1.1" 404 - "-" "Mozilla/5.0 (compatible; MJ12bot/v1.4.8; http://mj12bot.com/)"
144.76.38.40 - - [19/Oct/2020:11:52:46 -0700] "GET /index.php?title=Special:UserLogin&returnto=File:Apple%20Fixes%20%E2%80%98AirDoS%E2%80%99%20Bug%20That%20Cripples%20Nearby%20iPhones,%20iPads%20Threatpost.pdf&returntoquery=oldid=8857 HTTP/1.1" 404 - "-" "Mozilla/5.0 (compatible; MJ12bot/v1.4.8; http://mj12bot.com/)"
185.191.171.1 - - [19/Oct/2020:11:52:47 -0700] "GET /index.php?action=info&title=Smart_cards HTTP/1.1" 404 - "-" "Mozilla/5.0 (compatible; SemrushBot/6~bl; +http://www.semrush.com/bot.html)"
144.76.38.40 - - [19/Oct/2020:11:52:49 -0700] "GET /index.php?title=Special:UserLogin&returnto=File:Apple%20Fixes%20%E2%80%98AirDoS%E2%80%99%20Bug%20That%20Cripples%20Nearby%20iPhones,%20iPads%20Threatpost.pdf&returntoquery=oldid=8857%26printable=yes HTTP/1.1" 404 - "-" "Mozilla/5.0 (compatible; MJ12bot/v1.4.8; http://mj12bot.com/)"
5.189.133.135 - - [19/Oct/2020:11:52:51 -0700] "GET /index.php?title=Special:UserLogin&returnto=Special:WhatLinksHere/PCI-DSS-11.3.2&returntoquery=limit=500%26hidetrans=1&printable=yes HTTP/1.1" 404 - "-" "Mozilla/5.0 (compatible; MJ12bot/v1.4.8; http://mj12bot.com/)"
185.191.171.45 - - [19/Oct/2020:11:52:51 -0700] "GET /index.php?printable=yes&returnto=Familiarity&title=Special%3AUserLogin HTTP/1.1" 404 - "-" "Mozilla/5.0 (compatible; SemrushBot/6~bl; +http://www.semrush.com/bot.html)"
144.76.38.40 - - [19/Oct/2020:11:52:52 -0700] "GET /index.php?title=Special:UserLogin&returnto=File:Apple%20Fixes%20%E2%80%98AirDoS%E2%80%99%20Bug%20That%20Cripples%20Nearby%20iPhones,%20iPads%20Threatpost.pdf&returntoquery=oldid=8857%26printable=yes&printable=yes HTTP/1.1" 404 - "-" "Mozilla/5.0 (compatible; MJ12bot/v1.4.8; http://mj12bot.com/)"
144.76.38.40 - - [19/Oct/2020:11:52:54 -0700] "GET /index.php?title=Special:UserLogin&returnto=File:Apple%20Fixes%20%E2%80%98AirDoS%E2%80%99%20Bug%20That%20Cripples%20Nearby%20iPhones,%20iPads%20Threatpost.pdf&returntoquery=oldid=8857&printable=yes HTTP/1.1" 404 - "-" "Mozilla/5.0 (compatible; MJ12bot/v1.4.8; http://mj12bot.com/)"
144.76.38.40 - - [19/Oct/2020:11:52:56 -0700] "GET /index.php?title=Special:UserLogin&returnto=File:Apple%20Fixes%20%E2%80%98AirDoS%E2%80%99%20Bug%20That%20Cripples%20Nearby%20iPhones,%20iPads%20Threatpost.pdf&returntoquery=oldid=8864 HTTP/1.1" 404 - "-" "Mozilla/5.0 (compatible; MJ12bot/v1.4.8; http://mj12bot.com/)"
144.76.38.40 - - [19/Oct/2020:11:52:58 -0700] "GET /index.php?title=Special:UserLogin&returnto=File:Apple%20Fixes%20%E2%80%98AirDoS%E2%80%99%20Bug%20That%20Cripples%20Nearby%20iPhones,%20iPads%20Threatpost.pdf&returntoquery=oldid=8864%26printable=yes HTTP/1.1" 404 - "-" "Mozilla/5.0 (compatible; MJ12bot/v1.4.8; http://mj12bot.com/)"
5.9.158.195 - - [19/Oct/2020:11:53:01 -0700] "GET /index.php?title=Special:UserLogin&returnto=File:Apple%20Fixes%20%E2%80%98AirDoS%E2%80%99%20Bug%20That%20Cripples%20Nearby%20iPhones,%20iPads%20Threatpost.pdf&returntoquery=diff=cur%26oldid=8850%26printable=yes&printable=yes HTTP/1.1" 404 - "-" "Mozilla/5.0 (compatible; MJ12bot/v1.4.8; http://mj12bot.com/)"
144.76.38.40 - - [19/Oct/2020:11:53:01 -0700] "GET /index.php?title=Special:UserLogin&returnto=File:Apple%20Fixes%20%E2%80%98AirDoS%E2%80%99%20Bug%20That%20Cripples%20Nearby%20iPhones,%20iPads%20Threatpost.pdf&returntoquery=oldid=8864%26printable=yes&printable=yes HTTP/1.1" 404 - "-" "Mozilla/5.0 (compatible; MJ12bot/v1.4.8; http://mj12bot.com/)"
5.189.133.135 - - [19/Oct/2020:11:53:03 -0700] "GET /index.php?title=Special:UserLogin&returnto=Special:WhatLinksHere/PCI-DSS-11.3.2&returntoquery=limit=500%26printable=yes&printable=yes HTTP/1.1" 404 - "-" "Mozilla/5.0 (compatible; MJ12bot/v1.4.8; http://mj12bot.com/)"
66.249.70.15 - - [19/Oct/2020:11:53:04 -0700] "GET /index.php?title=CSC-3.1&action=edit HTTP/1.1" 404 - "-" "Mozilla/5.0 (Linux; Android 6.0.1; Nexus 5X Build/MMB29P) AppleWebKit/537.36 (KHTML, like Gecko) Chrome/86.0.4240.96 Mobile Safari/537.36 (compatible; Googlebot/2.1; +http://www.google.com/bot.html)"
185.191.171.22 - - [19/Oct/2020:11:53:04 -0700] "GET /index.php?returnto=CSC-13&returntoquery=curid%3D139%26diff%3D1106%26oldid%3D1027&title=Special%3ACreateAccount HTTP/1.1" 404 - "-" "Mozilla/5.0 (compatible; SemrushBot/6~bl; +http://www.semrush.com/bot.html)"
144.76.38.40 - - [19/Oct/2020:11:53:04 -0700] "GET /index.php?title=Special:UserLogin&returnto=File:Apple%20Fixes%20%E2%80%98AirDoS%E2%80%99%20Bug%20That%20Cripples%20Nearby%20iPhones,%20iPads%20Threatpost.pdf&returntoquery=oldid=8864&printable=yes HTTP/1.1" 404 - "-" "Mozilla/5.0 (compatible; MJ12bot/v1.4.8; http://mj12bot.com/)"
144.76.38.40 - - [19/Oct/2020:11:53:07 -0700] "GET /index.php?title=Special:UserLogin&returnto=File:Apple%20Fixes%20%E2%80%98AirDoS%E2%80%99%20Bug%20That%20Cripples%20Nearby%20iPhones,%20iPads%20Threatpost.pdf&returntoquery=oldid=8865 HTTP/1.1" 404 - "-" "Mozilla/5.0 (compatible; MJ12bot/v1.4.8; http://mj12bot.com/)"
144.76.38.40 - - [19/Oct/2020:11:53:09 -0700] "GET /index.php?title=Special:UserLogin&returnto=File:Apple%20Fixes%20%E2%80%98AirDoS%E2%80%99%20Bug%20That%20Cripples%20Nearby%20iPhones,%20iPads%20Threatpost.pdf&returntoquery=oldid=8865%26printable=yes HTTP/1.1" 404 - "-" "Mozilla/5.0 (compatible; MJ12bot/v1.4.8; http://mj12bot.com/)"
5.9.158.195 - - [19/Oct/2020:11:53:11 -0700] "GET /index.php?title=Special:UserLogin&returnto=File:Apple%20Fixes%20%E2%80%98AirDoS%E2%80%99%20Bug%20That%20Cripples%20Nearby%20iPhones,%20iPads%20Threatpost.pdf&returntoquery=diff=cur%26oldid=8850&printable=yes HTTP/1.1" 404 - "-" "Mozilla/5.0 (compatible; MJ12bot/v1.4.8; http://mj12bot.com/)"
144.76.38.40 - - [19/Oct/2020:11:53:12 -0700] "GET /index.php?title=Special:UserLogin&returnto=File:Apple%20Fixes%20%E2%80%98AirDoS%E2%80%99%20Bug%20That%20Cripples%20Nearby%20iPhones,%20iPads%20Threatpost.pdf&returntoquery=oldid=8865%26printable=yes&printable=yes HTTP/1.1" 404 - "-" "Mozilla/5.0 (compatible; MJ12bot/v1.4.8; http://mj12bot.com/)"
144.76.38.40 - - [19/Oct/2020:11:53:14 -0700] "GET /index.php?title=Special:UserLogin&returnto=File:Apple%20Fixes%20%E2%80%98AirDoS%E2%80%99%20Bug%20That%20Cripples%20Nearby%20iPhones,%20iPads%20Threatpost.pdf&returntoquery=oldid=8865&printable=yes HTTP/1.1" 404 - "-" "Mozilla/5.0 (compatible; MJ12bot/v1.4.8; http://mj12bot.com/)"
185.191.171.43 - - [19/Oct/2020:11:53:14 -0700] "GET /index.php?returnto=Special%3APrefixIndex%2FTalk%3ACompare%2Band%2Bcontrast%2Bbasic%2Bconcepts%2Bof%2Bcryptography.%2F&title=Special%3AUserLogin HTTP/1.1" 404 - "-" "Mozilla/5.0 (compatible; SemrushBot/6~bl; +http://www.semrush.com/bot.html)"
144.76.38.40 - - [19/Oct/2020:11:53:16 -0700] "GET /index.php?title=Special:UserLogin&returnto=File:Apple%20Fixes%20%E2%80%98AirDoS%E2%80%99%20Bug%20That%20Cripples%20Nearby%20iPhones,%20iPads%20Threatpost.pdf&returntoquery=oldid=8866 HTTP/1.1" 404 - "-" "Mozilla/5.0 (compatible; MJ12bot/v1.4.8; http://mj12bot.com/)"
144.76.38.40 - - [19/Oct/2020:11:53:18 -0700] "GET /index.php?title=Special:UserLogin&returnto=File:Apple%20Fixes%20%E2%80%98AirDoS%E2%80%99%20Bug%20That%20Cripples%20Nearby%20iPhones,%20iPads%20Threatpost.pdf&returntoquery=oldid=8866%26printable=yes HTTP/1.1" 404 - "-" "Mozilla/5.0 (compatible; MJ12bot/v1.4.8; http://mj12bot.com/)"
5.189.133.135 - - [19/Oct/2020:11:53:20 -0700] "GET /index.php?title=Special:UserLogin&returnto=Special:WhatLinksHere/PCI-DSS-11.3.2&returntoquery=limit=500&printable=yes HTTP/1.1" 404 - "-" "Mozilla/5.0 (compatible; MJ12bot/v1.4.8; http://mj12bot.com/)"
144.76.38.40 - - [19/Oct/2020:11:53:21 -0700] "GET /index.php?title=Special:UserLogin&returnto=File:Apple%20Fixes%20%E2%80%98AirDoS%E2%80%99%20Bug%20That%20Cripples%20Nearby%20iPhones,%20iPads%20Threatpost.pdf&returntoquery=oldid=8866%26printable=yes&printable=yes HTTP/1.1" 404 - "-" "Mozilla/5.0 (compatible; MJ12bot/v1.4.8; http://mj12bot.com/)"
185.191.171.13 - - [19/Oct/2020:11:53:22 -0700] "GET /index.php?returnto=Special%3ASearch&returntoquery=search%3DEnvironmental&title=Special%3ACreateAccount HTTP/1.1" 404 - "-" "Mozilla/5.0 (compatible; SemrushBot/6~bl; +http://www.semrush.com/bot.html)"
5.9.158.195 - - [19/Oct/2020:11:53:23 -0700] "GET /index.php?title=Special:UserLogin&returnto=File:Apple%20Fixes%20%E2%80%98AirDoS%E2%80%99%20Bug%20That%20Cripples%20Nearby%20iPhones,%20iPads%20Threatpost.pdf&returntoquery=diff=cur%26oldid=8856 HTTP/1.1" 404 - "-" "Mozilla/5.0 (compatible; MJ12bot/v1.4.8; http://mj12bot.com/)"
144.76.38.40 - - [19/Oct/2020:11:53:23 -0700] "GET /index.php?title=Special:UserLogin&returnto=File:Apple%20Fixes%20%E2%80%98AirDoS%E2%80%99%20Bug%20That%20Cripples%20Nearby%20iPhones,%20iPads%20Threatpost.pdf&returntoquery=oldid=8866&printable=yes HTTP/1.1" 404 - "-" "Mozilla/5.0 (compatible; MJ12bot/v1.4.8; http://mj12bot.com/)"
144.76.38.40 - - [19/Oct/2020:11:53:25 -0700] "GET /index.php?title=Special:UserLogin&returnto=File:Apple%20Fixes%20%E2%80%98AirDoS%E2%80%99%20Bug%20That%20Cripples%20Nearby%20iPhones,%20iPads%20Threatpost.pdf&returntoquery=action=edit HTTP/1.1" 404 - "-" "Mozilla/5.0 (compatible; MJ12bot/v1.4.8; http://mj12bot.com/)"
144.76.38.40 - - [19/Oct/2020:11:53:27 -0700] "GET /index.php?title=Special:UserLogin&returnto=File:Apple%20Fixes%20%E2%80%98AirDoS%E2%80%99%20Bug%20That%20Cripples%20Nearby%20iPhones,%20iPads%20Threatpost.pdf&returntoquery=action=edit%26oldid=8856 HTTP/1.1" 404 - "-" "Mozilla/5.0 (compatible; MJ12bot/v1.4.8; http://mj12bot.com/)"
144.76.38.40 - - [19/Oct/2020:11:53:28 -0700] "GET /index.php?title=Special:UserLogin&returnto=File:Apple%20Fixes%20%E2%80%98AirDoS%E2%80%99%20Bug%20That%20Cripples%20Nearby%20iPhones,%20iPads%20Threatpost.pdf&returntoquery=action=edit%26oldid=8856&printable=yes HTTP/1.1" 404 - "-" "Mozilla/5.0 (compatible; MJ12bot/v1.4.8; http://mj12bot.com/)"
5.9.158.195 - - [19/Oct/2020:11:53:29 -0700] "GET /index.php?title=Special:UserLogin&returnto=File:Apple%20Fixes%20%E2%80%98AirDoS%E2%80%99%20Bug%20That%20Cripples%20Nearby%20iPhones,%20iPads%20Threatpost.pdf&returntoquery=diff=cur%26oldid=8856%26printable=yes HTTP/1.1" 404 - "-" "Mozilla/5.0 (compatible; MJ12bot/v1.4.8; http://mj12bot.com/)"
144.76.38.40 - - [19/Oct/2020:11:53:30 -0700] "GET /index.php?title=Special:UserLogin&returnto=File:Apple%20Fixes%20%E2%80%98AirDoS%E2%80%99%20Bug%20That%20Cripples%20Nearby%20iPhones,%20iPads%20Threatpost.pdf&returntoquery=action=edit%26oldid=8864 HTTP/1.1" 404 - "-" "Mozilla/5.0 (compatible; MJ12bot/v1.4.8; http://mj12bot.com/)"
144.76.38.40 - - [19/Oct/2020:11:53:32 -0700] "GET /index.php?title=Special:UserLogin&returnto=File:Apple%20Fixes%20%E2%80%98AirDoS%E2%80%99%20Bug%20That%20Cripples%20Nearby%20iPhones,%20iPads%20Threatpost.pdf&returntoquery=action=edit%26oldid=8864&printable=yes HTTP/1.1" 404 - "-" "Mozilla/5.0 (compatible; MJ12bot/v1.4.8; http://mj12bot.com/)"
144.76.38.40 - - [19/Oct/2020:11:53:34 -0700] "GET /index.php?title=Special:UserLogin&returnto=File:Apple%20Fixes%20%E2%80%98AirDoS%E2%80%99%20Bug%20That%20Cripples%20Nearby%20iPhones,%20iPads%20Threatpost.pdf&returntoquery=action=edit%26oldid=8865 HTTP/1.1" 404 - "-" "Mozilla/5.0 (compatible; MJ12bot/v1.4.8; http://mj12bot.com/)"
144.76.38.40 - - [19/Oct/2020:11:53:36 -0700] "GET /index.php?title=Special:UserLogin&returnto=File:Apple%20Fixes%20%E2%80%98AirDoS%E2%80%99%20Bug%20That%20Cripples%20Nearby%20iPhones,%20iPads%20Threatpost.pdf&returntoquery=action=edit%26oldid=8865&printable=yes HTTP/1.1" 404 - "-" "Mozilla/5.0 (compatible; MJ12bot/v1.4.8; http://mj12bot.com/)"
5.9.158.195 - - [19/Oct/2020:11:53:37 -0700] "GET /index.php?title=Special:UserLogin&returnto=File:Apple%20Fixes%20%E2%80%98AirDoS%E2%80%99%20Bug%20That%20Cripples%20Nearby%20iPhones,%20iPads%20Threatpost.pdf&returntoquery=diff=cur%26oldid=8856%26printable=yes&printable=yes HTTP/1.1" 404 - "-" "Mozilla/5.0 (compatible; MJ12bot/v1.4.8; http://mj12bot.com/)"
144.76.38.40 - - [19/Oct/2020:11:53:37 -0700] "GET /index.php?title=Special:UserLogin&returnto=File:Apple%20Fixes%20%E2%80%98AirDoS%E2%80%99%20Bug%20That%20Cripples%20Nearby%20iPhones,%20iPads%20Threatpost.pdf&returntoquery=action=edit&printable=yes HTTP/1.1" 404 - "-" "Mozilla/5.0 (compatible; MJ12bot/v1.4.8; http://mj12bot.com/)"
5.189.133.135 - - [19/Oct/2020:11:53:38 -0700] "GET /index.php?title=Special:UserLogin&returnto=Special:WhatLinksHere/PCI-DSS-11.3.2&returntoquery=printable=yes&printable=yes HTTP/1.1" 404 - "-" "Mozilla/5.0 (compatible; MJ12bot/v1.4.8; http://mj12bot.com/)"
144.76.38.40 - - [19/Oct/2020:11:53:39 -0700] "GET /index.php?title=Special:UserLogin&returnto=File:Apple%20Fixes%20%E2%80%98AirDoS%E2%80%99%20Bug%20That%20Cripples%20Nearby%20iPhones,%20iPads%20Threatpost.pdf&returntoquery=action=history HTTP/1.1" 404 - "-" "Mozilla/5.0 (compatible; MJ12bot/v1.4.8; http://mj12bot.com/)"
144.76.38.40 - - [19/Oct/2020:11:53:41 -0700] "GET /index.php?title=Special:UserLogin&returnto=File:Apple%20Fixes%20%E2%80%98AirDoS%E2%80%99%20Bug%20That%20Cripples%20Nearby%20iPhones,%20iPads%20Threatpost.pdf&returntoquery=action=history&printable=yes HTTP/1.1" 404 - "-" "Mozilla/5.0 (compatible; MJ12bot/v1.4.8; http://mj12bot.com/)"
144.76.38.40 - - [19/Oct/2020:11:53:43 -0700] "GET /index.php?title=Special:UserLogin&returnto=File:Apple%20Fixes%20%E2%80%98AirDoS%E2%80%99%20Bug%20That%20Cripples%20Nearby%20iPhones,%20iPads%20Threatpost.pdf&returntoquery=action=info HTTP/1.1" 404 - "-" "Mozilla/5.0 (compatible; MJ12bot/v1.4.8; http://mj12bot.com/)"
174.7.115.156 - - [19/Oct/2020:11:53:46 -0700] "GET /phpmyadmin HTTP/1.1" 403 1220 "-" "Mozilla/5.0 (Windows NT 10.0; Win64; x64) AppleWebKit/537.36 (KHTML, like Gecko) Chrome/86.0.4240.75 Safari/537.36"
144.76.38.40 - - [19/Oct/2020:11:53:47 -0700] "GET /index.php?title=Special:UserLogin&returnto=File:Apple%20Fixes%20%E2%80%98AirDoS%E2%80%99%20Bug%20That%20Cripples%20Nearby%20iPhones,%20iPads%20Threatpost.pdf&returntoquery=action=info&printable=yes HTTP/1.1" 404 - "-" "Mozilla/5.0 (compatible; MJ12bot/v1.4.8; http://mj12bot.com/)"
144.76.38.40 - - [19/Oct/2020:11:53:52 -0700] "GET /index.php?title=Special:UserLogin&returnto=File:Apple%20Fixes%20%E2%80%98AirDoS%E2%80%99%20Bug%20That%20Cripples%20Nearby%20iPhones,%20iPads%20Threatpost.pdf&returntoquery=diff=8856%26oldid=8850 HTTP/1.1" 404 - "-" "Mozilla/5.0 (compatible; MJ12bot/v1.4.8; http://mj12bot.com/)"
5.9.158.195 - - [19/Oct/2020:11:53:52 -0700] "GET /index.php?title=Special:UserLogin&returnto=File:Apple%20Fixes%20%E2%80%98AirDoS%E2%80%99%20Bug%20That%20Cripples%20Nearby%20iPhones,%20iPads%20Threatpost.pdf&returntoquery=diff=cur%26oldid=8856&printable=yes HTTP/1.1" 404 - "-" "Mozilla/5.0 (compatible; MJ12bot/v1.4.8; http://mj12bot.com/)"
144.76.38.40 - - [19/Oct/2020:11:53:54 -0700] "GET /index.php?title=Special:UserLogin&returnto=File:Apple%20Fixes%20%E2%80%98AirDoS%E2%80%99%20Bug%20That%20Cripples%20Nearby%20iPhones,%20iPads%20Threatpost.pdf&returntoquery=diff=8856%26oldid=8850%26printable=yes HTTP/1.1" 404 - "-" "Mozilla/5.0 (compatible; MJ12bot/v1.4.8; http://mj12bot.com/)"
174.7.115.156 - - [19/Oct/2020:11:53:56 -0700] "GET /phpmyadmin HTTP/1.1" 301 348 "-" "Mozilla/5.0 (Windows NT 10.0; Win64; x64) AppleWebKit/537.36 (KHTML, like Gecko) Chrome/86.0.4240.75 Safari/537.36"
144.76.38.40 - - [19/Oct/2020:11:53:58 -0700] "GET /index.php?title=Special:UserLogin&returnto=File:Apple%20Fixes%20%E2%80%98AirDoS%E2%80%99%20Bug%20That%20Cripples%20Nearby%20iPhones,%20iPads%20Threatpost.pdf&returntoquery=diff=8856%26oldid=8850%26printable=yes&printable=yes HTTP/1.1" 404 - "-" "Mozilla/5.0 (compatible; MJ12bot/v1.4.8; http://mj12bot.com/)"
174.7.115.156 - - [19/Oct/2020:11:53:56 -0700] "GET /phpmyadmin/ HTTP/1.1" 200 14316 "-" "Mozilla/5.0 (Windows NT 10.0; Win64; x64) AppleWebKit/537.36 (KHTML, like Gecko) Chrome/86.0.4240.75 Safari/537.36"
174.7.115.156 - - [19/Oct/2020:11:53:59 -0700] "GET /phpmyadmin/themes/pmahomme/jquery/jquery-ui.css HTTP/1.1" 200 37878 "-" "Mozilla/5.0 (Windows NT 10.0; Win64; x64) AppleWebKit/537.36 (KHTML, like Gecko) Chrome/86.0.4240.75 Safari/537.36"
174.7.115.156 - - [19/Oct/2020:11:53:59 -0700] "GET /phpmyadmin/js/vendor/codemirror/lib/codemirror.css?v=4.9.1 HTTP/1.1" 200 9054 "-" "Mozilla/5.0 (Windows NT 10.0; Win64; x64) AppleWebKit/537.36 (KHTML, like Gecko) Chrome/86.0.4240.75 Safari/537.36"
174.7.115.156 - - [19/Oct/2020:11:53:59 -0700] "GET /phpmyadmin/js/vendor/codemirror/addon/hint/show-hint.css?v=4.9.1 HTTP/1.1" 200 659 "-" "Mozilla/5.0 (Windows NT 10.0; Win64; x64) AppleWebKit/537.36 (KHTML, like Gecko) Chrome/86.0.4240.75 Safari/537.36"
174.7.115.156 - - [19/Oct/2020:11:53:59 -0700] "GET /phpmyadmin/js/vendor/codemirror/addon/lint/lint.css?v=4.9.1 HTTP/1.1" 200 3072 "-" "Mozilla/5.0 (Windows NT 10.0; Win64; x64) AppleWebKit/537.36 (KHTML, like Gecko) Chrome/86.0.4240.75 Safari/537.36"
174.7.115.156 - - [19/Oct/2020:11:53:59 -0700] "GET /phpmyadmin/js/vendor/jquery/jquery.min.js?v=4.9.1 HTTP/1.1" 200 88147 "-" "Mozilla/5.0 (Windows NT 10.0; Win64; x64) AppleWebKit/537.36 (KHTML, like Gecko) Chrome/86.0.4240.75 Safari/537.36"
174.7.115.156 - - [19/Oct/2020:11:54:00 -0700] "GET /phpmyadmin/js/vendor/jquery/jquery-migrate.js?v=4.9.1 HTTP/1.1" 200 19751 "-" "Mozilla/5.0 (Windows NT 10.0; Win64; x64) AppleWebKit/537.36 (KHTML, like Gecko) Chrome/86.0.4240.75 Safari/537.36"
174.7.115.156 - - [19/Oct/2020:11:54:00 -0700] "GET /phpmyadmin/js/vendor/sprintf.js?v=4.9.1 HTTP/1.1" 200 7598 "-" "Mozilla/5.0 (Windows NT 10.0; Win64; x64) AppleWebKit/537.36 (KHTML, like Gecko) Chrome/86.0.4240.75 Safari/537.36"
174.7.115.156 - - [19/Oct/2020:11:54:00 -0700] "GET /phpmyadmin/js/ajax.js?v=4.9.1 HTTP/1.1" 200 32080 "-" "Mozilla/5.0 (Windows NT 10.0; Win64; x64) AppleWebKit/537.36 (KHTML, like Gecko) Chrome/86.0.4240.75 Safari/537.36"
174.7.115.156 - - [19/Oct/2020:11:53:59 -0700] "GET /phpmyadmin/phpmyadmin.css.php?nocache=6412434365ltr&server=1 HTTP/1.1" 200 21037 "-" "Mozilla/5.0 (Windows NT 10.0; Win64; x64) AppleWebKit/537.36 (KHTML, like Gecko) Chrome/86.0.4240.75 Safari/537.36"
174.7.115.156 - - [19/Oct/2020:11:54:00 -0700] "GET /phpmyadmin/js/keyhandler.js?v=4.9.1 HTTP/1.1" 200 3473 "-" "Mozilla/5.0 (Windows NT 10.0; Win64; x64) AppleWebKit/537.36 (KHTML, like Gecko) Chrome/86.0.4240.75 Safari/537.36"
174.7.115.156 - - [19/Oct/2020:11:54:00 -0700] "GET /phpmyadmin/js/whitelist.php?v=4.9.1&lang=en HTTP/1.1" 200 491 "-" "Mozilla/5.0 (Windows NT 10.0; Win64; x64) AppleWebKit/537.36 (KHTML, like Gecko) Chrome/86.0.4240.75 Safari/537.36"
174.7.115.156 - - [19/Oct/2020:11:54:00 -0700] "GET /phpmyadmin/js/vendor/js.cookie.js?v=4.9.1 HTTP/1.1" 200 4046 "-" "Mozilla/5.0 (Windows NT 10.0; Win64; x64) AppleWebKit/537.36 (KHTML, like Gecko) Chrome/86.0.4240.75 Safari/537.36"
174.7.115.156 - - [19/Oct/2020:11:54:00 -0700] "GET /phpmyadmin/js/vendor/jquery/jquery.mousewheel.js?v=4.9.1 HTTP/1.1" 200 8488 "-" "Mozilla/5.0 (Windows NT 10.0; Win64; x64) AppleWebKit/537.36 (KHTML, like Gecko) Chrome/86.0.4240.75 Safari/537.36"
174.7.115.156 - - [19/Oct/2020:11:54:00 -0700] "GET /phpmyadmin/js/vendor/jquery/jquery-ui.min.js?v=4.9.1 HTTP/1.1" 200 253694 "-" "Mozilla/5.0 (Windows NT 10.0; Win64; x64) AppleWebKit/537.36 (KHTML, like Gecko) Chrome/86.0.4240.75 Safari/537.36"
174.7.115.156 - - [19/Oct/2020:11:54:00 -0700] "GET /phpmyadmin/js/vendor/jquery/jquery.event.drag-2.2.js?v=4.9.1 HTTP/1.1" 200 13227 "-" "Mozilla/5.0 (Windows NT 10.0; Win64; x64) AppleWebKit/537.36 (KHTML, like Gecko) Chrome/86.0.4240.75 Safari/537.36"
174.7.115.156 - - [19/Oct/2020:11:54:00 -0700] "GET /phpmyadmin/js/vendor/jquery/jquery.validate.js?v=4.9.1 HTTP/1.1" 200 52319 "-" "Mozilla/5.0 (Windows NT 10.0; Win64; x64) AppleWebKit/537.36 (KHTML, like Gecko) Chrome/86.0.4240.75 Safari/537.36"
174.7.115.156 - - [19/Oct/2020:11:54:00 -0700] "GET /phpmyadmin/js/vendor/jquery/jquery-ui-timepicker-addon.js?v=4.9.1 HTTP/1.1" 200 80766 "-" "Mozilla/5.0 (Windows NT 10.0; Win64; x64) AppleWebKit/537.36 (KHTML, like Gecko) Chrome/86.0.4240.75 Safari/537.36"
174.7.115.156 - - [19/Oct/2020:11:54:00 -0700] "GET /phpmyadmin/js/cross_framing_protection.js?v=4.9.1 HTTP/1.1" 200 485 "-" "Mozilla/5.0 (Windows NT 10.0; Win64; x64) AppleWebKit/537.36 (KHTML, like Gecko) Chrome/86.0.4240.75 Safari/537.36"
174.7.115.156 - - [19/Oct/2020:11:54:00 -0700] "GET /phpmyadmin/js/vendor/jquery/jquery.ba-hashchange-1.3.js?v=4.9.1 HTTP/1.1" 200 16912 "-" "Mozilla/5.0 (Windows NT 10.0; Win64; x64) AppleWebKit/537.36 (KHTML, like Gecko) Chrome/86.0.4240.75 Safari/537.36"
174.7.115.156 - - [19/Oct/2020:11:54:00 -0700] "GET /phpmyadmin/js/vendor/jquery/jquery.debounce-1.0.5.js?v=4.9.1 HTTP/1.1" 200 1239 "-" "Mozilla/5.0 (Windows NT 10.0; Win64; x64) AppleWebKit/537.36 (KHTML, like Gecko) Chrome/86.0.4240.75 Safari/537.36"
174.7.115.156 - - [19/Oct/2020:11:54:00 -0700] "GET /phpmyadmin/js/menu-resizer.js?v=4.9.1 HTTP/1.1" 200 8540 "-" "Mozilla/5.0 (Windows NT 10.0; Win64; x64) AppleWebKit/537.36 (KHTML, like Gecko) Chrome/86.0.4240.75 Safari/537.36"
174.7.115.156 - - [19/Oct/2020:11:54:00 -0700] "GET /phpmyadmin/js/vendor/tracekit.js?v=4.9.1 HTTP/1.1" 200 46666 "-" "Mozilla/5.0 (Windows NT 10.0; Win64; x64) AppleWebKit/537.36 (KHTML, like Gecko) Chrome/86.0.4240.75 Safari/537.36"
174.7.115.156 - - [19/Oct/2020:11:54:00 -0700] "GET /phpmyadmin/js/rte.js?v=4.9.1 HTTP/1.1" 200 48763 "-" "Mozilla/5.0 (Windows NT 10.0; Win64; x64) AppleWebKit/537.36 (KHTML, like Gecko) Chrome/86.0.4240.75 Safari/537.36"
174.7.115.156 - - [19/Oct/2020:11:54:00 -0700] "GET /phpmyadmin/js/error_report.js?v=4.9.1 HTTP/1.1" 200 11163 "-" "Mozilla/5.0 (Windows NT 10.0; Win64; x64) AppleWebKit/537.36 (KHTML, like Gecko) Chrome/86.0.4240.75 Safari/537.36"
174.7.115.156 - - [19/Oct/2020:11:54:00 -0700] "GET /phpmyadmin/js/messages.php?l=en&v=4.9.1&lang=en HTTP/1.1" 200 8884 "-" "Mozilla/5.0 (Windows NT 10.0; Win64; x64) AppleWebKit/537.36 (KHTML, like Gecko) Chrome/86.0.4240.75 Safari/537.36"
144.76.38.40 - - [19/Oct/2020:11:54:00 -0700] "GET /index.php?title=Special:UserLogin&returnto=File:Apple%20Fixes%20%E2%80%98AirDoS%E2%80%99%20Bug%20That%20Cripples%20Nearby%20iPhones,%20iPads%20Threatpost.pdf&returntoquery=diff=8856%26oldid=8850&printable=yes HTTP/1.1" 404 - "-" "Mozilla/5.0 (compatible; MJ12bot/v1.4.8; http://mj12bot.com/)"
174.7.115.156 - - [19/Oct/2020:11:54:00 -0700] "GET /phpmyadmin/js/navigation.js?v=4.9.1 HTTP/1.1" 200 61673 "-" "Mozilla/5.0 (Windows NT 10.0; Win64; x64) AppleWebKit/537.36 (KHTML, like Gecko) Chrome/86.0.4240.75 Safari/537.36"
174.7.115.156 - - [19/Oct/2020:11:54:00 -0700] "GET /phpmyadmin/js/functions.js?v=4.9.1 HTTP/1.1" 200 180351 "-" "Mozilla/5.0 (Windows NT 10.0; Win64; x64) AppleWebKit/537.36 (KHTML, like Gecko) Chrome/86.0.4240.75 Safari/537.36"
174.7.115.156 - - [19/Oct/2020:11:54:00 -0700] "GET /phpmyadmin/js/indexes.js?v=4.9.1 HTTP/1.1" 200 28415 "-" "Mozilla/5.0 (Windows NT 10.0; Win64; x64) AppleWebKit/537.36 (KHTML, like Gecko) Chrome/86.0.4240.75 Safari/537.36"
174.7.115.156 - - [19/Oct/2020:11:54:00 -0700] "GET /phpmyadmin/js/config.js?v=4.9.1 HTTP/1.1" 200 28412 "-" "Mozilla/5.0 (Windows NT 10.0; Win64; x64) AppleWebKit/537.36 (KHTML, like Gecko) Chrome/86.0.4240.75 Safari/537.36"
174.7.115.156 - - [19/Oct/2020:11:54:00 -0700] "GET /phpmyadmin/js/common.js?v=4.9.1 HTTP/1.1" 200 19746 "-" "Mozilla/5.0 (Windows NT 10.0; Win64; x64) AppleWebKit/537.36 (KHTML, like Gecko) Chrome/86.0.4240.75 Safari/537.36"
174.7.115.156 - - [19/Oct/2020:11:54:00 -0700] "GET /phpmyadmin/js/doclinks.js?v=4.9.1 HTTP/1.1" 200 21008 "-" "Mozilla/5.0 (Windows NT 10.0; Win64; x64) AppleWebKit/537.36 (KHTML, like Gecko) Chrome/86.0.4240.75 Safari/537.36"
174.7.115.156 - - [19/Oct/2020:11:54:01 -0700] "GET /phpmyadmin/js/page_settings.js?v=4.9.1 HTTP/1.1" 200 1808 "-" "Mozilla/5.0 (Windows NT 10.0; Win64; x64) AppleWebKit/537.36 (KHTML, like Gecko) Chrome/86.0.4240.75 Safari/537.36"
174.7.115.156 - - [19/Oct/2020:11:54:01 -0700] "GET /phpmyadmin/js/vendor/codemirror/addon/hint/show-hint.js?v=4.9.1 HTTP/1.1" 200 17838 "-" "Mozilla/5.0 (Windows NT 10.0; Win64; x64) AppleWebKit/537.36 (KHTML, like Gecko) Chrome/86.0.4240.75 Safari/537.36"
174.7.115.156 - - [19/Oct/2020:11:54:01 -0700] "GET /phpmyadmin/js/vendor/codemirror/mode/sql/sql.js?v=4.9.1 HTTP/1.1" 200 47945 "-" "Mozilla/5.0 (Windows NT 10.0; Win64; x64) AppleWebKit/537.36 (KHTML, like Gecko) Chrome/86.0.4240.75 Safari/537.36"
174.7.115.156 - - [19/Oct/2020:11:54:01 -0700] "GET /phpmyadmin/js/vendor/codemirror/addon/runmode/runmode.js?v=4.9.1 HTTP/1.1" 200 2572 "-" "Mozilla/5.0 (Windows NT 10.0; Win64; x64) AppleWebKit/537.36 (KHTML, like Gecko) Chrome/86.0.4240.75 Safari/537.36"
174.7.115.156 - - [19/Oct/2020:11:54:01 -0700] "GET /phpmyadmin/js/shortcuts_handler.js?v=4.9.1 HTTP/1.1" 200 3365 "-" "Mozilla/5.0 (Windows NT 10.0; Win64; x64) AppleWebKit/537.36 (KHTML, like Gecko) Chrome/86.0.4240.75 Safari/537.36"
174.7.115.156 - - [19/Oct/2020:11:54:01 -0700] "GET /phpmyadmin/js/vendor/codemirror/lib/codemirror.js?v=4.9.1 HTTP/1.1" 200 405425 "-" "Mozilla/5.0 (Windows NT 10.0; Win64; x64) AppleWebKit/537.36 (KHTML, like Gecko) Chrome/86.0.4240.75 Safari/537.36"
174.7.115.156 - - [19/Oct/2020:11:54:01 -0700] "GET /phpmyadmin/js/vendor/codemirror/addon/hint/sql-hint.js?v=4.9.1 HTTP/1.1" 200 9903 "-" "Mozilla/5.0 (Windows NT 10.0; Win64; x64) AppleWebKit/537.36 (KHTML, like Gecko) Chrome/86.0.4240.75 Safari/537.36"
174.7.115.156 - - [19/Oct/2020:11:54:01 -0700] "GET /phpmyadmin/js/codemirror/addon/lint/sql-lint.js?v=4.9.1 HTTP/1.1" 200 1086 "-" "Mozilla/5.0 (Windows NT 10.0; Win64; x64) AppleWebKit/537.36 (KHTML, like Gecko) Chrome/86.0.4240.75 Safari/537.36"
174.7.115.156 - - [19/Oct/2020:11:54:01 -0700] "GET /phpmyadmin/js/vendor/codemirror/addon/lint/lint.js?v=4.9.1 HTTP/1.1" 200 8862 "-" "Mozilla/5.0 (Windows NT 10.0; Win64; x64) AppleWebKit/537.36 (KHTML, like Gecko) Chrome/86.0.4240.75 Safari/537.36"
174.7.115.156 - - [19/Oct/2020:11:54:01 -0700] "GET /phpmyadmin/js/console.js?v=4.9.1 HTTP/1.1" 200 58775 "-" "Mozilla/5.0 (Windows NT 10.0; Win64; x64) AppleWebKit/537.36 (KHTML, like Gecko) Chrome/86.0.4240.75 Safari/537.36"
174.7.115.156 - - [19/Oct/2020:11:54:01 -0700] "GET /phpmyadmin/themes/pmahomme/img/logo_left.png HTTP/1.1" 200 2713 "-" "Mozilla/5.0 (Windows NT 10.0; Win64; x64) AppleWebKit/537.36 (KHTML, like Gecko) Chrome/86.0.4240.75 Safari/537.36"
174.7.115.156 - - [19/Oct/2020:11:54:01 -0700] "GET /phpmyadmin/themes/dot.gif HTTP/1.1" 200 43 "-" "Mozilla/5.0 (Windows NT 10.0; Win64; x64) AppleWebKit/537.36 (KHTML, like Gecko) Chrome/86.0.4240.75 Safari/537.36"
174.7.115.156 - - [19/Oct/2020:11:54:01 -0700] "GET /phpmyadmin/themes/pmahomme/css/printview.css?v=4.9.1 HTTP/1.1" 200 2915 "-" "Mozilla/5.0 (Windows NT 10.0; Win64; x64) AppleWebKit/537.36 (KHTML, like Gecko) Chrome/86.0.4240.75 Safari/537.36"
174.7.115.156 - - [19/Oct/2020:11:54:01 -0700] "GET /phpmyadmin/themes/pmahomme/img/b_docs.png HTTP/1.1" 200 705 "http://stevenover.land/phpmyadmin/phpmyadmin.css.php?nocache=6412434365ltr&server=1" "Mozilla/5.0 (Windows NT 10.0; Win64; x64) AppleWebKit/537.36 (KHTML, like Gecko) Chrome/86.0.4240.75 Safari/537.36"
174.7.115.156 - - [19/Oct/2020:11:54:01 -0700] "GET /phpmyadmin/themes/pmahomme/img/left_nav_bg.png HTTP/1.1" 200 146 "http://stevenover.land/phpmyadmin/phpmyadmin.css.php?nocache=6412434365ltr&server=1" "Mozilla/5.0 (Windows NT 10.0; Win64; x64) AppleWebKit/537.36 (KHTML, like Gecko) Chrome/86.0.4240.75 Safari/537.36"
174.7.115.156 - - [19/Oct/2020:11:54:01 -0700] "GET /phpmyadmin/themes/pmahomme/img/b_home.png HTTP/1.1" 200 734 "http://stevenover.land/phpmyadmin/phpmyadmin.css.php?nocache=6412434365ltr&server=1" "Mozilla/5.0 (Windows NT 10.0; Win64; x64) AppleWebKit/537.36 (KHTML, like Gecko) Chrome/86.0.4240.75 Safari/537.36"
174.7.115.156 - - [19/Oct/2020:11:54:01 -0700] "GET /phpmyadmin/themes/pmahomme/img/s_loggoff.png HTTP/1.1" 200 626 "http://stevenover.land/phpmyadmin/phpmyadmin.css.php?nocache=6412434365ltr&server=1" "Mozilla/5.0 (Windows NT 10.0; Win64; x64) AppleWebKit/537.36 (KHTML, like Gecko) Chrome/86.0.4240.75 Safari/537.36"
174.7.115.156 - - [19/Oct/2020:11:54:01 -0700] "GET /phpmyadmin/themes/pmahomme/img/b_sqlhelp.png HTTP/1.1" 200 512 "http://stevenover.land/phpmyadmin/phpmyadmin.css.php?nocache=6412434365ltr&server=1" "Mozilla/5.0 (Windows NT 10.0; Win64; x64) AppleWebKit/537.36 (KHTML, like Gecko) Chrome/86.0.4240.75 Safari/537.36"
174.7.115.156 - - [19/Oct/2020:11:54:01 -0700] "GET /phpmyadmin/themes/pmahomme/img/b_plus.png HTTP/1.1" 200 143 "http://stevenover.land/phpmyadmin/phpmyadmin.css.php?nocache=6412434365ltr&server=1" "Mozilla/5.0 (Windows NT 10.0; Win64; x64) AppleWebKit/537.36 (KHTML, like Gecko) Chrome/86.0.4240.75 Safari/537.36"
174.7.115.156 - - [19/Oct/2020:11:54:01 -0700] "GET /phpmyadmin/themes/pmahomme/img/s_reload.png HTTP/1.1" 200 527 "http://stevenover.land/phpmyadmin/phpmyadmin.css.php?nocache=6412434365ltr&server=1" "Mozilla/5.0 (Windows NT 10.0; Win64; x64) AppleWebKit/537.36 (KHTML, like Gecko) Chrome/86.0.4240.75 Safari/537.36"
174.7.115.156 - - [19/Oct/2020:11:54:01 -0700] "GET /phpmyadmin/themes/pmahomme/img/b_newdb.png HTTP/1.1" 200 585 "http://stevenover.land/phpmyadmin/phpmyadmin.css.php?nocache=6412434365ltr&server=1" "Mozilla/5.0 (Windows NT 10.0; Win64; x64) AppleWebKit/537.36 (KHTML, like Gecko) Chrome/86.0.4240.75 Safari/537.36"
174.7.115.156 - - [19/Oct/2020:11:54:01 -0700] "GET /phpmyadmin/themes/pmahomme/img/s_link.png HTTP/1.1" 200 280 "http://stevenover.land/phpmyadmin/phpmyadmin.css.php?nocache=6412434365ltr&server=1" "Mozilla/5.0 (Windows NT 10.0; Win64; x64) AppleWebKit/537.36 (KHTML, like Gecko) Chrome/86.0.4240.75 Safari/537.36"
174.7.115.156 - - [19/Oct/2020:11:54:01 -0700] "GET /phpmyadmin/themes/pmahomme/img/s_db.png HTTP/1.1" 200 328 "http://stevenover.land/phpmyadmin/phpmyadmin.css.php?nocache=6412434365ltr&server=1" "Mozilla/5.0 (Windows NT 10.0; Win64; x64) AppleWebKit/537.36 (KHTML, like Gecko) Chrome/86.0.4240.75 Safari/537.36"
174.7.115.156 - - [19/Oct/2020:11:54:01 -0700] "GET /phpmyadmin/themes/pmahomme/img/s_cog.png HTTP/1.1" 200 442 "http://stevenover.land/phpmyadmin/phpmyadmin.css.php?nocache=6412434365ltr&server=1" "Mozilla/5.0 (Windows NT 10.0; Win64; x64) AppleWebKit/537.36 (KHTML, like Gecko) Chrome/86.0.4240.75 Safari/537.36"
174.7.115.156 - - [19/Oct/2020:11:54:01 -0700] "GET /phpmyadmin/themes/pmahomme/img/s_host.png HTTP/1.1" 200 591 "http://stevenover.land/phpmyadmin/phpmyadmin.css.php?nocache=6412434365ltr&server=1" "Mozilla/5.0 (Windows NT 10.0; Win64; x64) AppleWebKit/537.36 (KHTML, like Gecko) Chrome/86.0.4240.75 Safari/537.36"
