5.9.158.195 - - [19/Oct/2020:12:00:56 -0700] "GET /index.php?title=Special:UserLogin&returnto=File:Apple%20Fixes%20%E2%80%98AirDoS%E2%80%99%20Bug%20That%20Cripples%20Nearby%20iPhones,%20iPads%20Threatpost.pdf&returntoquery=diff=prev%26oldid=8864&printable=yes HTTP/1.1" 404 - "-" "Mozilla/5.0 (compatible; MJ12bot/v1.4.8; http://mj12bot.com/)"
5.9.158.195 - - [19/Oct/2020:12:01:00 -0700] "GET /index.php?title=Special:UserLogin&returnto=File:Apple%20Fixes%20%E2%80%98AirDoS%E2%80%99%20Bug%20That%20Cripples%20Nearby%20iPhones,%20iPads%20Threatpost.pdf&returntoquery=diff=prev%26oldid=8865 HTTP/1.1" 404 - "-" "Mozilla/5.0 (compatible; MJ12bot/v1.4.8; http://mj12bot.com/)"
185.191.171.10 - - [19/Oct/2020:12:01:05 -0700] "GET /index.php?printable=yes&returnto=Special%3AWhatLinksHere%2FAuthentication%2Bissues&title=Special%3ACreateAccount HTTP/1.1" 404 - "-" "Mozilla/5.0 (compatible; SemrushBot/6~bl; +http://www.semrush.com/bot.html)"
5.189.133.135 - - [19/Oct/2020:12:01:06 -0700] "GET /index.php?title=Special:UserLogin&returnto=Special:WhatLinksHere/PCI-DSS-11.3.3&returntoquery=limit=250%26hideredirs=1&printable=yes HTTP/1.1" 404 - "-" "Mozilla/5.0 (compatible; MJ12bot/v1.4.8; http://mj12bot.com/)"
5.9.158.195 - - [19/Oct/2020:12:01:08 -0700] "GET /index.php?title=Special:UserLogin&returnto=File:Apple%20Fixes%20%E2%80%98AirDoS%E2%80%99%20Bug%20That%20Cripples%20Nearby%20iPhones,%20iPads%20Threatpost.pdf&returntoquery=diff=prev%26oldid=8865%26printable=yes HTTP/1.1" 404 - "-" "Mozilla/5.0 (compatible; MJ12bot/v1.4.8; http://mj12bot.com/)"
5.9.158.195 - - [19/Oct/2020:12:01:12 -0700] "GET /index.php?title=Special:UserLogin&returnto=File:Apple%20Fixes%20%E2%80%98AirDoS%E2%80%99%20Bug%20That%20Cripples%20Nearby%20iPhones,%20iPads%20Threatpost.pdf&returntoquery=diff=prev%26oldid=8865%26printable=yes&printable=yes HTTP/1.1" 404 - "-" "Mozilla/5.0 (compatible; MJ12bot/v1.4.8; http://mj12bot.com/)"
5.189.133.135 - - [19/Oct/2020:12:01:16 -0700] "GET /index.php?title=Special:UserLogin&returnto=Special:WhatLinksHere/PCI-DSS-11.3.3&returntoquery=limit=250%26hidetrans=1&printable=yes HTTP/1.1" 404 - "-" "Mozilla/5.0 (compatible; MJ12bot/v1.4.8; http://mj12bot.com/)"
5.9.158.195 - - [19/Oct/2020:12:01:20 -0700] "GET /index.php?title=Special:UserLogin&returnto=File:Apple%20Fixes%20%E2%80%98AirDoS%E2%80%99%20Bug%20That%20Cripples%20Nearby%20iPhones,%20iPads%20Threatpost.pdf&returntoquery=diff=prev%26oldid=8865&printable=yes HTTP/1.1" 404 - "-" "Mozilla/5.0 (compatible; MJ12bot/v1.4.8; http://mj12bot.com/)"
185.191.171.45 - - [19/Oct/2020:12:01:22 -0700] "GET /index.php?printable=yes&returnto=Special%3AWhatLinksHere%2FCable%2Blocks&title=Special%3AUserLogin HTTP/1.1" 404 - "-" "Mozilla/5.0 (compatible; SemrushBot/6~bl; +http://www.semrush.com/bot.html)"
185.191.171.36 - - [19/Oct/2020:12:01:29 -0700] "GET /index.php?printable=yes&returnto=Special%3ARecentChanges&returntoquery=days%3D30%26from%3D20190928171752%26hidebots%3D0%26hideminor%3D1%26hidemyself%3D1&title=Special%3AUserLogin HTTP/1.1" 404 - "-" "Mozilla/5.0 (compatible; SemrushBot/6~bl; +http://www.semrush.com/bot.html)"
5.9.158.195 - - [19/Oct/2020:12:01:31 -0700] "GET /index.php?title=Special:UserLogin&returnto=File:Apple%20Fixes%20%E2%80%98AirDoS%E2%80%99%20Bug%20That%20Cripples%20Nearby%20iPhones,%20iPads%20Threatpost.pdf&returntoquery=diff=prev%26oldid=8866 HTTP/1.1" 404 - "-" "Mozilla/5.0 (compatible; MJ12bot/v1.4.8; http://mj12bot.com/)"
5.9.158.195 - - [19/Oct/2020:12:01:42 -0700] "GET /index.php?title=Special:UserLogin&returnto=File:Apple%20Fixes%20%E2%80%98AirDoS%E2%80%99%20Bug%20That%20Cripples%20Nearby%20iPhones,%20iPads%20Threatpost.pdf&returntoquery=diff=prev%26oldid=8866%26printable=yes HTTP/1.1" 404 - "-" "Mozilla/5.0 (compatible; MJ12bot/v1.4.8; http://mj12bot.com/)"
5.9.158.195 - - [19/Oct/2020:12:01:46 -0700] "GET /index.php?title=Special:UserLogin&returnto=File:Apple%20Fixes%20%E2%80%98AirDoS%E2%80%99%20Bug%20That%20Cripples%20Nearby%20iPhones,%20iPads%20Threatpost.pdf&returntoquery=diff=prev%26oldid=8866%26printable=yes&printable=yes HTTP/1.1" 404 - "-" "Mozilla/5.0 (compatible; MJ12bot/v1.4.8; http://mj12bot.com/)"
5.189.133.135 - - [19/Oct/2020:12:01:47 -0700] "GET /index.php?title=Special:UserLogin&returnto=Special:WhatLinksHere/PCI-DSS-11.3.3&returntoquery=limit=250%26printable=yes&printable=yes HTTP/1.1" 404 - "-" "Mozilla/5.0 (compatible; MJ12bot/v1.4.8; http://mj12bot.com/)"
5.9.158.195 - - [19/Oct/2020:12:01:56 -0700] "GET /index.php?title=Special:UserLogin&returnto=File:Apple%20Fixes%20%E2%80%98AirDoS%E2%80%99%20Bug%20That%20Cripples%20Nearby%20iPhones,%20iPads%20Threatpost.pdf&returntoquery=diff=prev%26oldid=8866&printable=yes HTTP/1.1" 404 - "-" "Mozilla/5.0 (compatible; MJ12bot/v1.4.8; http://mj12bot.com/)"
5.189.133.135 - - [19/Oct/2020:12:01:57 -0700] "GET /index.php?title=Special:UserLogin&returnto=Special:WhatLinksHere/PCI-DSS-11.3.3&returntoquery=limit=250&printable=yes HTTP/1.1" 404 - "-" "Mozilla/5.0 (compatible; MJ12bot/v1.4.8; http://mj12bot.com/)"
5.9.158.195 - - [19/Oct/2020:12:02:04 -0700] "GET /index.php?title=Special:UserLogin&returnto=File:Apple%20Fixes%20%E2%80%98AirDoS%E2%80%99%20Bug%20That%20Cripples%20Nearby%20iPhones,%20iPads%20Threatpost.pdf&returntoquery=direction=next%26oldid=8850 HTTP/1.1" 404 - "-" "Mozilla/5.0 (compatible; MJ12bot/v1.4.8; http://mj12bot.com/)"
185.191.171.12 - - [19/Oct/2020:12:02:13 -0700] "GET /index.php?returnto=Security%2B%2BIdentity%2Band%2BAccess%2BManagement&returntoquery=diff%3Dprev%26oldid%3D344&title=Special%3AUserLogin HTTP/1.1" 404 - "-" "Mozilla/5.0 (compatible; SemrushBot/6~bl; +http://www.semrush.com/bot.html)"
5.9.158.195 - - [19/Oct/2020:12:02:14 -0700] "GET /index.php?title=Special:UserLogin&returnto=File:Apple%20Fixes%20%E2%80%98AirDoS%E2%80%99%20Bug%20That%20Cripples%20Nearby%20iPhones,%20iPads%20Threatpost.pdf&returntoquery=direction=next%26oldid=8850%26printable=yes HTTP/1.1" 404 - "-" "Mozilla/5.0 (compatible; MJ12bot/v1.4.8; http://mj12bot.com/)"
185.191.171.12 - - [19/Oct/2020:12:02:22 -0700] "GET /index.php?returnto=Category%3AMalware&returntoquery=curid%3D36%26diff%3D297%26oldid%3D296&title=Special%3ACreateAccount HTTP/1.1" 404 - "-" "Mozilla/5.0 (compatible; SemrushBot/6~bl; +http://www.semrush.com/bot.html)"
5.9.158.195 - - [19/Oct/2020:12:02:22 -0700] "GET /index.php?title=Special:UserLogin&returnto=File:Apple%20Fixes%20%E2%80%98AirDoS%E2%80%99%20Bug%20That%20Cripples%20Nearby%20iPhones,%20iPads%20Threatpost.pdf&returntoquery=direction=next%26oldid=8850%26printable=yes&printable=yes HTTP/1.1" 404 - "-" "Mozilla/5.0 (compatible; MJ12bot/v1.4.8; http://mj12bot.com/)"
5.189.133.135 - - [19/Oct/2020:12:02:24 -0700] "GET /index.php?title=Special:UserLogin&returnto=Special:WhatLinksHere/PCI-DSS-11.3.3&returntoquery=limit=50%26printable=yes&printable=yes HTTP/1.1" 404 - "-" "Mozilla/5.0 (compatible; MJ12bot/v1.4.8; http://mj12bot.com/)"
5.9.158.195 - - [19/Oct/2020:12:02:27 -0700] "GET /index.php?title=Special:UserLogin&returnto=File:Apple%20Fixes%20%E2%80%98AirDoS%E2%80%99%20Bug%20That%20Cripples%20Nearby%20iPhones,%20iPads%20Threatpost.pdf&returntoquery=direction=next%26oldid=8850&printable=yes HTTP/1.1" 404 - "-" "Mozilla/5.0 (compatible; MJ12bot/v1.4.8; http://mj12bot.com/)"
5.9.158.195 - - [19/Oct/2020:12:02:32 -0700] "GET /index.php?title=Special:UserLogin&returnto=File:Apple%20Fixes%20%E2%80%98AirDoS%E2%80%99%20Bug%20That%20Cripples%20Nearby%20iPhones,%20iPads%20Threatpost.pdf&returntoquery=direction=next%26oldid=8856 HTTP/1.1" 404 - "-" "Mozilla/5.0 (compatible; MJ12bot/v1.4.8; http://mj12bot.com/)"
66.249.70.13 - - [19/Oct/2020:12:02:33 -0700] "GET /NIST_Cybersecurity_Framework HTTP/1.1" 404 - "-" "Mozilla/5.0 (Linux; Android 6.0.1; Nexus 5X Build/MMB29P) AppleWebKit/537.36 (KHTML, like Gecko) Chrome/86.0.4240.96 Mobile Safari/537.36 (compatible; Googlebot/2.1; +http://www.google.com/bot.html)"
5.9.158.195 - - [19/Oct/2020:12:02:37 -0700] "GET /index.php?title=Special:UserLogin&returnto=File:Apple%20Fixes%20%E2%80%98AirDoS%E2%80%99%20Bug%20That%20Cripples%20Nearby%20iPhones,%20iPads%20Threatpost.pdf&returntoquery=direction=next%26oldid=8856%26printable=yes HTTP/1.1" 404 - "-" "Mozilla/5.0 (compatible; MJ12bot/v1.4.8; http://mj12bot.com/)"
5.9.158.195 - - [19/Oct/2020:12:02:41 -0700] "GET /index.php?title=Special:UserLogin&returnto=File:Apple%20Fixes%20%E2%80%98AirDoS%E2%80%99%20Bug%20That%20Cripples%20Nearby%20iPhones,%20iPads%20Threatpost.pdf&returntoquery=direction=next%26oldid=8856%26printable=yes&printable=yes HTTP/1.1" 404 - "-" "Mozilla/5.0 (compatible; MJ12bot/v1.4.8; http://mj12bot.com/)"
5.189.133.135 - - [19/Oct/2020:12:02:42 -0700] "GET /index.php?title=Special:UserLogin&returnto=Special:WhatLinksHere/PCI-DSS-11.3.3&returntoquery=limit=50&printable=yes HTTP/1.1" 404 - "-" "Mozilla/5.0 (compatible; MJ12bot/v1.4.8; http://mj12bot.com/)"
5.9.158.195 - - [19/Oct/2020:12:02:48 -0700] "GET /index.php?title=Special:UserLogin&returnto=File:Apple%20Fixes%20%E2%80%98AirDoS%E2%80%99%20Bug%20That%20Cripples%20Nearby%20iPhones,%20iPads%20Threatpost.pdf&returntoquery=direction=next%26oldid=8856&printable=yes HTTP/1.1" 404 - "-" "Mozilla/5.0 (compatible; MJ12bot/v1.4.8; http://mj12bot.com/)"
5.9.158.195 - - [19/Oct/2020:12:02:51 -0700] "GET /index.php?title=Special:UserLogin&returnto=File:Apple%20Fixes%20%E2%80%98AirDoS%E2%80%99%20Bug%20That%20Cripples%20Nearby%20iPhones,%20iPads%20Threatpost.pdf&returntoquery=direction=prev%26oldid=8866 HTTP/1.1" 404 - "-" "Mozilla/5.0 (compatible; MJ12bot/v1.4.8; http://mj12bot.com/)"
185.191.171.33 - - [19/Oct/2020:12:02:52 -0700] "GET /index.php?diff=cur&oldid=5158&title=PCI-DSS-3.4 HTTP/1.1" 404 - "-" "Mozilla/5.0 (compatible; SemrushBot/6~bl; +http://www.semrush.com/bot.html)"
5.189.133.135 - - [19/Oct/2020:12:02:54 -0700] "GET /index.php?title=Special:UserLogin&returnto=Special:WhatLinksHere/PCI-DSS-11.3.3&returntoquery=limit=500%26hideredirs=1&printable=yes HTTP/1.1" 404 - "-" "Mozilla/5.0 (compatible; MJ12bot/v1.4.8; http://mj12bot.com/)"
5.9.158.195 - - [19/Oct/2020:12:02:57 -0700] "GET /index.php?title=Special:UserLogin&returnto=File:Apple%20Fixes%20%E2%80%98AirDoS%E2%80%99%20Bug%20That%20Cripples%20Nearby%20iPhones,%20iPads%20Threatpost.pdf&returntoquery=direction=prev%26oldid=8866%26printable=yes HTTP/1.1" 404 - "-" "Mozilla/5.0 (compatible; MJ12bot/v1.4.8; http://mj12bot.com/)"
185.191.171.2 - - [19/Oct/2020:12:03:07 -0700] "GET /index.php?action=edit&oldid=1839&title=ID.SC-1 HTTP/1.1" 404 - "-" "Mozilla/5.0 (compatible; SemrushBot/6~bl; +http://www.semrush.com/bot.html)"
5.189.133.135 - - [19/Oct/2020:12:03:17 -0700] "GET /index.php?title=Special:UserLogin&returnto=Special:WhatLinksHere/PCI-DSS-11.3.3&returntoquery=limit=500%26hidetrans=1&printable=yes HTTP/1.1" 404 - "-" "Mozilla/5.0 (compatible; MJ12bot/v1.4.8; http://mj12bot.com/)"
185.191.171.11 - - [19/Oct/2020:12:03:29 -0700] "GET /index.php?returnto=ID.AM-1&returntoquery=diff%3Dnext%26oldid%3D1192&title=Special%3AUserLogin HTTP/1.1" 404 - "-" "Mozilla/5.0 (compatible; SemrushBot/6~bl; +http://www.semrush.com/bot.html)"
174.7.115.156 - - [19/Oct/2020:12:03:34 -0700] "GET /phpmyadmin/ HTTP/1.1" 200 14254 "-" "Mozilla/5.0 (Windows NT 10.0; Win64; x64) AppleWebKit/537.36 (KHTML, like Gecko) Chrome/86.0.4240.75 Safari/537.36"
174.7.115.156 - - [19/Oct/2020:12:03:34 -0700] "GET /phpmyadmin/themes/pmahomme/jquery/jquery-ui.css HTTP/1.1" 304 - "-" "Mozilla/5.0 (Windows NT 10.0; Win64; x64) AppleWebKit/537.36 (KHTML, like Gecko) Chrome/86.0.4240.75 Safari/537.36"
174.7.115.156 - - [19/Oct/2020:12:03:35 -0700] "GET /phpmyadmin/js/vendor/codemirror/lib/codemirror.css?v=4.9.1 HTTP/1.1" 304 - "-" "Mozilla/5.0 (Windows NT 10.0; Win64; x64) AppleWebKit/537.36 (KHTML, like Gecko) Chrome/86.0.4240.75 Safari/537.36"
174.7.115.156 - - [19/Oct/2020:12:03:34 -0700] "GET /phpmyadmin/phpmyadmin.css.php?nocache=6412528472ltr&server=1 HTTP/1.1" 200 21037 "-" "Mozilla/5.0 (Windows NT 10.0; Win64; x64) AppleWebKit/537.36 (KHTML, like Gecko) Chrome/86.0.4240.75 Safari/537.36"
174.7.115.156 - - [19/Oct/2020:12:03:35 -0700] "GET /phpmyadmin/js/vendor/codemirror/addon/hint/show-hint.css?v=4.9.1 HTTP/1.1" 304 - "-" "Mozilla/5.0 (Windows NT 10.0; Win64; x64) AppleWebKit/537.36 (KHTML, like Gecko) Chrome/86.0.4240.75 Safari/537.36"
174.7.115.156 - - [19/Oct/2020:12:03:35 -0700] "GET /phpmyadmin/js/vendor/jquery/jquery.min.js?v=4.9.1 HTTP/1.1" 304 - "-" "Mozilla/5.0 (Windows NT 10.0; Win64; x64) AppleWebKit/537.36 (KHTML, like Gecko) Chrome/86.0.4240.75 Safari/537.36"
174.7.115.156 - - [19/Oct/2020:12:03:35 -0700] "GET /phpmyadmin/js/vendor/codemirror/addon/lint/lint.css?v=4.9.1 HTTP/1.1" 304 - "-" "Mozilla/5.0 (Windows NT 10.0; Win64; x64) AppleWebKit/537.36 (KHTML, like Gecko) Chrome/86.0.4240.75 Safari/537.36"
174.7.115.156 - - [19/Oct/2020:12:03:35 -0700] "GET /phpmyadmin/js/vendor/jquery/jquery-migrate.js?v=4.9.1 HTTP/1.1" 304 - "-" "Mozilla/5.0 (Windows NT 10.0; Win64; x64) AppleWebKit/537.36 (KHTML, like Gecko) Chrome/86.0.4240.75 Safari/537.36"
174.7.115.156 - - [19/Oct/2020:12:03:35 -0700] "GET /phpmyadmin/js/vendor/sprintf.js?v=4.9.1 HTTP/1.1" 304 - "-" "Mozilla/5.0 (Windows NT 10.0; Win64; x64) AppleWebKit/537.36 (KHTML, like Gecko) Chrome/86.0.4240.75 Safari/537.36"
174.7.115.156 - - [19/Oct/2020:12:03:35 -0700] "GET /phpmyadmin/js/ajax.js?v=4.9.1 HTTP/1.1" 304 - "-" "Mozilla/5.0 (Windows NT 10.0; Win64; x64) AppleWebKit/537.36 (KHTML, like Gecko) Chrome/86.0.4240.75 Safari/537.36"
174.7.115.156 - - [19/Oct/2020:12:03:35 -0700] "GET /phpmyadmin/js/whitelist.php?v=4.9.1 HTTP/1.1" 200 491 "-" "Mozilla/5.0 (Windows NT 10.0; Win64; x64) AppleWebKit/537.36 (KHTML, like Gecko) Chrome/86.0.4240.75 Safari/537.36"
174.7.115.156 - - [19/Oct/2020:12:03:35 -0700] "GET /phpmyadmin/js/vendor/js.cookie.js?v=4.9.1 HTTP/1.1" 304 - "-" "Mozilla/5.0 (Windows NT 10.0; Win64; x64) AppleWebKit/537.36 (KHTML, like Gecko) Chrome/86.0.4240.75 Safari/537.36"
174.7.115.156 - - [19/Oct/2020:12:03:35 -0700] "GET /phpmyadmin/js/keyhandler.js?v=4.9.1 HTTP/1.1" 304 - "-" "Mozilla/5.0 (Windows NT 10.0; Win64; x64) AppleWebKit/537.36 (KHTML, like Gecko) Chrome/86.0.4240.75 Safari/537.36"
174.7.115.156 - - [19/Oct/2020:12:03:35 -0700] "GET /phpmyadmin/js/vendor/jquery/jquery-ui.min.js?v=4.9.1 HTTP/1.1" 304 - "-" "Mozilla/5.0 (Windows NT 10.0; Win64; x64) AppleWebKit/537.36 (KHTML, like Gecko) Chrome/86.0.4240.75 Safari/537.36"
174.7.115.156 - - [19/Oct/2020:12:03:35 -0700] "GET /phpmyadmin/js/vendor/jquery/jquery.event.drag-2.2.js?v=4.9.1 HTTP/1.1" 304 - "-" "Mozilla/5.0 (Windows NT 10.0; Win64; x64) AppleWebKit/537.36 (KHTML, like Gecko) Chrome/86.0.4240.75 Safari/537.36"
174.7.115.156 - - [19/Oct/2020:12:03:35 -0700] "GET /phpmyadmin/js/vendor/jquery/jquery.mousewheel.js?v=4.9.1 HTTP/1.1" 304 - "-" "Mozilla/5.0 (Windows NT 10.0; Win64; x64) AppleWebKit/537.36 (KHTML, like Gecko) Chrome/86.0.4240.75 Safari/537.36"
174.7.115.156 - - [19/Oct/2020:12:03:35 -0700] "GET /phpmyadmin/js/vendor/jquery/jquery.validate.js?v=4.9.1 HTTP/1.1" 304 - "-" "Mozilla/5.0 (Windows NT 10.0; Win64; x64) AppleWebKit/537.36 (KHTML, like Gecko) Chrome/86.0.4240.75 Safari/537.36"
174.7.115.156 - - [19/Oct/2020:12:03:35 -0700] "GET /phpmyadmin/js/vendor/jquery/jquery.ba-hashchange-1.3.js?v=4.9.1 HTTP/1.1" 304 - "-" "Mozilla/5.0 (Windows NT 10.0; Win64; x64) AppleWebKit/537.36 (KHTML, like Gecko) Chrome/86.0.4240.75 Safari/537.36"
174.7.115.156 - - [19/Oct/2020:12:03:35 -0700] "GET /phpmyadmin/js/vendor/jquery/jquery-ui-timepicker-addon.js?v=4.9.1 HTTP/1.1" 304 - "-" "Mozilla/5.0 (Windows NT 10.0; Win64; x64) AppleWebKit/537.36 (KHTML, like Gecko) Chrome/86.0.4240.75 Safari/537.36"
174.7.115.156 - - [19/Oct/2020:12:03:35 -0700] "GET /phpmyadmin/js/messages.php?l=en&v=4.9.1 HTTP/1.1" 200 8884 "-" "Mozilla/5.0 (Windows NT 10.0; Win64; x64) AppleWebKit/537.36 (KHTML, like Gecko) Chrome/86.0.4240.75 Safari/537.36"
174.7.115.156 - - [19/Oct/2020:12:03:35 -0700] "GET /phpmyadmin/js/vendor/jquery/jquery.debounce-1.0.5.js?v=4.9.1 HTTP/1.1" 304 - "-" "Mozilla/5.0 (Windows NT 10.0; Win64; x64) AppleWebKit/537.36 (KHTML, like Gecko) Chrome/86.0.4240.75 Safari/537.36"
174.7.115.156 - - [19/Oct/2020:12:03:35 -0700] "GET /phpmyadmin/js/menu-resizer.js?v=4.9.1 HTTP/1.1" 304 - "-" "Mozilla/5.0 (Windows NT 10.0; Win64; x64) AppleWebKit/537.36 (KHTML, like Gecko) Chrome/86.0.4240.75 Safari/537.36"
174.7.115.156 - - [19/Oct/2020:12:03:35 -0700] "GET /phpmyadmin/js/cross_framing_protection.js?v=4.9.1 HTTP/1.1" 304 - "-" "Mozilla/5.0 (Windows NT 10.0; Win64; x64) AppleWebKit/537.36 (KHTML, like Gecko) Chrome/86.0.4240.75 Safari/537.36"
174.7.115.156 - - [19/Oct/2020:12:03:35 -0700] "GET /phpmyadmin/js/rte.js?v=4.9.1 HTTP/1.1" 304 - "-" "Mozilla/5.0 (Windows NT 10.0; Win64; x64) AppleWebKit/537.36 (KHTML, like Gecko) Chrome/86.0.4240.75 Safari/537.36"
174.7.115.156 - - [19/Oct/2020:12:03:35 -0700] "GET /phpmyadmin/js/vendor/tracekit.js?v=4.9.1 HTTP/1.1" 304 - "-" "Mozilla/5.0 (Windows NT 10.0; Win64; x64) AppleWebKit/537.36 (KHTML, like Gecko) Chrome/86.0.4240.75 Safari/537.36"
174.7.115.156 - - [19/Oct/2020:12:03:35 -0700] "GET /phpmyadmin/js/config.js?v=4.9.1 HTTP/1.1" 304 - "-" "Mozilla/5.0 (Windows NT 10.0; Win64; x64) AppleWebKit/537.36 (KHTML, like Gecko) Chrome/86.0.4240.75 Safari/537.36"
174.7.115.156 - - [19/Oct/2020:12:03:35 -0700] "GET /phpmyadmin/js/doclinks.js?v=4.9.1 HTTP/1.1" 304 - "-" "Mozilla/5.0 (Windows NT 10.0; Win64; x64) AppleWebKit/537.36 (KHTML, like Gecko) Chrome/86.0.4240.75 Safari/537.36"
174.7.115.156 - - [19/Oct/2020:12:03:35 -0700] "GET /phpmyadmin/js/error_report.js?v=4.9.1 HTTP/1.1" 304 - "-" "Mozilla/5.0 (Windows NT 10.0; Win64; x64) AppleWebKit/537.36 (KHTML, like Gecko) Chrome/86.0.4240.75 Safari/537.36"
174.7.115.156 - - [19/Oct/2020:12:03:35 -0700] "GET /phpmyadmin/js/navigation.js?v=4.9.1 HTTP/1.1" 304 - "-" "Mozilla/5.0 (Windows NT 10.0; Win64; x64) AppleWebKit/537.36 (KHTML, like Gecko) Chrome/86.0.4240.75 Safari/537.36"
174.7.115.156 - - [19/Oct/2020:12:03:35 -0700] "GET /phpmyadmin/js/functions.js?v=4.9.1 HTTP/1.1" 304 - "-" "Mozilla/5.0 (Windows NT 10.0; Win64; x64) AppleWebKit/537.36 (KHTML, like Gecko) Chrome/86.0.4240.75 Safari/537.36"
174.7.115.156 - - [19/Oct/2020:12:03:35 -0700] "GET /phpmyadmin/js/indexes.js?v=4.9.1 HTTP/1.1" 304 - "-" "Mozilla/5.0 (Windows NT 10.0; Win64; x64) AppleWebKit/537.36 (KHTML, like Gecko) Chrome/86.0.4240.75 Safari/537.36"
174.7.115.156 - - [19/Oct/2020:12:03:35 -0700] "GET /phpmyadmin/js/common.js?v=4.9.1 HTTP/1.1" 304 - "-" "Mozilla/5.0 (Windows NT 10.0; Win64; x64) AppleWebKit/537.36 (KHTML, like Gecko) Chrome/86.0.4240.75 Safari/537.36"
174.7.115.156 - - [19/Oct/2020:12:03:35 -0700] "GET /phpmyadmin/js/page_settings.js?v=4.9.1 HTTP/1.1" 304 - "-" "Mozilla/5.0 (Windows NT 10.0; Win64; x64) AppleWebKit/537.36 (KHTML, like Gecko) Chrome/86.0.4240.75 Safari/537.36"
174.7.115.156 - - [19/Oct/2020:12:03:35 -0700] "GET /phpmyadmin/js/shortcuts_handler.js?v=4.9.1 HTTP/1.1" 304 - "-" "Mozilla/5.0 (Windows NT 10.0; Win64; x64) AppleWebKit/537.36 (KHTML, like Gecko) Chrome/86.0.4240.75 Safari/537.36"
174.7.115.156 - - [19/Oct/2020:12:03:35 -0700] "GET /phpmyadmin/js/vendor/codemirror/lib/codemirror.js?v=4.9.1 HTTP/1.1" 304 - "-" "Mozilla/5.0 (Windows NT 10.0; Win64; x64) AppleWebKit/537.36 (KHTML, like Gecko) Chrome/86.0.4240.75 Safari/537.36"
174.7.115.156 - - [19/Oct/2020:12:03:35 -0700] "GET /phpmyadmin/js/vendor/codemirror/mode/sql/sql.js?v=4.9.1 HTTP/1.1" 304 - "-" "Mozilla/5.0 (Windows NT 10.0; Win64; x64) AppleWebKit/537.36 (KHTML, like Gecko) Chrome/86.0.4240.75 Safari/537.36"
174.7.115.156 - - [19/Oct/2020:12:03:35 -0700] "GET /phpmyadmin/js/vendor/codemirror/addon/runmode/runmode.js?v=4.9.1 HTTP/1.1" 304 - "-" "Mozilla/5.0 (Windows NT 10.0; Win64; x64) AppleWebKit/537.36 (KHTML, like Gecko) Chrome/86.0.4240.75 Safari/537.36"
174.7.115.156 - - [19/Oct/2020:12:03:35 -0700] "GET /phpmyadmin/js/vendor/codemirror/addon/hint/show-hint.js?v=4.9.1 HTTP/1.1" 304 - "-" "Mozilla/5.0 (Windows NT 10.0; Win64; x64) AppleWebKit/537.36 (KHTML, like Gecko) Chrome/86.0.4240.75 Safari/537.36"
174.7.115.156 - - [19/Oct/2020:12:03:35 -0700] "GET /phpmyadmin/js/vendor/codemirror/addon/hint/sql-hint.js?v=4.9.1 HTTP/1.1" 304 - "-" "Mozilla/5.0 (Windows NT 10.0; Win64; x64) AppleWebKit/537.36 (KHTML, like Gecko) Chrome/86.0.4240.75 Safari/537.36"
174.7.115.156 - - [19/Oct/2020:12:03:35 -0700] "GET /phpmyadmin/js/vendor/codemirror/addon/lint/lint.js?v=4.9.1 HTTP/1.1" 304 - "-" "Mozilla/5.0 (Windows NT 10.0; Win64; x64) AppleWebKit/537.36 (KHTML, like Gecko) Chrome/86.0.4240.75 Safari/537.36"
174.7.115.156 - - [19/Oct/2020:12:03:35 -0700] "GET /phpmyadmin/js/codemirror/addon/lint/sql-lint.js?v=4.9.1 HTTP/1.1" 304 - "-" "Mozilla/5.0 (Windows NT 10.0; Win64; x64) AppleWebKit/537.36 (KHTML, like Gecko) Chrome/86.0.4240.75 Safari/537.36"
174.7.115.156 - - [19/Oct/2020:12:03:35 -0700] "GET /phpmyadmin/js/console.js?v=4.9.1 HTTP/1.1" 304 - "-" "Mozilla/5.0 (Windows NT 10.0; Win64; x64) AppleWebKit/537.36 (KHTML, like Gecko) Chrome/86.0.4240.75 Safari/537.36"
174.7.115.156 - - [19/Oct/2020:12:03:35 -0700] "GET /phpmyadmin/themes/pmahomme/css/printview.css?v=4.9.1 HTTP/1.1" 304 - "-" "Mozilla/5.0 (Windows NT 10.0; Win64; x64) AppleWebKit/537.36 (KHTML, like Gecko) Chrome/86.0.4240.75 Safari/537.36"
174.7.115.156 - - [19/Oct/2020:12:03:35 -0700] "GET /phpmyadmin/themes/dot.gif HTTP/1.1" 304 - "-" "Mozilla/5.0 (Windows NT 10.0; Win64; x64) AppleWebKit/537.36 (KHTML, like Gecko) Chrome/86.0.4240.75 Safari/537.36"
174.7.115.156 - - [19/Oct/2020:12:03:35 -0700] "GET /phpmyadmin/themes/pmahomme/img/logo_left.png HTTP/1.1" 304 - "-" "Mozilla/5.0 (Windows NT 10.0; Win64; x64) AppleWebKit/537.36 (KHTML, like Gecko) Chrome/86.0.4240.75 Safari/537.36"
174.7.115.156 - - [19/Oct/2020:12:03:35 -0700] "GET /phpmyadmin/themes/pmahomme/img/left_nav_bg.png HTTP/1.1" 304 - "http://stevenover.land/phpmyadmin/phpmyadmin.css.php?nocache=6412528472ltr&server=1" "Mozilla/5.0 (Windows NT 10.0; Win64; x64) AppleWebKit/537.36 (KHTML, like Gecko) Chrome/86.0.4240.75 Safari/537.36"
174.7.115.156 - - [19/Oct/2020:12:03:35 -0700] "GET /phpmyadmin/themes/pmahomme/img/s_cog.png HTTP/1.1" 304 - "http://stevenover.land/phpmyadmin/phpmyadmin.css.php?nocache=6412528472ltr&server=1" "Mozilla/5.0 (Windows NT 10.0; Win64; x64) AppleWebKit/537.36 (KHTML, like Gecko) Chrome/86.0.4240.75 Safari/537.36"
174.7.115.156 - - [19/Oct/2020:12:03:35 -0700] "GET /phpmyadmin/themes/pmahomme/img/b_sqlhelp.png HTTP/1.1" 304 - "http://stevenover.land/phpmyadmin/phpmyadmin.css.php?nocache=6412528472ltr&server=1" "Mozilla/5.0 (Windows NT 10.0; Win64; x64) AppleWebKit/537.36 (KHTML, like Gecko) Chrome/86.0.4240.75 Safari/537.36"
174.7.115.156 - - [19/Oct/2020:12:03:35 -0700] "GET /phpmyadmin/themes/pmahomme/img/s_loggoff.png HTTP/1.1" 304 - "http://stevenover.land/phpmyadmin/phpmyadmin.css.php?nocache=6412528472ltr&server=1" "Mozilla/5.0 (Windows NT 10.0; Win64; x64) AppleWebKit/537.36 (KHTML, like Gecko) Chrome/86.0.4240.75 Safari/537.36"
174.7.115.156 - - [19/Oct/2020:12:03:35 -0700] "GET /phpmyadmin/themes/pmahomme/img/b_docs.png HTTP/1.1" 304 - "http://stevenover.land/phpmyadmin/phpmyadmin.css.php?nocache=6412528472ltr&server=1" "Mozilla/5.0 (Windows NT 10.0; Win64; x64) AppleWebKit/537.36 (KHTML, like Gecko) Chrome/86.0.4240.75 Safari/537.36"
174.7.115.156 - - [19/Oct/2020:12:03:35 -0700] "GET /phpmyadmin/themes/pmahomme/img/b_home.png HTTP/1.1" 304 - "http://stevenover.land/phpmyadmin/phpmyadmin.css.php?nocache=6412528472ltr&server=1" "Mozilla/5.0 (Windows NT 10.0; Win64; x64) AppleWebKit/537.36 (KHTML, like Gecko) Chrome/86.0.4240.75 Safari/537.36"
174.7.115.156 - - [19/Oct/2020:12:03:35 -0700] "GET /phpmyadmin/themes/pmahomme/img/s_db.png HTTP/1.1" 304 - "http://stevenover.land/phpmyadmin/phpmyadmin.css.php?nocache=6412528472ltr&server=1" "Mozilla/5.0 (Windows NT 10.0; Win64; x64) AppleWebKit/537.36 (KHTML, like Gecko) Chrome/86.0.4240.75 Safari/537.36"
174.7.115.156 - - [19/Oct/2020:12:03:35 -0700] "GET /phpmyadmin/themes/pmahomme/img/s_reload.png HTTP/1.1" 304 - "http://stevenover.land/phpmyadmin/phpmyadmin.css.php?nocache=6412528472ltr&server=1" "Mozilla/5.0 (Windows NT 10.0; Win64; x64) AppleWebKit/537.36 (KHTML, like Gecko) Chrome/86.0.4240.75 Safari/537.36"
174.7.115.156 - - [19/Oct/2020:12:03:35 -0700] "GET /phpmyadmin/themes/pmahomme/img/s_link.png HTTP/1.1" 304 - "http://stevenover.land/phpmyadmin/phpmyadmin.css.php?nocache=6412528472ltr&server=1" "Mozilla/5.0 (Windows NT 10.0; Win64; x64) AppleWebKit/537.36 (KHTML, like Gecko) Chrome/86.0.4240.75 Safari/537.36"
174.7.115.156 - - [19/Oct/2020:12:03:35 -0700] "GET /phpmyadmin/themes/pmahomme/img/b_newdb.png HTTP/1.1" 304 - "http://stevenover.land/phpmyadmin/phpmyadmin.css.php?nocache=6412528472ltr&server=1" "Mozilla/5.0 (Windows NT 10.0; Win64; x64) AppleWebKit/537.36 (KHTML, like Gecko) Chrome/86.0.4240.75 Safari/537.36"
174.7.115.156 - - [19/Oct/2020:12:03:35 -0700] "GET /phpmyadmin/themes/pmahomme/img/b_plus.png HTTP/1.1" 304 - "http://stevenover.land/phpmyadmin/phpmyadmin.css.php?nocache=6412528472ltr&server=1" "Mozilla/5.0 (Windows NT 10.0; Win64; x64) AppleWebKit/537.36 (KHTML, like Gecko) Chrome/86.0.4240.75 Safari/537.36"
174.7.115.156 - - [19/Oct/2020:12:03:35 -0700] "GET /phpmyadmin/themes/pmahomme/img/s_host.png HTTP/1.1" 304 - "http://stevenover.land/phpmyadmin/phpmyadmin.css.php?nocache=6412528472ltr&server=1" "Mozilla/5.0 (Windows NT 10.0; Win64; x64) AppleWebKit/537.36 (KHTML, like Gecko) Chrome/86.0.4240.75 Safari/537.36"
174.7.115.156 - - [19/Oct/2020:12:03:35 -0700] "GET /phpmyadmin/themes/pmahomme/img/b_sql.png HTTP/1.1" 304 - "http://stevenover.land/phpmyadmin/phpmyadmin.css.php?nocache=6412528472ltr&server=1" "Mozilla/5.0 (Windows NT 10.0; Win64; x64) AppleWebKit/537.36 (KHTML, like Gecko) Chrome/86.0.4240.75 Safari/537.36"
174.7.115.156 - - [19/Oct/2020:12:03:35 -0700] "GET /phpmyadmin/themes/pmahomme/img/s_status.png HTTP/1.1" 304 - "http://stevenover.land/phpmyadmin/phpmyadmin.css.php?nocache=6412528472ltr&server=1" "Mozilla/5.0 (Windows NT 10.0; Win64; x64) AppleWebKit/537.36 (KHTML, like Gecko) Chrome/86.0.4240.75 Safari/537.36"
174.7.115.156 - - [19/Oct/2020:12:03:35 -0700] "GET /phpmyadmin/themes/pmahomme/img/b_export.png HTTP/1.1" 304 - "http://stevenover.land/phpmyadmin/phpmyadmin.css.php?nocache=6412528472ltr&server=1" "Mozilla/5.0 (Windows NT 10.0; Win64; x64) AppleWebKit/537.36 (KHTML, like Gecko) Chrome/86.0.4240.75 Safari/537.36"
174.7.115.156 - - [19/Oct/2020:12:03:35 -0700] "GET /phpmyadmin/themes/pmahomme/img/b_import.png HTTP/1.1" 304 - "http://stevenover.land/phpmyadmin/phpmyadmin.css.php?nocache=6412528472ltr&server=1" "Mozilla/5.0 (Windows NT 10.0; Win64; x64) AppleWebKit/537.36 (KHTML, like Gecko) Chrome/86.0.4240.75 Safari/537.36"
174.7.115.156 - - [19/Oct/2020:12:03:35 -0700] "GET /phpmyadmin/themes/pmahomme/img/s_rights.png HTTP/1.1" 304 - "http://stevenover.land/phpmyadmin/phpmyadmin.css.php?nocache=6412528472ltr&server=1" "Mozilla/5.0 (Windows NT 10.0; Win64; x64) AppleWebKit/537.36 (KHTML, like Gecko) Chrome/86.0.4240.75 Safari/537.36"
174.7.115.156 - - [19/Oct/2020:12:03:35 -0700] "GET /phpmyadmin/themes/pmahomme/img/b_tblops.png HTTP/1.1" 304 - "http://stevenover.land/phpmyadmin/phpmyadmin.css.php?nocache=6412528472ltr&server=1" "Mozilla/5.0 (Windows NT 10.0; Win64; x64) AppleWebKit/537.36 (KHTML, like Gecko) Chrome/86.0.4240.75 Safari/537.36"
174.7.115.156 - - [19/Oct/2020:12:03:35 -0700] "GET /phpmyadmin/themes/pmahomme/img/s_vars.png HTTP/1.1" 304 - "http://stevenover.land/phpmyadmin/phpmyadmin.css.php?nocache=6412528472ltr&server=1" "Mozilla/5.0 (Windows NT 10.0; Win64; x64) AppleWebKit/537.36 (KHTML, like Gecko) Chrome/86.0.4240.75 Safari/537.36"
174.7.115.156 - - [19/Oct/2020:12:03:35 -0700] "GET /phpmyadmin/themes/pmahomme/img/s_asci.png HTTP/1.1" 304 - "http://stevenover.land/phpmyadmin/phpmyadmin.css.php?nocache=6412528472ltr&server=1" "Mozilla/5.0 (Windows NT 10.0; Win64; x64) AppleWebKit/537.36 (KHTML, like Gecko) Chrome/86.0.4240.75 Safari/537.36"
174.7.115.156 - - [19/Oct/2020:12:03:35 -0700] "GET /phpmyadmin/themes/pmahomme/img/b_plugin.png HTTP/1.1" 304 - "http://stevenover.land/phpmyadmin/phpmyadmin.css.php?nocache=6412528472ltr&server=1" "Mozilla/5.0 (Windows NT 10.0; Win64; x64) AppleWebKit/537.36 (KHTML, like Gecko) Chrome/86.0.4240.75 Safari/537.36"
174.7.115.156 - - [19/Oct/2020:12:03:35 -0700] "GET /phpmyadmin/themes/pmahomme/img/s_top.png HTTP/1.1" 304 - "http://stevenover.land/phpmyadmin/phpmyadmin.css.php?nocache=6412528472ltr&server=1" "Mozilla/5.0 (Windows NT 10.0; Win64; x64) AppleWebKit/537.36 (KHTML, like Gecko) Chrome/86.0.4240.75 Safari/537.36"
174.7.115.156 - - [19/Oct/2020:12:03:35 -0700] "GET /phpmyadmin/themes/pmahomme/img/b_engine.png HTTP/1.1" 304 - "http://stevenover.land/phpmyadmin/phpmyadmin.css.php?nocache=6412528472ltr&server=1" "Mozilla/5.0 (Windows NT 10.0; Win64; x64) AppleWebKit/537.36 (KHTML, like Gecko) Chrome/86.0.4240.75 Safari/537.36"
174.7.115.156 - - [19/Oct/2020:12:03:35 -0700] "GET /phpmyadmin/themes/pmahomme/img/b_help.png HTTP/1.1" 304 - "http://stevenover.land/phpmyadmin/phpmyadmin.css.php?nocache=6412528472ltr&server=1" "Mozilla/5.0 (Windows NT 10.0; Win64; x64) AppleWebKit/537.36 (KHTML, like Gecko) Chrome/86.0.4240.75 Safari/537.36"
174.7.115.156 - - [19/Oct/2020:12:03:35 -0700] "GET /phpmyadmin/themes/pmahomme/img/console.png HTTP/1.1" 304 - "http://stevenover.land/phpmyadmin/phpmyadmin.css.php?nocache=6412528472ltr&server=1" "Mozilla/5.0 (Windows NT 10.0; Win64; x64) AppleWebKit/537.36 (KHTML, like Gecko) Chrome/86.0.4240.75 Safari/537.36"
174.7.115.156 - - [19/Oct/2020:12:03:35 -0700] "GET /phpmyadmin/themes/pmahomme/img/s_lang.png HTTP/1.1" 304 - "http://stevenover.land/phpmyadmin/phpmyadmin.css.php?nocache=6412528472ltr&server=1" "Mozilla/5.0 (Windows NT 10.0; Win64; x64) AppleWebKit/537.36 (KHTML, like Gecko) Chrome/86.0.4240.75 Safari/537.36"
174.7.115.156 - - [19/Oct/2020:12:03:35 -0700] "GET /phpmyadmin/themes/pmahomme/img/s_theme.png HTTP/1.1" 304 - "http://stevenover.land/phpmyadmin/phpmyadmin.css.php?nocache=6412528472ltr&server=1" "Mozilla/5.0 (Windows NT 10.0; Win64; x64) AppleWebKit/537.36 (KHTML, like Gecko) Chrome/86.0.4240.75 Safari/537.36"
174.7.115.156 - - [19/Oct/2020:12:03:35 -0700] "GET /phpmyadmin/themes/pmahomme/img/window-new.png HTTP/1.1" 304 - "http://stevenover.land/phpmyadmin/phpmyadmin.css.php?nocache=6412528472ltr&server=1" "Mozilla/5.0 (Windows NT 10.0; Win64; x64) AppleWebKit/537.36 (KHTML, like Gecko) Chrome/86.0.4240.75 Safari/537.36"
174.7.115.156 - - [19/Oct/2020:12:03:35 -0700] "POST /phpmyadmin/ajax.php HTTP/1.1" 200 1375 "-" "Mozilla/5.0 (Windows NT 10.0; Win64; x64) AppleWebKit/537.36 (KHTML, like Gecko) Chrome/86.0.4240.75 Safari/537.36"
174.7.115.156 - - [19/Oct/2020:12:03:36 -0700] "GET /phpmyadmin/themes/pmahomme/img/b_more.png HTTP/1.1" 304 - "http://stevenover.land/phpmyadmin/phpmyadmin.css.php?nocache=6412528472ltr&server=1" "Mozilla/5.0 (Windows NT 10.0; Win64; x64) AppleWebKit/537.36 (KHTML, like Gecko) Chrome/86.0.4240.75 Safari/537.36"
174.7.115.156 - - [19/Oct/2020:12:03:36 -0700] "POST /phpmyadmin/navigation.php?ajax_request=1 HTTP/1.1" 200 2075 "-" "Mozilla/5.0 (Windows NT 10.0; Win64; x64) AppleWebKit/537.36 (KHTML, like Gecko) Chrome/86.0.4240.75 Safari/537.36"
174.7.115.156 - - [19/Oct/2020:12:03:36 -0700] "POST /phpmyadmin/ajax.php HTTP/1.1" 200 1473 "-" "Mozilla/5.0 (Windows NT 10.0; Win64; x64) AppleWebKit/537.36 (KHTML, like Gecko) Chrome/86.0.4240.75 Safari/537.36"
174.7.115.156 - - [19/Oct/2020:12:03:36 -0700] "POST /phpmyadmin/ajax.php HTTP/1.1" 200 1366 "-" "Mozilla/5.0 (Windows NT 10.0; Win64; x64) AppleWebKit/537.36 (KHTML, like Gecko) Chrome/86.0.4240.75 Safari/537.36"
174.7.115.156 - - [19/Oct/2020:12:03:36 -0700] "POST /phpmyadmin/version_check.php HTTP/1.1" 200 62 "-" "Mozilla/5.0 (Windows NT 10.0; Win64; x64) AppleWebKit/537.36 (KHTML, like Gecko) Chrome/86.0.4240.75 Safari/537.36"
174.7.115.156 - - [19/Oct/2020:12:03:36 -0700] "GET /phpmyadmin/favicon.ico HTTP/1.1" 200 22486 "-" "Mozilla/5.0 (Windows NT 10.0; Win64; x64) AppleWebKit/537.36 (KHTML, like Gecko) Chrome/86.0.4240.75 Safari/537.36"
174.7.115.156 - - [19/Oct/2020:12:03:36 -0700] "POST /phpmyadmin/db_structure.php?ajax_request=1&favorite_table=1&sync_favorite_tables=1 HTTP/1.1" 200 137 "-" "Mozilla/5.0 (Windows NT 10.0; Win64; x64) AppleWebKit/537.36 (KHTML, like Gecko) Chrome/86.0.4240.75 Safari/537.36"
185.191.171.40 - - [19/Oct/2020:12:03:37 -0700] "GET /index.php?returnto=Special%3AWhatLinksHere%2FSecurity%2Bthrough%2Bobscurity&returntoquery=hidetrans%3D1%26limit%3D500&title=Special%3AUserLogin HTTP/1.1" 404 - "-" "Mozilla/5.0 (compatible; SemrushBot/6~bl; +http://www.semrush.com/bot.html)"
185.191.171.4 - - [19/Oct/2020:12:03:39 -0700] "GET /index.php?limit=100&title=Special%3AWhatLinksHere%2FLow_latency HTTP/1.1" 404 - "-" "Mozilla/5.0 (compatible; SemrushBot/6~bl; +http://www.semrush.com/bot.html)"
185.191.171.1 - - [19/Oct/2020:12:03:41 -0700] "GET /index.php?hidetrans=1&limit=250&title=Special%3AWhatLinksHere%2F-_Credential_management HTTP/1.1" 404 - "-" "Mozilla/5.0 (compatible; SemrushBot/6~bl; +http://www.semrush.com/bot.html)"
5.189.133.135 - - [19/Oct/2020:12:03:42 -0700] "GET /index.php?title=Special:UserLogin&returnto=Special:WhatLinksHere/PCI-DSS-11.3.3&returntoquery=limit=500%26printable=yes&printable=yes HTTP/1.1" 404 - "-" "Mozilla/5.0 (compatible; MJ12bot/v1.4.8; http://mj12bot.com/)"
185.191.171.44 - - [19/Oct/2020:12:03:45 -0700] "GET /index.php?action=edit&title=CSC-19.4 HTTP/1.1" 404 - "-" "Mozilla/5.0 (compatible; SemrushBot/6~bl; +http://www.semrush.com/bot.html)"
5.189.133.135 - - [19/Oct/2020:12:04:02 -0700] "GET /index.php?title=Special:UserLogin&returnto=Special:WhatLinksHere/PCI-DSS-11.3.3&returntoquery=limit=500&printable=yes HTTP/1.1" 404 - "-" "Mozilla/5.0 (compatible; MJ12bot/v1.4.8; http://mj12bot.com/)"
185.191.171.40 - - [19/Oct/2020:12:04:15 -0700] "GET /index.php?returnto=Special%3AWhatLinksHere%2FIncident%2Bresponse%2Bplan&title=Special%3AUserLogin HTTP/1.1" 404 - "-" "Mozilla/5.0 (compatible; SemrushBot/6~bl; +http://www.semrush.com/bot.html)"
185.191.171.25 - - [19/Oct/2020:12:04:23 -0700] "GET /index.php?returnto=CSC-16.6&returntoquery=diff%3D4166%26oldid%3D4107&title=Special%3AUserLogin HTTP/1.1" 404 - "-" "Mozilla/5.0 (compatible; SemrushBot/6~bl; +http://www.semrush.com/bot.html)"
5.189.133.135 - - [19/Oct/2020:12:04:25 -0700] "GET /index.php?title=Special:UserLogin&returnto=Special:WhatLinksHere/PCI-DSS-11.3.3&returntoquery=printable=yes&printable=yes HTTP/1.1" 404 - "-" "Mozilla/5.0 (compatible; MJ12bot/v1.4.8; http://mj12bot.com/)"
185.191.171.37 - - [19/Oct/2020:12:04:27 -0700] "GET /index.php?returnto=Special%3AWhatLinksHere%2FTemplate%3APCI-DSS-A1&returntoquery=limit%3D20&title=Special%3AUserLogin HTTP/1.1" 404 - "-" "Mozilla/5.0 (compatible; SemrushBot/6~bl; +http://www.semrush.com/bot.html)"
5.189.133.135 - - [19/Oct/2020:12:04:48 -0700] "GET /index.php?title=Special:UserLogin&returnto=Special:WhatLinksHere/PCI-DSS-11.3.4&returntoquery=hideredirs=1%26hidetrans=1&printable=yes HTTP/1.1" 404 - "-" "Mozilla/5.0 (compatible; MJ12bot/v1.4.8; http://mj12bot.com/)"
5.189.133.135 - - [19/Oct/2020:12:05:12 -0700] "GET /index.php?title=Special:UserLogin&returnto=Special:WhatLinksHere/PCI-DSS-11.3.4&returntoquery=hideredirs=1%26limit=100&printable=yes HTTP/1.1" 404 - "-" "Mozilla/5.0 (compatible; MJ12bot/v1.4.8; http://mj12bot.com/)"
185.191.171.39 - - [19/Oct/2020:12:05:18 -0700] "GET /index.php?printable=yes&returnto=Privacy&title=Special%3AUserLogin HTTP/1.1" 404 - "-" "Mozilla/5.0 (compatible; SemrushBot/6~bl; +http://www.semrush.com/bot.html)"
5.189.133.135 - - [19/Oct/2020:12:05:31 -0700] "GET /index.php?title=Special:UserLogin&returnto=Special:WhatLinksHere/PCI-DSS-11.3.4&returntoquery=hideredirs=1%26limit=20&printable=yes HTTP/1.1" 404 - "-" "Mozilla/5.0 (compatible; MJ12bot/v1.4.8; http://mj12bot.com/)"
174.7.115.156 - - [19/Oct/2020:12:05:33 -0700] "GET /phpmyadmin/ HTTP/1.1" 200 14254 "-" "Mozilla/5.0 (Windows NT 10.0; Win64; x64) AppleWebKit/537.36 (KHTML, like Gecko) Chrome/86.0.4240.75 Safari/537.36"
185.191.171.25 - - [19/Oct/2020:12:05:33 -0700] "GET /index.php?action=edit&redlink=1&title=Talk%3APCI-DSS-12.10 HTTP/1.1" 404 - "-" "Mozilla/5.0 (compatible; SemrushBot/6~bl; +http://www.semrush.com/bot.html)"
174.7.115.156 - - [19/Oct/2020:12:05:33 -0700] "GET /phpmyadmin/phpmyadmin.css.php?nocache=6412529046ltr&server=1 HTTP/1.1" 200 21037 "-" "Mozilla/5.0 (Windows NT 10.0; Win64; x64) AppleWebKit/537.36 (KHTML, like Gecko) Chrome/86.0.4240.75 Safari/537.36"
174.7.115.156 - - [19/Oct/2020:12:05:34 -0700] "POST /phpmyadmin/ajax.php HTTP/1.1" 200 1375 "-" "Mozilla/5.0 (Windows NT 10.0; Win64; x64) AppleWebKit/537.36 (KHTML, like Gecko) Chrome/86.0.4240.75 Safari/537.36"
174.7.115.156 - - [19/Oct/2020:12:05:34 -0700] "POST /phpmyadmin/ajax.php HTTP/1.1" 200 1473 "-" "Mozilla/5.0 (Windows NT 10.0; Win64; x64) AppleWebKit/537.36 (KHTML, like Gecko) Chrome/86.0.4240.75 Safari/537.36"
174.7.115.156 - - [19/Oct/2020:12:05:34 -0700] "POST /phpmyadmin/navigation.php?ajax_request=1 HTTP/1.1" 200 2075 "-" "Mozilla/5.0 (Windows NT 10.0; Win64; x64) AppleWebKit/537.36 (KHTML, like Gecko) Chrome/86.0.4240.75 Safari/537.36"
174.7.115.156 - - [19/Oct/2020:12:05:35 -0700] "POST /phpmyadmin/ajax.php HTTP/1.1" 200 1366 "-" "Mozilla/5.0 (Windows NT 10.0; Win64; x64) AppleWebKit/537.36 (KHTML, like Gecko) Chrome/86.0.4240.75 Safari/537.36"
174.7.115.156 - - [19/Oct/2020:12:05:35 -0700] "POST /phpmyadmin/version_check.php HTTP/1.1" 200 62 "-" "Mozilla/5.0 (Windows NT 10.0; Win64; x64) AppleWebKit/537.36 (KHTML, like Gecko) Chrome/86.0.4240.75 Safari/537.36"
174.7.115.156 - - [19/Oct/2020:12:05:35 -0700] "POST /phpmyadmin/db_structure.php?ajax_request=1&favorite_table=1&sync_favorite_tables=1 HTTP/1.1" 200 137 "-" "Mozilla/5.0 (Windows NT 10.0; Win64; x64) AppleWebKit/537.36 (KHTML, like Gecko) Chrome/86.0.4240.75 Safari/537.36"
174.7.115.156 - - [19/Oct/2020:12:05:35 -0700] "GET /phpmyadmin/favicon.ico HTTP/1.1" 200 22486 "-" "Mozilla/5.0 (Windows NT 10.0; Win64; x64) AppleWebKit/537.36 (KHTML, like Gecko) Chrome/86.0.4240.75 Safari/537.36"
5.189.133.135 - - [19/Oct/2020:12:05:45 -0700] "GET /index.php?title=Special:UserLogin&returnto=Special:WhatLinksHere/PCI-DSS-11.3.4&returntoquery=hideredirs=1%26limit=250&printable=yes HTTP/1.1" 404 - "-" "Mozilla/5.0 (compatible; MJ12bot/v1.4.8; http://mj12bot.com/)"
185.191.171.7 - - [19/Oct/2020:12:05:54 -0700] "GET /index.php?returnto=CSC-2.10&returntoquery=action%3Dhistory&title=Special%3ACreateAccount HTTP/1.1" 404 - "-" "Mozilla/5.0 (compatible; SemrushBot/6~bl; +http://www.semrush.com/bot.html)"
5.189.133.135 - - [19/Oct/2020:12:06:06 -0700] "GET /index.php?title=Special:UserLogin&returnto=Special:WhatLinksHere/PCI-DSS-11.3.4&returntoquery=hideredirs=1%26limit=50&printable=yes HTTP/1.1" 404 - "-" "Mozilla/5.0 (compatible; MJ12bot/v1.4.8; http://mj12bot.com/)"
185.191.171.45 - - [19/Oct/2020:12:06:10 -0700] "GET /index.php?returnto=Special%3AWhatLinksHere%2FCrypto%2Bmodules&returntoquery=limit%3D20&title=Special%3AUserLogin HTTP/1.1" 404 - "-" "Mozilla/5.0 (compatible; SemrushBot/6~bl; +http://www.semrush.com/bot.html)"
174.7.115.156 - - [19/Oct/2020:12:06:17 -0700] "GET /phpmyadmin/ HTTP/1.1" 200 14254 "-" "Mozilla/5.0 (Windows NT 10.0; Win64; x64) AppleWebKit/537.36 (KHTML, like Gecko) Chrome/86.0.4240.75 Safari/537.36"
174.7.115.156 - - [19/Oct/2020:12:06:17 -0700] "GET /phpmyadmin/phpmyadmin.css.php?nocache=6412529165ltr&server=1 HTTP/1.1" 200 21037 "-" "Mozilla/5.0 (Windows NT 10.0; Win64; x64) AppleWebKit/537.36 (KHTML, like Gecko) Chrome/86.0.4240.75 Safari/537.36"
174.7.115.156 - - [19/Oct/2020:12:06:17 -0700] "POST /phpmyadmin/ajax.php HTTP/1.1" 200 1375 "-" "Mozilla/5.0 (Windows NT 10.0; Win64; x64) AppleWebKit/537.36 (KHTML, like Gecko) Chrome/86.0.4240.75 Safari/537.36"
174.7.115.156 - - [19/Oct/2020:12:06:18 -0700] "POST /phpmyadmin/navigation.php?ajax_request=1 HTTP/1.1" 200 2075 "-" "Mozilla/5.0 (Windows NT 10.0; Win64; x64) AppleWebKit/537.36 (KHTML, like Gecko) Chrome/86.0.4240.75 Safari/537.36"
174.7.115.156 - - [19/Oct/2020:12:06:18 -0700] "POST /phpmyadmin/ajax.php HTTP/1.1" 200 1473 "-" "Mozilla/5.0 (Windows NT 10.0; Win64; x64) AppleWebKit/537.36 (KHTML, like Gecko) Chrome/86.0.4240.75 Safari/537.36"
174.7.115.156 - - [19/Oct/2020:12:06:18 -0700] "POST /phpmyadmin/ajax.php HTTP/1.1" 200 1366 "-" "Mozilla/5.0 (Windows NT 10.0; Win64; x64) AppleWebKit/537.36 (KHTML, like Gecko) Chrome/86.0.4240.75 Safari/537.36"
174.7.115.156 - - [19/Oct/2020:12:06:18 -0700] "POST /phpmyadmin/version_check.php HTTP/1.1" 200 62 "-" "Mozilla/5.0 (Windows NT 10.0; Win64; x64) AppleWebKit/537.36 (KHTML, like Gecko) Chrome/86.0.4240.75 Safari/537.36"
174.7.115.156 - - [19/Oct/2020:12:06:18 -0700] "GET /phpmyadmin/favicon.ico HTTP/1.1" 200 22486 "-" "Mozilla/5.0 (Windows NT 10.0; Win64; x64) AppleWebKit/537.36 (KHTML, like Gecko) Chrome/86.0.4240.75 Safari/537.36"
174.7.115.156 - - [19/Oct/2020:12:06:18 -0700] "POST /phpmyadmin/db_structure.php?ajax_request=1&favorite_table=1&sync_favorite_tables=1 HTTP/1.1" 200 137 "-" "Mozilla/5.0 (Windows NT 10.0; Win64; x64) AppleWebKit/537.36 (KHTML, like Gecko) Chrome/86.0.4240.75 Safari/537.36"
185.191.171.39 - - [19/Oct/2020:12:06:21 -0700] "GET /index.php?limit=250&title=Special%3AWhatLinksHere%2FDE.CM-5 HTTP/1.1" 404 - "-" "Mozilla/5.0 (compatible; SemrushBot/6~bl; +http://www.semrush.com/bot.html)"
185.191.171.5 - - [19/Oct/2020:12:06:23 -0700] "GET /index.php?returnto=Special%3AWhatLinksHere%2FRemote%2Baccess&returntoquery=hidelinks%3D1%26limit%3D20%26printable%3Dyes&title=Special%3AUserLogin HTTP/1.1" 404 - "-" "Mozilla/5.0 (compatible; SemrushBot/6~bl; +http://www.semrush.com/bot.html)"
185.191.171.45 - - [19/Oct/2020:12:06:28 -0700] "GET /index.php?returnto=Special%3ARecentChanges&returntoquery=days%3D14%26hidebots%3D1%26hideliu%3D1%26hideminor%3D1%26hidemyself%3D1%26limit%3D250%26printable%3Dyes&title=Special%3AUserLogin HTTP/1.1" 404 - "-" "Mozilla/5.0 (compatible; SemrushBot/6~bl; +http://www.semrush.com/bot.html)"
5.189.133.135 - - [19/Oct/2020:12:06:34 -0700] "GET /index.php?title=Special:UserLogin&returnto=Special:WhatLinksHere/PCI-DSS-11.3.4&returntoquery=hideredirs=1%26limit=500&printable=yes HTTP/1.1" 404 - "-" "Mozilla/5.0 (compatible; MJ12bot/v1.4.8; http://mj12bot.com/)"
185.191.171.7 - - [19/Oct/2020:12:06:39 -0700] "GET /index.php?id=811&page=Main_Page&title=Special%3ACiteThisPage HTTP/1.1" 404 - "-" "Mozilla/5.0 (compatible; SemrushBot/6~bl; +http://www.semrush.com/bot.html)"
174.7.115.156 - - [19/Oct/2020:12:07:06 -0700] "GET /phpmyadmin/ HTTP/1.1" 403 1220 "-" "Mozilla/5.0 (Windows NT 10.0; Win64; x64) AppleWebKit/537.36 (KHTML, like Gecko) Chrome/86.0.4240.75 Safari/537.36"
5.189.133.135 - - [19/Oct/2020:12:07:11 -0700] "GET /index.php?title=Special:UserLogin&returnto=Special:WhatLinksHere/PCI-DSS-11.3.4&returntoquery=hideredirs=1%26printable=yes&printable=yes HTTP/1.1" 404 - "-" "Mozilla/5.0 (compatible; MJ12bot/v1.4.8; http://mj12bot.com/)"
185.191.171.37 - - [19/Oct/2020:12:07:34 -0700] "GET /index.php?returnto=CSC%2B20&returntoquery=diff%3Dprev%26oldid%3D981%26printable%3Dyes&title=Special%3AUserLogin HTTP/1.1" 404 - "-" "Mozilla/5.0 (compatible; SemrushBot/6~bl; +http://www.semrush.com/bot.html)"
5.189.133.135 - - [19/Oct/2020:12:07:36 -0700] "GET /index.php?title=Special:UserLogin&returnto=Special:WhatLinksHere/PCI-DSS-11.3.4&returntoquery=hideredirs=1&printable=yes HTTP/1.1" 404 - "-" "Mozilla/5.0 (compatible; MJ12bot/v1.4.8; http://mj12bot.com/)"
185.191.171.45 - - [19/Oct/2020:12:07:38 -0700] "GET /index.php?diff=prev&oldid=1408&title=RC.CO-1 HTTP/1.1" 404 - "-" "Mozilla/5.0 (compatible; SemrushBot/6~bl; +http://www.semrush.com/bot.html)"
5.9.158.195 - - [19/Oct/2020:12:07:44 -0700] "GET /robots.txt HTTP/1.1" 404 - "-" "Mozilla/5.0 (compatible; MJ12bot/v1.4.8; http://mj12bot.com/)"
5.9.158.195 - - [19/Oct/2020:12:07:46 -0700] "GET /index.php?title=Special:UserLogin&returnto=File:Apple%20Fixes%20%E2%80%98AirDoS%E2%80%99%20Bug%20That%20Cripples%20Nearby%20iPhones,%20iPads%20Threatpost.pdf&returntoquery=direction=prev%26oldid=8866%26printable=yes&printable=yes HTTP/1.1" 404 - "-" "Mozilla/5.0 (compatible; MJ12bot/v1.4.8; http://mj12bot.com/)"
5.9.158.195 - - [19/Oct/2020:12:07:48 -0700] "GET /index.php?title=Special:UserLogin&returnto=File:Apple%20Fixes%20%E2%80%98AirDoS%E2%80%99%20Bug%20That%20Cripples%20Nearby%20iPhones,%20iPads%20Threatpost.pdf&returntoquery=direction=next%26oldid=8857 HTTP/1.1" 404 - "-" "Mozilla/5.0 (compatible; MJ12bot/v1.4.8; http://mj12bot.com/)"
5.9.158.195 - - [19/Oct/2020:12:07:51 -0700] "GET /index.php?title=Special:UserLogin&returnto=File:Apple%20Fixes%20%E2%80%98AirDoS%E2%80%99%20Bug%20That%20Cripples%20Nearby%20iPhones,%20iPads%20Threatpost.pdf&returntoquery=direction=next%26oldid=8857%26printable=yes HTTP/1.1" 404 - "-" "Mozilla/5.0 (compatible; MJ12bot/v1.4.8; http://mj12bot.com/)"
185.191.171.14 - - [19/Oct/2020:12:07:52 -0700] "GET /index.php?returnto=Special%3ARecentChanges&returntoquery=days%3D14%26hideminor%3D0%26hidemyself%3D1%26limit%3D500&title=Special%3AUserLogin HTTP/1.1" 404 - "-" "Mozilla/5.0 (compatible; SemrushBot/6~bl; +http://www.semrush.com/bot.html)"
5.189.133.135 - - [19/Oct/2020:12:07:52 -0700] "GET /index.php?title=Special:UserLogin&returnto=Special:WhatLinksHere/PCI-DSS-11.3.4&returntoquery=hidetrans=1%26hideredirs=1&printable=yes HTTP/1.1" 404 - "-" "Mozilla/5.0 (compatible; MJ12bot/v1.4.8; http://mj12bot.com/)"
5.9.158.195 - - [19/Oct/2020:12:07:53 -0700] "GET /index.php?title=Special:UserLogin&returnto=File:Apple%20Fixes%20%E2%80%98AirDoS%E2%80%99%20Bug%20That%20Cripples%20Nearby%20iPhones,%20iPads%20Threatpost.pdf&returntoquery=direction=next%26oldid=8857%26printable=yes&printable=yes HTTP/1.1" 404 - "-" "Mozilla/5.0 (compatible; MJ12bot/v1.4.8; http://mj12bot.com/)"
5.9.158.195 - - [19/Oct/2020:12:08:03 -0700] "GET /index.php?title=Special:UserLogin&returnto=File:Apple%20Fixes%20%E2%80%98AirDoS%E2%80%99%20Bug%20That%20Cripples%20Nearby%20iPhones,%20iPads%20Threatpost.pdf&returntoquery=direction=next%26oldid=8857&printable=yes HTTP/1.1" 404 - "-" "Mozilla/5.0 (compatible; MJ12bot/v1.4.8; http://mj12bot.com/)"
5.9.158.195 - - [19/Oct/2020:12:08:08 -0700] "GET /index.php?title=Special:UserLogin&returnto=File:Apple%20Fixes%20%E2%80%98AirDoS%E2%80%99%20Bug%20That%20Cripples%20Nearby%20iPhones,%20iPads%20Threatpost.pdf&returntoquery=direction=next%26oldid=8864 HTTP/1.1" 404 - "-" "Mozilla/5.0 (compatible; MJ12bot/v1.4.8; http://mj12bot.com/)"
5.9.158.195 - - [19/Oct/2020:12:08:10 -0700] "GET /index.php?title=Special:UserLogin&returnto=File:Apple%20Fixes%20%E2%80%98AirDoS%E2%80%99%20Bug%20That%20Cripples%20Nearby%20iPhones,%20iPads%20Threatpost.pdf&returntoquery=direction=next%26oldid=8864%26printable=yes HTTP/1.1" 404 - "-" "Mozilla/5.0 (compatible; MJ12bot/v1.4.8; http://mj12bot.com/)"
5.9.158.195 - - [19/Oct/2020:12:08:14 -0700] "GET /index.php?title=Special:UserLogin&returnto=File:Apple%20Fixes%20%E2%80%98AirDoS%E2%80%99%20Bug%20That%20Cripples%20Nearby%20iPhones,%20iPads%20Threatpost.pdf&returntoquery=direction=next%26oldid=8864&printable=yes HTTP/1.1" 404 - "-" "Mozilla/5.0 (compatible; MJ12bot/v1.4.8; http://mj12bot.com/)"
5.9.158.195 - - [19/Oct/2020:12:08:19 -0700] "GET /index.php?title=Special:UserLogin&returnto=File:Apple%20Fixes%20%E2%80%98AirDoS%E2%80%99%20Bug%20That%20Cripples%20Nearby%20iPhones,%20iPads%20Threatpost.pdf&returntoquery=direction=next%26oldid=8865 HTTP/1.1" 404 - "-" "Mozilla/5.0 (compatible; MJ12bot/v1.4.8; http://mj12bot.com/)"
5.9.158.195 - - [19/Oct/2020:12:08:28 -0700] "GET /index.php?title=Special:UserLogin&returnto=File:Apple%20Fixes%20%E2%80%98AirDoS%E2%80%99%20Bug%20That%20Cripples%20Nearby%20iPhones,%20iPads%20Threatpost.pdf&returntoquery=direction=next%26oldid=8865%26printable=yes HTTP/1.1" 404 - "-" "Mozilla/5.0 (compatible; MJ12bot/v1.4.8; http://mj12bot.com/)"
5.189.133.135 - - [19/Oct/2020:12:08:29 -0700] "GET /index.php?title=Special:UserLogin&returnto=Special:WhatLinksHere/PCI-DSS-11.3.4&returntoquery=hidetrans=1%26limit=100&printable=yes HTTP/1.1" 404 - "-" "Mozilla/5.0 (compatible; MJ12bot/v1.4.8; http://mj12bot.com/)"
5.9.158.195 - - [19/Oct/2020:12:08:33 -0700] "GET /index.php?title=Special:UserLogin&returnto=File:Apple%20Fixes%20%E2%80%98AirDoS%E2%80%99%20Bug%20That%20Cripples%20Nearby%20iPhones,%20iPads%20Threatpost.pdf&returntoquery=direction=prev%26oldid=8856 HTTP/1.1" 404 - "-" "Mozilla/5.0 (compatible; MJ12bot/v1.4.8; http://mj12bot.com/)"
185.191.171.11 - - [19/Oct/2020:12:08:33 -0700] "GET /index.php?diff=prev&oldid=5481&title=CSC-3 HTTP/1.1" 404 - "-" "Mozilla/5.0 (compatible; SemrushBot/6~bl; +http://www.semrush.com/bot.html)"
5.9.158.195 - - [19/Oct/2020:12:08:42 -0700] "GET /index.php?title=Special:UserLogin&returnto=File:Apple%20Fixes%20%E2%80%98AirDoS%E2%80%99%20Bug%20That%20Cripples%20Nearby%20iPhones,%20iPads%20Threatpost.pdf&returntoquery=direction=prev%26oldid=8856%26printable=yes HTTP/1.1" 404 - "-" "Mozilla/5.0 (compatible; MJ12bot/v1.4.8; http://mj12bot.com/)"
5.9.158.195 - - [19/Oct/2020:12:08:49 -0700] "GET /index.php?title=Special:UserLogin&returnto=File:Apple%20Fixes%20%E2%80%98AirDoS%E2%80%99%20Bug%20That%20Cripples%20Nearby%20iPhones,%20iPads%20Threatpost.pdf&returntoquery=direction=prev%26oldid=8856%26printable=yes&printable=yes HTTP/1.1" 404 - "-" "Mozilla/5.0 (compatible; MJ12bot/v1.4.8; http://mj12bot.com/)"
185.191.171.4 - - [19/Oct/2020:12:08:54 -0700] "GET /index.php?printable=yes&title=PCI-DSS-11.2.2 HTTP/1.1" 404 - "-" "Mozilla/5.0 (compatible; SemrushBot/6~bl; +http://www.semrush.com/bot.html)"
