174.7.115.156 - - [19/Oct/2020:11:54:01 -0700] "GET /phpmyadmin/themes/pmahomme/img/b_sql.png HTTP/1.1" 200 680 "http://stevenover.land/phpmyadmin/phpmyadmin.css.php?nocache=6412434365ltr&server=1" "Mozilla/5.0 (Windows NT 10.0; Win64; x64) AppleWebKit/537.36 (KHTML, like Gecko) Chrome/86.0.4240.75 Safari/537.36"
174.7.115.156 - - [19/Oct/2020:11:54:01 -0700] "GET /phpmyadmin/themes/pmahomme/img/b_import.png HTTP/1.1" 200 556 "http://stevenover.land/phpmyadmin/phpmyadmin.css.php?nocache=6412434365ltr&server=1" "Mozilla/5.0 (Windows NT 10.0; Win64; x64) AppleWebKit/537.36 (KHTML, like Gecko) Chrome/86.0.4240.75 Safari/537.36"
174.7.115.156 - - [19/Oct/2020:11:54:01 -0700] "GET /phpmyadmin/themes/pmahomme/img/b_export.png HTTP/1.1" 200 514 "http://stevenover.land/phpmyadmin/phpmyadmin.css.php?nocache=6412434365ltr&server=1" "Mozilla/5.0 (Windows NT 10.0; Win64; x64) AppleWebKit/537.36 (KHTML, like Gecko) Chrome/86.0.4240.75 Safari/537.36"
174.7.115.156 - - [19/Oct/2020:11:54:01 -0700] "GET /phpmyadmin/themes/pmahomme/img/s_rights.png HTTP/1.1" 200 461 "http://stevenover.land/phpmyadmin/phpmyadmin.css.php?nocache=6412434365ltr&server=1" "Mozilla/5.0 (Windows NT 10.0; Win64; x64) AppleWebKit/537.36 (KHTML, like Gecko) Chrome/86.0.4240.75 Safari/537.36"
174.7.115.156 - - [19/Oct/2020:11:54:01 -0700] "GET /phpmyadmin/themes/pmahomme/img/s_status.png HTTP/1.1" 200 600 "http://stevenover.land/phpmyadmin/phpmyadmin.css.php?nocache=6412434365ltr&server=1" "Mozilla/5.0 (Windows NT 10.0; Win64; x64) AppleWebKit/537.36 (KHTML, like Gecko) Chrome/86.0.4240.75 Safari/537.36"
174.7.115.156 - - [19/Oct/2020:11:54:02 -0700] "GET /phpmyadmin/themes/pmahomme/img/b_tblops.png HTTP/1.1" 200 537 "http://stevenover.land/phpmyadmin/phpmyadmin.css.php?nocache=6412434365ltr&server=1" "Mozilla/5.0 (Windows NT 10.0; Win64; x64) AppleWebKit/537.36 (KHTML, like Gecko) Chrome/86.0.4240.75 Safari/537.36"
174.7.115.156 - - [19/Oct/2020:11:54:02 -0700] "GET /phpmyadmin/themes/pmahomme/img/s_top.png HTTP/1.1" 200 220 "http://stevenover.land/phpmyadmin/phpmyadmin.css.php?nocache=6412434365ltr&server=1" "Mozilla/5.0 (Windows NT 10.0; Win64; x64) AppleWebKit/537.36 (KHTML, like Gecko) Chrome/86.0.4240.75 Safari/537.36"
174.7.115.156 - - [19/Oct/2020:11:54:02 -0700] "GET /phpmyadmin/themes/pmahomme/img/b_plugin.png HTTP/1.1" 200 512 "http://stevenover.land/phpmyadmin/phpmyadmin.css.php?nocache=6412434365ltr&server=1" "Mozilla/5.0 (Windows NT 10.0; Win64; x64) AppleWebKit/537.36 (KHTML, like Gecko) Chrome/86.0.4240.75 Safari/537.36"
174.7.115.156 - - [19/Oct/2020:11:54:02 -0700] "GET /phpmyadmin/themes/pmahomme/img/b_engine.png HTTP/1.1" 200 398 "http://stevenover.land/phpmyadmin/phpmyadmin.css.php?nocache=6412434365ltr&server=1" "Mozilla/5.0 (Windows NT 10.0; Win64; x64) AppleWebKit/537.36 (KHTML, like Gecko) Chrome/86.0.4240.75 Safari/537.36"
174.7.115.156 - - [19/Oct/2020:11:54:02 -0700] "GET /phpmyadmin/themes/pmahomme/img/s_vars.png HTTP/1.1" 200 523 "http://stevenover.land/phpmyadmin/phpmyadmin.css.php?nocache=6412434365ltr&server=1" "Mozilla/5.0 (Windows NT 10.0; Win64; x64) AppleWebKit/537.36 (KHTML, like Gecko) Chrome/86.0.4240.75 Safari/537.36"
174.7.115.156 - - [19/Oct/2020:11:54:02 -0700] "GET /phpmyadmin/themes/pmahomme/img/s_asci.png HTTP/1.1" 200 148 "http://stevenover.land/phpmyadmin/phpmyadmin.css.php?nocache=6412434365ltr&server=1" "Mozilla/5.0 (Windows NT 10.0; Win64; x64) AppleWebKit/537.36 (KHTML, like Gecko) Chrome/86.0.4240.75 Safari/537.36"
174.7.115.156 - - [19/Oct/2020:11:54:02 -0700] "GET /phpmyadmin/themes/pmahomme/img/console.png HTTP/1.1" 200 292 "http://stevenover.land/phpmyadmin/phpmyadmin.css.php?nocache=6412434365ltr&server=1" "Mozilla/5.0 (Windows NT 10.0; Win64; x64) AppleWebKit/537.36 (KHTML, like Gecko) Chrome/86.0.4240.75 Safari/537.36"
174.7.115.156 - - [19/Oct/2020:11:54:02 -0700] "GET /phpmyadmin/themes/pmahomme/img/b_help.png HTTP/1.1" 200 705 "http://stevenover.land/phpmyadmin/phpmyadmin.css.php?nocache=6412434365ltr&server=1" "Mozilla/5.0 (Windows NT 10.0; Win64; x64) AppleWebKit/537.36 (KHTML, like Gecko) Chrome/86.0.4240.75 Safari/537.36"
174.7.115.156 - - [19/Oct/2020:11:54:02 -0700] "GET /phpmyadmin/themes/pmahomme/img/s_lang.png HTTP/1.1" 200 659 "http://stevenover.land/phpmyadmin/phpmyadmin.css.php?nocache=6412434365ltr&server=1" "Mozilla/5.0 (Windows NT 10.0; Win64; x64) AppleWebKit/537.36 (KHTML, like Gecko) Chrome/86.0.4240.75 Safari/537.36"
174.7.115.156 - - [19/Oct/2020:11:54:02 -0700] "GET /phpmyadmin/themes/pmahomme/img/s_theme.png HTTP/1.1" 200 772 "http://stevenover.land/phpmyadmin/phpmyadmin.css.php?nocache=6412434365ltr&server=1" "Mozilla/5.0 (Windows NT 10.0; Win64; x64) AppleWebKit/537.36 (KHTML, like Gecko) Chrome/86.0.4240.75 Safari/537.36"
174.7.115.156 - - [19/Oct/2020:11:54:02 -0700] "GET /phpmyadmin/themes/pmahomme/img/window-new.png HTTP/1.1" 200 468 "http://stevenover.land/phpmyadmin/phpmyadmin.css.php?nocache=6412434365ltr&server=1" "Mozilla/5.0 (Windows NT 10.0; Win64; x64) AppleWebKit/537.36 (KHTML, like Gecko) Chrome/86.0.4240.75 Safari/537.36"
174.7.115.156 - - [19/Oct/2020:11:54:02 -0700] "POST /phpmyadmin/ajax.php HTTP/1.1" 200 1375 "-" "Mozilla/5.0 (Windows NT 10.0; Win64; x64) AppleWebKit/537.36 (KHTML, like Gecko) Chrome/86.0.4240.75 Safari/537.36"
174.7.115.156 - - [19/Oct/2020:11:54:02 -0700] "GET /phpmyadmin/themes/pmahomme/img/b_more.png HTTP/1.1" 200 111 "http://stevenover.land/phpmyadmin/phpmyadmin.css.php?nocache=6412434365ltr&server=1" "Mozilla/5.0 (Windows NT 10.0; Win64; x64) AppleWebKit/537.36 (KHTML, like Gecko) Chrome/86.0.4240.75 Safari/537.36"
174.7.115.156 - - [19/Oct/2020:11:54:02 -0700] "POST /phpmyadmin/navigation.php?ajax_request=1&lang=en HTTP/1.1" 200 2075 "-" "Mozilla/5.0 (Windows NT 10.0; Win64; x64) AppleWebKit/537.36 (KHTML, like Gecko) Chrome/86.0.4240.75 Safari/537.36"
174.7.115.156 - - [19/Oct/2020:11:54:02 -0700] "POST /phpmyadmin/ajax.php HTTP/1.1" 200 1473 "-" "Mozilla/5.0 (Windows NT 10.0; Win64; x64) AppleWebKit/537.36 (KHTML, like Gecko) Chrome/86.0.4240.75 Safari/537.36"
174.7.115.156 - - [19/Oct/2020:11:54:02 -0700] "POST /phpmyadmin/ajax.php HTTP/1.1" 200 1366 "-" "Mozilla/5.0 (Windows NT 10.0; Win64; x64) AppleWebKit/537.36 (KHTML, like Gecko) Chrome/86.0.4240.75 Safari/537.36"
5.189.133.135 - - [19/Oct/2020:11:54:03 -0700] "GET /index.php?title=Special:UserLogin&returnto=Special:WhatLinksHere/PCI-DSS-11.3.3&returntoquery=hideredirs=1%26hidetrans=1&printable=yes HTTP/1.1" 404 - "-" "Mozilla/5.0 (compatible; MJ12bot/v1.4.8; http://mj12bot.com/)"
174.7.115.156 - - [19/Oct/2020:11:54:03 -0700] "GET /phpmyadmin/favicon.ico HTTP/1.1" 200 22486 "-" "Mozilla/5.0 (Windows NT 10.0; Win64; x64) AppleWebKit/537.36 (KHTML, like Gecko) Chrome/86.0.4240.75 Safari/537.36"
144.76.38.40 - - [19/Oct/2020:11:54:03 -0700] "GET /index.php?title=Special:UserLogin&returnto=File:Apple%20Fixes%20%E2%80%98AirDoS%E2%80%99%20Bug%20That%20Cripples%20Nearby%20iPhones,%20iPads%20Threatpost.pdf&returntoquery=diff=8857%26oldid=8856 HTTP/1.1" 404 - "-" "Mozilla/5.0 (compatible; MJ12bot/v1.4.8; http://mj12bot.com/)"
174.7.115.156 - - [19/Oct/2020:11:54:02 -0700] "POST /phpmyadmin/version_check.php HTTP/1.1" 200 62 "-" "Mozilla/5.0 (Windows NT 10.0; Win64; x64) AppleWebKit/537.36 (KHTML, like Gecko) Chrome/86.0.4240.75 Safari/537.36"
174.7.115.156 - - [19/Oct/2020:11:54:02 -0700] "POST /phpmyadmin/db_structure.php?ajax_request=1&favorite_table=1&sync_favorite_tables=1&lang=en HTTP/1.1" 200 137 "-" "Mozilla/5.0 (Windows NT 10.0; Win64; x64) AppleWebKit/537.36 (KHTML, like Gecko) Chrome/86.0.4240.75 Safari/537.36"
144.76.38.40 - - [19/Oct/2020:11:54:05 -0700] "GET /index.php?title=Special:UserLogin&returnto=File:Apple%20Fixes%20%E2%80%98AirDoS%E2%80%99%20Bug%20That%20Cripples%20Nearby%20iPhones,%20iPads%20Threatpost.pdf&returntoquery=diff=8857%26oldid=8856%26printable=yes HTTP/1.1" 404 - "-" "Mozilla/5.0 (compatible; MJ12bot/v1.4.8; http://mj12bot.com/)"
5.9.158.195 - - [19/Oct/2020:11:54:06 -0700] "GET /index.php?title=Special:UserLogin&returnto=File:Apple%20Fixes%20%E2%80%98AirDoS%E2%80%99%20Bug%20That%20Cripples%20Nearby%20iPhones,%20iPads%20Threatpost.pdf&returntoquery=diff=cur%26oldid=8857 HTTP/1.1" 404 - "-" "Mozilla/5.0 (compatible; MJ12bot/v1.4.8; http://mj12bot.com/)"
144.76.38.40 - - [19/Oct/2020:11:54:07 -0700] "GET /index.php?title=Special:UserLogin&returnto=File:Apple%20Fixes%20%E2%80%98AirDoS%E2%80%99%20Bug%20That%20Cripples%20Nearby%20iPhones,%20iPads%20Threatpost.pdf&returntoquery=diff=8857%26oldid=8856&printable=yes HTTP/1.1" 404 - "-" "Mozilla/5.0 (compatible; MJ12bot/v1.4.8; http://mj12bot.com/)"
144.76.38.40 - - [19/Oct/2020:11:54:09 -0700] "GET /index.php?title=Special:UserLogin&returnto=File:Apple%20Fixes%20%E2%80%98AirDoS%E2%80%99%20Bug%20That%20Cripples%20Nearby%20iPhones,%20iPads%20Threatpost.pdf&returntoquery=diff=8866%26oldid=8856%26printable=yes&printable=yes HTTP/1.1" 404 - "-" "Mozilla/5.0 (compatible; MJ12bot/v1.4.8; http://mj12bot.com/)"
185.191.171.2 - - [19/Oct/2020:11:54:10 -0700] "GET /index.php?returnto=Escaping&returntoquery=oldid%3D43%26printable%3Dyes&title=Special%3AUserLogin HTTP/1.1" 404 - "-" "Mozilla/5.0 (compatible; SemrushBot/6~bl; +http://www.semrush.com/bot.html)"
144.76.38.40 - - [19/Oct/2020:11:54:11 -0700] "GET /index.php?title=Special:UserLogin&returnto=File:Apple%20Fixes%20%E2%80%98AirDoS%E2%80%99%20Bug%20That%20Cripples%20Nearby%20iPhones,%20iPads%20Threatpost.pdf&returntoquery=diff=8866%26oldid=8856&printable=yes HTTP/1.1" 404 - "-" "Mozilla/5.0 (compatible; MJ12bot/v1.4.8; http://mj12bot.com/)"
144.76.38.40 - - [19/Oct/2020:11:54:14 -0700] "GET /index.php?title=Special:UserLogin&returnto=File:Apple%20Fixes%20%E2%80%98AirDoS%E2%80%99%20Bug%20That%20Cripples%20Nearby%20iPhones,%20iPads%20Threatpost.pdf&returntoquery=diff=8866%26oldid=8857 HTTP/1.1" 404 - "-" "Mozilla/5.0 (compatible; MJ12bot/v1.4.8; http://mj12bot.com/)"
144.76.38.40 - - [19/Oct/2020:11:54:16 -0700] "GET /index.php?title=Special:UserLogin&returnto=File:Apple%20Fixes%20%E2%80%98AirDoS%E2%80%99%20Bug%20That%20Cripples%20Nearby%20iPhones,%20iPads%20Threatpost.pdf&returntoquery=diff=8866%26oldid=8857%26printable=yes HTTP/1.1" 404 - "-" "Mozilla/5.0 (compatible; MJ12bot/v1.4.8; http://mj12bot.com/)"
5.9.158.195 - - [19/Oct/2020:11:54:17 -0700] "GET /index.php?title=Special:UserLogin&returnto=File:Apple%20Fixes%20%E2%80%98AirDoS%E2%80%99%20Bug%20That%20Cripples%20Nearby%20iPhones,%20iPads%20Threatpost.pdf&returntoquery=diff=cur%26oldid=8857%26printable=yes HTTP/1.1" 404 - "-" "Mozilla/5.0 (compatible; MJ12bot/v1.4.8; http://mj12bot.com/)"
144.76.38.40 - - [19/Oct/2020:11:54:18 -0700] "GET /index.php?title=Special:UserLogin&returnto=File:Apple%20Fixes%20%E2%80%98AirDoS%E2%80%99%20Bug%20That%20Cripples%20Nearby%20iPhones,%20iPads%20Threatpost.pdf&returntoquery=diff=8866%26oldid=8857%26printable=yes&printable=yes HTTP/1.1" 404 - "-" "Mozilla/5.0 (compatible; MJ12bot/v1.4.8; http://mj12bot.com/)"
5.189.133.135 - - [19/Oct/2020:11:54:18 -0700] "GET /index.php?title=Special:UserLogin&returnto=Special:WhatLinksHere/PCI-DSS-11.3.3&returntoquery=hideredirs=1%26limit=100&printable=yes HTTP/1.1" 404 - "-" "Mozilla/5.0 (compatible; MJ12bot/v1.4.8; http://mj12bot.com/)"
144.76.38.40 - - [19/Oct/2020:11:54:19 -0700] "GET /index.php?title=Special:UserLogin&returnto=File:Apple%20Fixes%20%E2%80%98AirDoS%E2%80%99%20Bug%20That%20Cripples%20Nearby%20iPhones,%20iPads%20Threatpost.pdf&returntoquery=diff=8866%26oldid=8857&printable=yes HTTP/1.1" 404 - "-" "Mozilla/5.0 (compatible; MJ12bot/v1.4.8; http://mj12bot.com/)"
144.76.38.40 - - [19/Oct/2020:11:54:21 -0700] "GET /index.php?title=Special:UserLogin&returnto=File:Apple%20Fixes%20%E2%80%98AirDoS%E2%80%99%20Bug%20That%20Cripples%20Nearby%20iPhones,%20iPads%20Threatpost.pdf&returntoquery=diff=8866%26oldid=8864 HTTP/1.1" 404 - "-" "Mozilla/5.0 (compatible; MJ12bot/v1.4.8; http://mj12bot.com/)"
144.76.38.40 - - [19/Oct/2020:11:54:23 -0700] "GET /index.php?title=Special:UserLogin&returnto=File:Apple%20Fixes%20%E2%80%98AirDoS%E2%80%99%20Bug%20That%20Cripples%20Nearby%20iPhones,%20iPads%20Threatpost.pdf&returntoquery=diff=8866%26oldid=8864%26printable=yes HTTP/1.1" 404 - "-" "Mozilla/5.0 (compatible; MJ12bot/v1.4.8; http://mj12bot.com/)"
144.76.38.40 - - [19/Oct/2020:11:54:25 -0700] "GET /index.php?title=Special:UserLogin&returnto=File:Apple%20Fixes%20%E2%80%98AirDoS%E2%80%99%20Bug%20That%20Cripples%20Nearby%20iPhones,%20iPads%20Threatpost.pdf&returntoquery=diff=8866%26oldid=8864%26printable=yes&printable=yes HTTP/1.1" 404 - "-" "Mozilla/5.0 (compatible; MJ12bot/v1.4.8; http://mj12bot.com/)"
144.76.38.40 - - [19/Oct/2020:11:54:27 -0700] "GET /index.php?title=Special:UserLogin&returnto=File:Apple%20Fixes%20%E2%80%98AirDoS%E2%80%99%20Bug%20That%20Cripples%20Nearby%20iPhones,%20iPads%20Threatpost.pdf&returntoquery=diff=8866%26oldid=8864&printable=yes HTTP/1.1" 404 - "-" "Mozilla/5.0 (compatible; MJ12bot/v1.4.8; http://mj12bot.com/)"
5.9.158.195 - - [19/Oct/2020:11:54:27 -0700] "GET /index.php?title=Special:UserLogin&returnto=File:Apple%20Fixes%20%E2%80%98AirDoS%E2%80%99%20Bug%20That%20Cripples%20Nearby%20iPhones,%20iPads%20Threatpost.pdf&returntoquery=diff=cur%26oldid=8857%26printable=yes&printable=yes HTTP/1.1" 404 - "-" "Mozilla/5.0 (compatible; MJ12bot/v1.4.8; http://mj12bot.com/)"
144.76.38.40 - - [19/Oct/2020:11:54:29 -0700] "GET /index.php?title=Special:UserLogin&returnto=File:Apple%20Fixes%20%E2%80%98AirDoS%E2%80%99%20Bug%20That%20Cripples%20Nearby%20iPhones,%20iPads%20Threatpost.pdf&returntoquery=diff=8866%26oldid=8865 HTTP/1.1" 404 - "-" "Mozilla/5.0 (compatible; MJ12bot/v1.4.8; http://mj12bot.com/)"
144.76.38.40 - - [19/Oct/2020:11:54:32 -0700] "GET /index.php?title=Special:UserLogin&returnto=File:Apple%20Fixes%20%E2%80%98AirDoS%E2%80%99%20Bug%20That%20Cripples%20Nearby%20iPhones,%20iPads%20Threatpost.pdf&returntoquery=diff=8866%26oldid=8865%26printable=yes HTTP/1.1" 404 - "-" "Mozilla/5.0 (compatible; MJ12bot/v1.4.8; http://mj12bot.com/)"
5.189.133.135 - - [19/Oct/2020:11:54:33 -0700] "GET /index.php?title=Special:UserLogin&returnto=Special:WhatLinksHere/PCI-DSS-11.3.3&returntoquery=hideredirs=1%26limit=20&printable=yes HTTP/1.1" 404 - "-" "Mozilla/5.0 (compatible; MJ12bot/v1.4.8; http://mj12bot.com/)"
185.191.171.43 - - [19/Oct/2020:11:54:34 -0700] "GET /index.php?returnto=DE.AE-5&returntoquery=diff%3Dnext%26oldid%3D1818%26printable%3Dyes&title=Special%3ACreateAccount HTTP/1.1" 404 - "-" "Mozilla/5.0 (compatible; SemrushBot/6~bl; +http://www.semrush.com/bot.html)"
144.76.38.40 - - [19/Oct/2020:11:54:34 -0700] "GET /index.php?title=Special:UserLogin&returnto=File:Apple%20Fixes%20%E2%80%98AirDoS%E2%80%99%20Bug%20That%20Cripples%20Nearby%20iPhones,%20iPads%20Threatpost.pdf&returntoquery=diff=8866%26oldid=8865&printable=yes HTTP/1.1" 404 - "-" "Mozilla/5.0 (compatible; MJ12bot/v1.4.8; http://mj12bot.com/)"
5.9.158.195 - - [19/Oct/2020:11:54:35 -0700] "GET /index.php?title=Special:UserLogin&returnto=File:Apple%20Fixes%20%E2%80%98AirDoS%E2%80%99%20Bug%20That%20Cripples%20Nearby%20iPhones,%20iPads%20Threatpost.pdf&returntoquery=diff=cur%26oldid=8857&printable=yes HTTP/1.1" 404 - "-" "Mozilla/5.0 (compatible; MJ12bot/v1.4.8; http://mj12bot.com/)"
144.76.38.40 - - [19/Oct/2020:11:54:36 -0700] "GET /index.php?title=Special:UserLogin&returnto=File:Apple%20Fixes%20%E2%80%98AirDoS%E2%80%99%20Bug%20That%20Cripples%20Nearby%20iPhones,%20iPads%20Threatpost.pdf&returntoquery=diff=cur%26oldid=8850 HTTP/1.1" 404 - "-" "Mozilla/5.0 (compatible; MJ12bot/v1.4.8; http://mj12bot.com/)"
144.76.38.40 - - [19/Oct/2020:11:54:39 -0700] "GET /index.php?title=Special:UserLogin&returnto=File:Apple%20Fixes%20%E2%80%98AirDoS%E2%80%99%20Bug%20That%20Cripples%20Nearby%20iPhones,%20iPads%20Threatpost.pdf&returntoquery=diff=cur%26oldid=8850%26printable=yes HTTP/1.1" 404 - "-" "Mozilla/5.0 (compatible; MJ12bot/v1.4.8; http://mj12bot.com/)"
144.76.38.40 - - [19/Oct/2020:11:54:41 -0700] "GET /index.php?title=Special:UserLogin&returnto=File:Apple%20Fixes%20%E2%80%98AirDoS%E2%80%99%20Bug%20That%20Cripples%20Nearby%20iPhones,%20iPads%20Threatpost.pdf&returntoquery=diff=cur%26oldid=8850%26printable=yes&printable=yes HTTP/1.1" 404 - "-" "Mozilla/5.0 (compatible; MJ12bot/v1.4.8; http://mj12bot.com/)"
144.76.38.40 - - [19/Oct/2020:11:54:43 -0700] "GET /index.php?title=Special:UserLogin&returnto=File:Apple%20Fixes%20%E2%80%98AirDoS%E2%80%99%20Bug%20That%20Cripples%20Nearby%20iPhones,%20iPads%20Threatpost.pdf&returntoquery=diff=cur%26oldid=8850&printable=yes HTTP/1.1" 404 - "-" "Mozilla/5.0 (compatible; MJ12bot/v1.4.8; http://mj12bot.com/)"
5.9.158.195 - - [19/Oct/2020:11:54:43 -0700] "GET /index.php?title=Special:UserLogin&returnto=File:Apple%20Fixes%20%E2%80%98AirDoS%E2%80%99%20Bug%20That%20Cripples%20Nearby%20iPhones,%20iPads%20Threatpost.pdf&returntoquery=diff=cur%26oldid=8864 HTTP/1.1" 404 - "-" "Mozilla/5.0 (compatible; MJ12bot/v1.4.8; http://mj12bot.com/)"
144.76.38.40 - - [19/Oct/2020:11:54:45 -0700] "GET /index.php?title=Special:UserLogin&returnto=File:Apple%20Fixes%20%E2%80%98AirDoS%E2%80%99%20Bug%20That%20Cripples%20Nearby%20iPhones,%20iPads%20Threatpost.pdf&returntoquery=diff=cur%26oldid=8856 HTTP/1.1" 404 - "-" "Mozilla/5.0 (compatible; MJ12bot/v1.4.8; http://mj12bot.com/)"
144.76.38.40 - - [19/Oct/2020:11:54:47 -0700] "GET /index.php?title=Special:UserLogin&returnto=File:Apple%20Fixes%20%E2%80%98AirDoS%E2%80%99%20Bug%20That%20Cripples%20Nearby%20iPhones,%20iPads%20Threatpost.pdf&returntoquery=diff=cur%26oldid=8856%26printable=yes HTTP/1.1" 404 - "-" "Mozilla/5.0 (compatible; MJ12bot/v1.4.8; http://mj12bot.com/)"
144.76.38.40 - - [19/Oct/2020:11:54:49 -0700] "GET /index.php?title=Special:UserLogin&returnto=File:Apple%20Fixes%20%E2%80%98AirDoS%E2%80%99%20Bug%20That%20Cripples%20Nearby%20iPhones,%20iPads%20Threatpost.pdf&returntoquery=diff=cur%26oldid=8856%26printable=yes&printable=yes HTTP/1.1" 404 - "-" "Mozilla/5.0 (compatible; MJ12bot/v1.4.8; http://mj12bot.com/)"
144.76.38.40 - - [19/Oct/2020:11:54:51 -0700] "GET /index.php?title=Special:UserLogin&returnto=File:Apple%20Fixes%20%E2%80%98AirDoS%E2%80%99%20Bug%20That%20Cripples%20Nearby%20iPhones,%20iPads%20Threatpost.pdf&returntoquery=diff=cur%26oldid=8856&printable=yes HTTP/1.1" 404 - "-" "Mozilla/5.0 (compatible; MJ12bot/v1.4.8; http://mj12bot.com/)"
5.189.133.135 - - [19/Oct/2020:11:54:51 -0700] "GET /index.php?title=Special:UserLogin&returnto=Special:WhatLinksHere/PCI-DSS-11.3.3&returntoquery=hideredirs=1%26limit=250&printable=yes HTTP/1.1" 404 - "-" "Mozilla/5.0 (compatible; MJ12bot/v1.4.8; http://mj12bot.com/)"
144.76.38.40 - - [19/Oct/2020:11:54:53 -0700] "GET /index.php?title=Special:UserLogin&returnto=File:Apple%20Fixes%20%E2%80%98AirDoS%E2%80%99%20Bug%20That%20Cripples%20Nearby%20iPhones,%20iPads%20Threatpost.pdf&returntoquery=diff=cur%26oldid=8857 HTTP/1.1" 404 - "-" "Mozilla/5.0 (compatible; MJ12bot/v1.4.8; http://mj12bot.com/)"
5.9.158.195 - - [19/Oct/2020:11:54:54 -0700] "GET /index.php?title=Special:UserLogin&returnto=File:Apple%20Fixes%20%E2%80%98AirDoS%E2%80%99%20Bug%20That%20Cripples%20Nearby%20iPhones,%20iPads%20Threatpost.pdf&returntoquery=diff=cur%26oldid=8864%26printable=yes HTTP/1.1" 404 - "-" "Mozilla/5.0 (compatible; MJ12bot/v1.4.8; http://mj12bot.com/)"
144.76.38.40 - - [19/Oct/2020:11:54:55 -0700] "GET /index.php?title=Special:UserLogin&returnto=File:Apple%20Fixes%20%E2%80%98AirDoS%E2%80%99%20Bug%20That%20Cripples%20Nearby%20iPhones,%20iPads%20Threatpost.pdf&returntoquery=diff=cur%26oldid=8857%26printable=yes HTTP/1.1" 404 - "-" "Mozilla/5.0 (compatible; MJ12bot/v1.4.8; http://mj12bot.com/)"
5.189.133.135 - - [19/Oct/2020:11:54:56 -0700] "GET /index.php?title=Special:UserLogin&returnto=Special:WhatLinksHere/PCI-DSS-11.3.3&returntoquery=hideredirs=1%26limit=50&printable=yes HTTP/1.1" 404 - "-" "Mozilla/5.0 (compatible; MJ12bot/v1.4.8; http://mj12bot.com/)"
144.76.38.40 - - [19/Oct/2020:11:54:57 -0700] "GET /index.php?title=Special:UserLogin&returnto=File:Apple%20Fixes%20%E2%80%98AirDoS%E2%80%99%20Bug%20That%20Cripples%20Nearby%20iPhones,%20iPads%20Threatpost.pdf&returntoquery=diff=cur%26oldid=8857%26printable=yes&printable=yes HTTP/1.1" 404 - "-" "Mozilla/5.0 (compatible; MJ12bot/v1.4.8; http://mj12bot.com/)"
144.76.38.40 - - [19/Oct/2020:11:54:59 -0700] "GET /index.php?title=Special:UserLogin&returnto=File:Apple%20Fixes%20%E2%80%98AirDoS%E2%80%99%20Bug%20That%20Cripples%20Nearby%20iPhones,%20iPads%20Threatpost.pdf&returntoquery=diff=cur%26oldid=8857&printable=yes HTTP/1.1" 404 - "-" "Mozilla/5.0 (compatible; MJ12bot/v1.4.8; http://mj12bot.com/)"
144.76.38.40 - - [19/Oct/2020:11:55:01 -0700] "GET /index.php?title=Special:UserLogin&returnto=File:Apple%20Fixes%20%E2%80%98AirDoS%E2%80%99%20Bug%20That%20Cripples%20Nearby%20iPhones,%20iPads%20Threatpost.pdf&returntoquery=diff=cur%26oldid=8864 HTTP/1.1" 404 - "-" "Mozilla/5.0 (compatible; MJ12bot/v1.4.8; http://mj12bot.com/)"
5.9.158.195 - - [19/Oct/2020:11:55:02 -0700] "GET /index.php?title=Special:UserLogin&returnto=File:Apple%20Fixes%20%E2%80%98AirDoS%E2%80%99%20Bug%20That%20Cripples%20Nearby%20iPhones,%20iPads%20Threatpost.pdf&returntoquery=diff=cur%26oldid=8864%26printable=yes&printable=yes HTTP/1.1" 404 - "-" "Mozilla/5.0 (compatible; MJ12bot/v1.4.8; http://mj12bot.com/)"
144.76.38.40 - - [19/Oct/2020:11:55:03 -0700] "GET /index.php?title=Special:UserLogin&returnto=File:Apple%20Fixes%20%E2%80%98AirDoS%E2%80%99%20Bug%20That%20Cripples%20Nearby%20iPhones,%20iPads%20Threatpost.pdf&returntoquery=diff=cur%26oldid=8864%26printable=yes HTTP/1.1" 404 - "-" "Mozilla/5.0 (compatible; MJ12bot/v1.4.8; http://mj12bot.com/)"
144.76.38.40 - - [19/Oct/2020:11:55:05 -0700] "GET /index.php?title=Special:UserLogin&returnto=File:Apple%20Fixes%20%E2%80%98AirDoS%E2%80%99%20Bug%20That%20Cripples%20Nearby%20iPhones,%20iPads%20Threatpost.pdf&returntoquery=diff=cur%26oldid=8864%26printable=yes&printable=yes HTTP/1.1" 404 - "-" "Mozilla/5.0 (compatible; MJ12bot/v1.4.8; http://mj12bot.com/)"
5.9.158.195 - - [19/Oct/2020:11:55:07 -0700] "GET /index.php?title=Special:UserLogin&returnto=File:Apple%20Fixes%20%E2%80%98AirDoS%E2%80%99%20Bug%20That%20Cripples%20Nearby%20iPhones,%20iPads%20Threatpost.pdf&returntoquery=diff=cur%26oldid=8864&printable=yes HTTP/1.1" 404 - "-" "Mozilla/5.0 (compatible; MJ12bot/v1.4.8; http://mj12bot.com/)"
144.76.38.40 - - [19/Oct/2020:11:55:08 -0700] "GET /index.php?title=Special:UserLogin&returnto=File:Apple%20Fixes%20%E2%80%98AirDoS%E2%80%99%20Bug%20That%20Cripples%20Nearby%20iPhones,%20iPads%20Threatpost.pdf&returntoquery=diff=cur%26oldid=8864&printable=yes HTTP/1.1" 404 - "-" "Mozilla/5.0 (compatible; MJ12bot/v1.4.8; http://mj12bot.com/)"
144.76.38.40 - - [19/Oct/2020:11:55:11 -0700] "GET /index.php?title=Special:UserLogin&returnto=Special:UserRights/Steve&returntoquery=printable=yes HTTP/1.1" 404 - "-" "Mozilla/5.0 (compatible; MJ12bot/v1.4.8; http://mj12bot.com/)"
144.76.38.40 - - [19/Oct/2020:11:55:13 -0700] "GET /index.php?title=Special:UserLogin&returnto=Special:WhatLinksHere&returntoquery=target=PCI-DSS-1.1 HTTP/1.1" 404 - "-" "Mozilla/5.0 (compatible; MJ12bot/v1.4.8; http://mj12bot.com/)"
144.76.38.40 - - [19/Oct/2020:11:55:14 -0700] "GET /index.php?title=Special:UserLogin&returnto=Special:WhatLinksHere&returntoquery=target=PCI-DSS-1.1.1 HTTP/1.1" 404 - "-" "Mozilla/5.0 (compatible; MJ12bot/v1.4.8; http://mj12bot.com/)"
185.191.171.15 - - [19/Oct/2020:11:55:16 -0700] "GET /index.php?diff=next&oldid=1360&title=ID.RA-3 HTTP/1.1" 404 - "-" "Mozilla/5.0 (compatible; SemrushBot/6~bl; +http://www.semrush.com/bot.html)"
144.76.38.40 - - [19/Oct/2020:11:55:16 -0700] "GET /index.php?title=Special:UserLogin&returnto=Special:WhatLinksHere&returntoquery=target=PCI-DSS-1.1.1%26printable=yes HTTP/1.1" 404 - "-" "Mozilla/5.0 (compatible; MJ12bot/v1.4.8; http://mj12bot.com/)"
144.76.38.40 - - [19/Oct/2020:11:55:18 -0700] "GET /index.php?title=Special:UserLogin&returnto=Special:WhatLinksHere&returntoquery=target=PCI-DSS-1.1.2%26printable=yes HTTP/1.1" 404 - "-" "Mozilla/5.0 (compatible; MJ12bot/v1.4.8; http://mj12bot.com/)"
5.9.158.195 - - [19/Oct/2020:11:55:19 -0700] "GET /index.php?title=Special:UserLogin&returnto=File:Apple%20Fixes%20%E2%80%98AirDoS%E2%80%99%20Bug%20That%20Cripples%20Nearby%20iPhones,%20iPads%20Threatpost.pdf&returntoquery=diff=cur%26oldid=8865 HTTP/1.1" 404 - "-" "Mozilla/5.0 (compatible; MJ12bot/v1.4.8; http://mj12bot.com/)"
144.76.38.40 - - [19/Oct/2020:11:55:20 -0700] "GET /index.php?title=Special:UserLogin&returnto=Special:WhatLinksHere/CSC-18&returntoquery=hidelinks=1 HTTP/1.1" 404 - "-" "Mozilla/5.0 (compatible; MJ12bot/v1.4.8; http://mj12bot.com/)"
144.76.38.40 - - [19/Oct/2020:11:55:22 -0700] "GET /index.php?title=Special:UserLogin&returnto=Special:WhatLinksHere/CSC-18&returntoquery=hidelinks=1%26hideredirs=1 HTTP/1.1" 404 - "-" "Mozilla/5.0 (compatible; MJ12bot/v1.4.8; http://mj12bot.com/)"
5.189.133.135 - - [19/Oct/2020:11:55:22 -0700] "GET /index.php?title=Special:UserLogin&returnto=Special:WhatLinksHere/PCI-DSS-11.3.3&returntoquery=hideredirs=1%26limit=500&printable=yes HTTP/1.1" 404 - "-" "Mozilla/5.0 (compatible; MJ12bot/v1.4.8; http://mj12bot.com/)"
144.76.38.40 - - [19/Oct/2020:11:55:24 -0700] "GET /index.php?title=Special:UserLogin&returnto=Special:WhatLinksHere/CSC-18&returntoquery=hidelinks=1%26limit=100 HTTP/1.1" 404 - "-" "Mozilla/5.0 (compatible; MJ12bot/v1.4.8; http://mj12bot.com/)"
185.191.171.6 - - [19/Oct/2020:11:55:24 -0700] "GET /index.php?returnto=CSC-8.2&returntoquery=oldid%3D7994&title=Special%3AUserLogin HTTP/1.1" 404 - "-" "Mozilla/5.0 (compatible; SemrushBot/6~bl; +http://www.semrush.com/bot.html)"
144.76.38.40 - - [19/Oct/2020:11:55:26 -0700] "GET /index.php?title=Special:UserLogin&returnto=Special:WhatLinksHere/CSC-18&returntoquery=hidelinks=1%26limit=20 HTTP/1.1" 404 - "-" "Mozilla/5.0 (compatible; MJ12bot/v1.4.8; http://mj12bot.com/)"
5.9.158.195 - - [19/Oct/2020:11:55:27 -0700] "GET /index.php?title=Special:UserLogin&returnto=File:Apple%20Fixes%20%E2%80%98AirDoS%E2%80%99%20Bug%20That%20Cripples%20Nearby%20iPhones,%20iPads%20Threatpost.pdf&returntoquery=diff=cur%26oldid=8865%26printable=yes HTTP/1.1" 404 - "-" "Mozilla/5.0 (compatible; MJ12bot/v1.4.8; http://mj12bot.com/)"
185.191.171.23 - - [19/Oct/2020:11:55:32 -0700] "GET /index.php?action=edit&redlink=1&title=Attacks HTTP/1.1" 404 - "-" "Mozilla/5.0 (compatible; SemrushBot/6~bl; +http://www.semrush.com/bot.html)"
5.189.133.135 - - [19/Oct/2020:11:55:33 -0700] "GET /index.php?title=Special:UserLogin&returnto=Special:WhatLinksHere/PCI-DSS-11.3.3&returntoquery=hideredirs=1%26printable=yes&printable=yes HTTP/1.1" 404 - "-" "Mozilla/5.0 (compatible; MJ12bot/v1.4.8; http://mj12bot.com/)"
5.9.158.195 - - [19/Oct/2020:11:55:35 -0700] "GET /index.php?title=Special:UserLogin&returnto=File:Apple%20Fixes%20%E2%80%98AirDoS%E2%80%99%20Bug%20That%20Cripples%20Nearby%20iPhones,%20iPads%20Threatpost.pdf&returntoquery=diff=cur%26oldid=8865%26printable=yes&printable=yes HTTP/1.1" 404 - "-" "Mozilla/5.0 (compatible; MJ12bot/v1.4.8; http://mj12bot.com/)"
185.191.171.24 - - [19/Oct/2020:11:55:40 -0700] "GET /index.php?action=history&title=CSC-10.5 HTTP/1.1" 404 - "-" "Mozilla/5.0 (compatible; SemrushBot/6~bl; +http://www.semrush.com/bot.html)"
5.9.158.195 - - [19/Oct/2020:11:55:41 -0700] "GET /index.php?title=Special:UserLogin&returnto=File:Apple%20Fixes%20%E2%80%98AirDoS%E2%80%99%20Bug%20That%20Cripples%20Nearby%20iPhones,%20iPads%20Threatpost.pdf&returntoquery=diff=cur%26oldid=8865&printable=yes HTTP/1.1" 404 - "-" "Mozilla/5.0 (compatible; MJ12bot/v1.4.8; http://mj12bot.com/)"
185.191.171.6 - - [19/Oct/2020:11:55:42 -0700] "GET /index.php?returnto=Special%3AWhatLinksHere%2F-%2BData%2Bexposure&returntoquery=limit%3D250&title=Special%3AUserLogin HTTP/1.1" 404 - "-" "Mozilla/5.0 (compatible; SemrushBot/6~bl; +http://www.semrush.com/bot.html)"
174.7.115.156 - - [19/Oct/2020:11:55:44 -0700] "GET /phpmyadmin/ HTTP/1.1" 403 1220 "-" "Mozilla/5.0 (Windows NT 10.0; Win64; x64) AppleWebKit/537.36 (KHTML, like Gecko) Chrome/86.0.4240.75 Safari/537.36"
5.189.133.135 - - [19/Oct/2020:11:55:46 -0700] "GET /index.php?title=Special:UserLogin&returnto=Special:WhatLinksHere/PCI-DSS-11.3.3&returntoquery=hideredirs=1&printable=yes HTTP/1.1" 404 - "-" "Mozilla/5.0 (compatible; MJ12bot/v1.4.8; http://mj12bot.com/)"
5.9.158.195 - - [19/Oct/2020:11:55:47 -0700] "GET /index.php?title=Special:UserLogin&returnto=File:Apple%20Fixes%20%E2%80%98AirDoS%E2%80%99%20Bug%20That%20Cripples%20Nearby%20iPhones,%20iPads%20Threatpost.pdf&returntoquery=diff=next%26oldid=8850 HTTP/1.1" 404 - "-" "Mozilla/5.0 (compatible; MJ12bot/v1.4.8; http://mj12bot.com/)"
174.7.115.156 - - [19/Oct/2020:11:55:48 -0700] "GET /phpmyadmin/ HTTP/1.1" 403 1220 "-" "Mozilla/5.0 (Windows NT 10.0; Win64; x64) AppleWebKit/537.36 (KHTML, like Gecko) Chrome/86.0.4240.75 Safari/537.36"
174.7.115.156 - - [19/Oct/2020:11:55:49 -0700] "GET /phpmyadmin/ HTTP/1.1" 403 1220 "-" "Mozilla/5.0 (Windows NT 10.0; Win64; x64) AppleWebKit/537.36 (KHTML, like Gecko) Chrome/86.0.4240.75 Safari/537.36"
174.7.115.156 - - [19/Oct/2020:11:55:50 -0700] "GET /phpmyadmin/ HTTP/1.1" 403 1220 "-" "Mozilla/5.0 (Windows NT 10.0; Win64; x64) AppleWebKit/537.36 (KHTML, like Gecko) Chrome/86.0.4240.75 Safari/537.36"
5.9.158.195 - - [19/Oct/2020:11:55:55 -0700] "GET /index.php?title=Special:UserLogin&returnto=File:Apple%20Fixes%20%E2%80%98AirDoS%E2%80%99%20Bug%20That%20Cripples%20Nearby%20iPhones,%20iPads%20Threatpost.pdf&returntoquery=diff=next%26oldid=8850%26printable=yes HTTP/1.1" 404 - "-" "Mozilla/5.0 (compatible; MJ12bot/v1.4.8; http://mj12bot.com/)"
5.189.133.135 - - [19/Oct/2020:11:55:58 -0700] "GET /index.php?title=Special:UserLogin&returnto=Special:WhatLinksHere/PCI-DSS-11.3.3&returntoquery=hidetrans=1%26hideredirs=1&printable=yes HTTP/1.1" 404 - "-" "Mozilla/5.0 (compatible; MJ12bot/v1.4.8; http://mj12bot.com/)"
5.9.158.195 - - [19/Oct/2020:11:56:07 -0700] "GET /index.php?title=Special:UserLogin&returnto=File:Apple%20Fixes%20%E2%80%98AirDoS%E2%80%99%20Bug%20That%20Cripples%20Nearby%20iPhones,%20iPads%20Threatpost.pdf&returntoquery=diff=next%26oldid=8850%26printable=yes&printable=yes HTTP/1.1" 404 - "-" "Mozilla/5.0 (compatible; MJ12bot/v1.4.8; http://mj12bot.com/)"
5.189.133.135 - - [19/Oct/2020:11:56:12 -0700] "GET /index.php?title=Special:UserLogin&returnto=Special:WhatLinksHere/PCI-DSS-11.3.3&returntoquery=hidetrans=1%26limit=100&printable=yes HTTP/1.1" 404 - "-" "Mozilla/5.0 (compatible; MJ12bot/v1.4.8; http://mj12bot.com/)"
66.249.70.13 - - [19/Oct/2020:11:56:12 -0700] "GET /index.php?title=CSC-3.1&action=history HTTP/1.1" 404 - "-" "Mozilla/5.0 (Linux; Android 6.0.1; Nexus 5X Build/MMB29P) AppleWebKit/537.36 (KHTML, like Gecko) Chrome/86.0.4240.96 Mobile Safari/537.36 (compatible; Googlebot/2.1; +http://www.google.com/bot.html)"
174.7.115.156 - - [19/Oct/2020:11:56:15 -0700] "GET /phpmyadmin/ HTTP/1.1" 403 1220 "-" "Mozilla/5.0 (Windows NT 10.0; Win64; x64) AppleWebKit/537.36 (KHTML, like Gecko) Chrome/86.0.4240.75 Safari/537.36"
5.9.158.195 - - [19/Oct/2020:11:56:16 -0700] "GET /index.php?title=Special:UserLogin&returnto=File:Apple%20Fixes%20%E2%80%98AirDoS%E2%80%99%20Bug%20That%20Cripples%20Nearby%20iPhones,%20iPads%20Threatpost.pdf&returntoquery=diff=next%26oldid=8850&printable=yes HTTP/1.1" 404 - "-" "Mozilla/5.0 (compatible; MJ12bot/v1.4.8; http://mj12bot.com/)"
5.9.158.195 - - [19/Oct/2020:11:56:21 -0700] "GET /index.php?title=Special:UserLogin&returnto=File:Apple%20Fixes%20%E2%80%98AirDoS%E2%80%99%20Bug%20That%20Cripples%20Nearby%20iPhones,%20iPads%20Threatpost.pdf&returntoquery=diff=next%26oldid=8856 HTTP/1.1" 404 - "-" "Mozilla/5.0 (compatible; MJ12bot/v1.4.8; http://mj12bot.com/)"
174.7.115.156 - - [19/Oct/2020:11:56:27 -0700] "GET /phpmyadmin/ HTTP/1.1" 403 1220 "-" "Mozilla/5.0 (Windows NT 10.0; Win64; x64) AppleWebKit/537.36 (KHTML, like Gecko) Chrome/86.0.4240.75 Safari/537.36"
5.9.158.195 - - [19/Oct/2020:11:56:29 -0700] "GET /index.php?title=Special:UserLogin&returnto=File:Apple%20Fixes%20%E2%80%98AirDoS%E2%80%99%20Bug%20That%20Cripples%20Nearby%20iPhones,%20iPads%20Threatpost.pdf&returntoquery=diff=next%26oldid=8856%26printable=yes HTTP/1.1" 404 - "-" "Mozilla/5.0 (compatible; MJ12bot/v1.4.8; http://mj12bot.com/)"
185.191.171.19 - - [19/Oct/2020:11:56:30 -0700] "GET /index.php?returnto=PCI-DSS-6.3.2&returntoquery=action%3Dinfo&title=Special%3ACreateAccount HTTP/1.1" 404 - "-" "Mozilla/5.0 (compatible; SemrushBot/6~bl; +http://www.semrush.com/bot.html)"
5.189.133.135 - - [19/Oct/2020:11:56:31 -0700] "GET /index.php?title=Special:UserLogin&returnto=Special:WhatLinksHere/PCI-DSS-11.3.3&returntoquery=hidetrans=1%26limit=20&printable=yes HTTP/1.1" 404 - "-" "Mozilla/5.0 (compatible; MJ12bot/v1.4.8; http://mj12bot.com/)"
185.191.171.37 - - [19/Oct/2020:11:56:33 -0700] "GET /index.php?action=info&title=PCI-DSS-A3.2.6.1 HTTP/1.1" 404 - "-" "Mozilla/5.0 (compatible; SemrushBot/6~bl; +http://www.semrush.com/bot.html)"
174.7.115.156 - - [19/Oct/2020:11:56:36 -0700] "GET /phpmyadmin/ HTTP/1.1" 403 1220 "-" "Mozilla/5.0 (Windows NT 10.0; Win64; x64) AppleWebKit/537.36 (KHTML, like Gecko) Chrome/86.0.4240.75 Safari/537.36"
5.9.158.195 - - [19/Oct/2020:11:56:42 -0700] "GET /index.php?title=Special:UserLogin&returnto=File:Apple%20Fixes%20%E2%80%98AirDoS%E2%80%99%20Bug%20That%20Cripples%20Nearby%20iPhones,%20iPads%20Threatpost.pdf&returntoquery=diff=next%26oldid=8856%26printable=yes&printable=yes HTTP/1.1" 404 - "-" "Mozilla/5.0 (compatible; MJ12bot/v1.4.8; http://mj12bot.com/)"
5.189.133.135 - - [19/Oct/2020:11:56:44 -0700] "GET /index.php?title=Special:UserLogin&returnto=Special:WhatLinksHere/PCI-DSS-11.3.3&returntoquery=hidetrans=1%26limit=250&printable=yes HTTP/1.1" 404 - "-" "Mozilla/5.0 (compatible; MJ12bot/v1.4.8; http://mj12bot.com/)"
174.7.115.156 - - [19/Oct/2020:11:56:51 -0700] "GET /phpmyadmin/ HTTP/1.1" 403 1220 "-" "Mozilla/5.0 (Windows NT 10.0; Win64; x64) AppleWebKit/537.36 (KHTML, like Gecko) Chrome/86.0.4240.75 Safari/537.36"
5.9.158.195 - - [19/Oct/2020:11:56:51 -0700] "GET /index.php?title=Special:UserLogin&returnto=File:Apple%20Fixes%20%E2%80%98AirDoS%E2%80%99%20Bug%20That%20Cripples%20Nearby%20iPhones,%20iPads%20Threatpost.pdf&returntoquery=diff=next%26oldid=8856&printable=yes HTTP/1.1" 404 - "-" "Mozilla/5.0 (compatible; MJ12bot/v1.4.8; http://mj12bot.com/)"
174.7.115.156 - - [19/Oct/2020:11:56:53 -0700] "GET /phpmyadmin/ HTTP/1.1" 403 1220 "-" "Mozilla/5.0 (Windows NT 10.0; Win64; x64) AppleWebKit/537.36 (KHTML, like Gecko) Chrome/86.0.4240.75 Safari/537.36"
5.9.158.195 - - [19/Oct/2020:11:57:01 -0700] "GET /index.php?title=Special:UserLogin&returnto=File:Apple%20Fixes%20%E2%80%98AirDoS%E2%80%99%20Bug%20That%20Cripples%20Nearby%20iPhones,%20iPads%20Threatpost.pdf&returntoquery=diff=next%26oldid=8857 HTTP/1.1" 404 - "-" "Mozilla/5.0 (compatible; MJ12bot/v1.4.8; http://mj12bot.com/)"
5.189.133.135 - - [19/Oct/2020:11:57:03 -0700] "GET /index.php?title=Special:UserLogin&returnto=Special:WhatLinksHere/PCI-DSS-11.3.3&returntoquery=hidetrans=1%26limit=50&printable=yes HTTP/1.1" 404 - "-" "Mozilla/5.0 (compatible; MJ12bot/v1.4.8; http://mj12bot.com/)"
5.9.158.195 - - [19/Oct/2020:11:57:11 -0700] "GET /index.php?title=Special:UserLogin&returnto=File:Apple%20Fixes%20%E2%80%98AirDoS%E2%80%99%20Bug%20That%20Cripples%20Nearby%20iPhones,%20iPads%20Threatpost.pdf&returntoquery=diff=next%26oldid=8857%26printable=yes HTTP/1.1" 404 - "-" "Mozilla/5.0 (compatible; MJ12bot/v1.4.8; http://mj12bot.com/)"
5.9.158.195 - - [19/Oct/2020:11:57:13 -0700] "GET /index.php?title=Special:UserLogin&returnto=File:Apple%20Fixes%20%E2%80%98AirDoS%E2%80%99%20Bug%20That%20Cripples%20Nearby%20iPhones,%20iPads%20Threatpost.pdf&returntoquery=diff=next%26oldid=8857%26printable=yes&printable=yes HTTP/1.1" 404 - "-" "Mozilla/5.0 (compatible; MJ12bot/v1.4.8; http://mj12bot.com/)"
185.191.171.5 - - [19/Oct/2020:11:57:23 -0700] "GET /index.php?returnto=ID.SC-3&returntoquery=diff%3D1679%26oldid%3D1603&title=Special%3AUserLogin HTTP/1.1" 404 - "-" "Mozilla/5.0 (compatible; SemrushBot/6~bl; +http://www.semrush.com/bot.html)"
5.189.133.135 - - [19/Oct/2020:11:57:25 -0700] "GET /index.php?title=Special:UserLogin&returnto=Special:WhatLinksHere/PCI-DSS-11.3.3&returntoquery=hidetrans=1%26limit=500&printable=yes HTTP/1.1" 404 - "-" "Mozilla/5.0 (compatible; MJ12bot/v1.4.8; http://mj12bot.com/)"
5.9.158.195 - - [19/Oct/2020:11:57:25 -0700] "GET /index.php?title=Special:UserLogin&returnto=File:Apple%20Fixes%20%E2%80%98AirDoS%E2%80%99%20Bug%20That%20Cripples%20Nearby%20iPhones,%20iPads%20Threatpost.pdf&returntoquery=diff=next%26oldid=8857&printable=yes HTTP/1.1" 404 - "-" "Mozilla/5.0 (compatible; MJ12bot/v1.4.8; http://mj12bot.com/)"
174.7.115.156 - - [19/Oct/2020:11:57:26 -0700] "GET /phpmyadmin/ HTTP/1.1" 403 1220 "-" "Mozilla/5.0 (Windows NT 10.0; Win64; x64) AppleWebKit/537.36 (KHTML, like Gecko) Chrome/86.0.4240.75 Safari/537.36"
174.7.115.156 - - [19/Oct/2020:11:57:27 -0700] "GET /phpmyadmin/ HTTP/1.1" 403 1220 "-" "Mozilla/5.0 (Windows NT 10.0; Win64; x64) AppleWebKit/537.36 (KHTML, like Gecko) Chrome/86.0.4240.75 Safari/537.36"
174.7.115.156 - - [19/Oct/2020:11:57:28 -0700] "GET /phpmyadmin/ HTTP/1.1" 403 1220 "-" "Mozilla/5.0 (Windows NT 10.0; Win64; x64) AppleWebKit/537.36 (KHTML, like Gecko) Chrome/86.0.4240.75 Safari/537.36"
174.7.115.156 - - [19/Oct/2020:11:57:33 -0700] "GET /phpmyadmin/ HTTP/1.1" 403 1220 "-" "Mozilla/5.0 (Windows NT 10.0; Win64; x64) AppleWebKit/537.36 (KHTML, like Gecko) Chrome/86.0.4240.75 Safari/537.36"
174.7.115.156 - - [19/Oct/2020:11:57:34 -0700] "GET /phpmyadmin/ HTTP/1.1" 403 1220 "-" "Mozilla/5.0 (Windows NT 10.0; Win64; x64) AppleWebKit/537.36 (KHTML, like Gecko) Chrome/86.0.4240.75 Safari/537.36"
5.9.158.195 - - [19/Oct/2020:11:57:36 -0700] "GET /index.php?title=Special:UserLogin&returnto=File:Apple%20Fixes%20%E2%80%98AirDoS%E2%80%99%20Bug%20That%20Cripples%20Nearby%20iPhones,%20iPads%20Threatpost.pdf&returntoquery=diff=next%26oldid=8864 HTTP/1.1" 404 - "-" "Mozilla/5.0 (compatible; MJ12bot/v1.4.8; http://mj12bot.com/)"
5.189.133.135 - - [19/Oct/2020:11:57:41 -0700] "GET /index.php?title=Special:UserLogin&returnto=Special:WhatLinksHere/PCI-DSS-11.3.3&returntoquery=hidetrans=1%26printable=yes&printable=yes HTTP/1.1" 404 - "-" "Mozilla/5.0 (compatible; MJ12bot/v1.4.8; http://mj12bot.com/)"
5.9.158.195 - - [19/Oct/2020:11:57:46 -0700] "GET /index.php?title=Special:UserLogin&returnto=File:Apple%20Fixes%20%E2%80%98AirDoS%E2%80%99%20Bug%20That%20Cripples%20Nearby%20iPhones,%20iPads%20Threatpost.pdf&returntoquery=diff=next%26oldid=8864%26printable=yes HTTP/1.1" 404 - "-" "Mozilla/5.0 (compatible; MJ12bot/v1.4.8; http://mj12bot.com/)"
66.249.70.15 - - [19/Oct/2020:11:57:46 -0700] "GET /index.php?title=Talk:CSC-3.1&action=edit&redlink=1 HTTP/1.1" 404 - "-" "Mozilla/5.0 (Linux; Android 6.0.1; Nexus 5X Build/MMB29P) AppleWebKit/537.36 (KHTML, like Gecko) Chrome/86.0.4240.96 Mobile Safari/537.36 (compatible; Googlebot/2.1; +http://www.google.com/bot.html)"
5.9.158.195 - - [19/Oct/2020:11:57:52 -0700] "GET /index.php?title=Special:UserLogin&returnto=File:Apple%20Fixes%20%E2%80%98AirDoS%E2%80%99%20Bug%20That%20Cripples%20Nearby%20iPhones,%20iPads%20Threatpost.pdf&returntoquery=diff=next%26oldid=8864%26printable=yes&printable=yes HTTP/1.1" 404 - "-" "Mozilla/5.0 (compatible; MJ12bot/v1.4.8; http://mj12bot.com/)"
5.189.133.135 - - [19/Oct/2020:11:57:58 -0700] "GET /index.php?title=Special:UserLogin&returnto=Special:WhatLinksHere/PCI-DSS-11.3.3&returntoquery=hidetrans=1&printable=yes HTTP/1.1" 404 - "-" "Mozilla/5.0 (compatible; MJ12bot/v1.4.8; http://mj12bot.com/)"
185.191.171.45 - - [19/Oct/2020:11:59:00 -0700] "GET /index.php?printable=yes&returnto=User%2Btalk%3ARickyClutterbuck&title=Special%3AUserLogin HTTP/1.1" 404 - "-" "Mozilla/5.0 (compatible; SemrushBot/6~bl; +http://www.semrush.com/bot.html)"
66.249.70.13 - - [19/Oct/2020:11:59:00 -0700] "GET /index.php?title=Special:CiteThisPage&page=CSC-3.1&id=11478 HTTP/1.1" 404 - "-" "Mozilla/5.0 (Linux; Android 6.0.1; Nexus 5X Build/MMB29P) AppleWebKit/537.36 (KHTML, like Gecko) Chrome/86.0.4240.96 Mobile Safari/537.36 (compatible; Googlebot/2.1; +http://www.google.com/bot.html)"
5.9.158.195 - - [19/Oct/2020:11:59:00 -0700] "GET /index.php?title=Special:UserLogin&returnto=File:Apple%20Fixes%20%E2%80%98AirDoS%E2%80%99%20Bug%20That%20Cripples%20Nearby%20iPhones,%20iPads%20Threatpost.pdf&returntoquery=diff=next%26oldid=8865%26printable=yes HTTP/1.1" 404 - "-" "Mozilla/5.0 (compatible; MJ12bot/v1.4.8; http://mj12bot.com/)"
185.191.171.23 - - [19/Oct/2020:11:59:02 -0700] "GET /index.php?returnto=Special%3ALog%2FRickyClutterbuck&returntoquery=hide_tag_log%3D0%26printable%3Dyes&title=Special%3AUserLogin HTTP/1.1" 404 - "-" "Mozilla/5.0 (compatible; SemrushBot/6~bl; +http://www.semrush.com/bot.html)"
5.189.133.135 - - [19/Oct/2020:11:59:04 -0700] "GET /index.php?title=Special:UserLogin&returnto=Special:WhatLinksHere/PCI-DSS-11.3.3&returntoquery=limit=100%26hidetrans=1&printable=yes HTTP/1.1" 404 - "-" "Mozilla/5.0 (compatible; MJ12bot/v1.4.8; http://mj12bot.com/)"
185.191.171.7 - - [19/Oct/2020:11:59:04 -0700] "GET /index.php?redirect=no&title=Category%3AInsider_threat HTTP/1.1" 404 - "-" "Mozilla/5.0 (compatible; SemrushBot/6~bl; +http://www.semrush.com/bot.html)"
174.7.115.156 - - [19/Oct/2020:11:59:04 -0700] "GET // HTTP/1.1" 302 - "-" "Mozilla/5.0 (Windows NT 10.0; Win64; x64) AppleWebKit/537.36 (KHTML, like Gecko) Chrome/86.0.4240.75 Safari/537.36"
174.7.115.156 - - [19/Oct/2020:11:59:04 -0700] "GET /dvwa/ HTTP/1.1" 302 - "-" "Mozilla/5.0 (Windows NT 10.0; Win64; x64) AppleWebKit/537.36 (KHTML, like Gecko) Chrome/86.0.4240.75 Safari/537.36"
174.7.115.156 - - [19/Oct/2020:11:59:04 -0700] "GET /dvwa/login.php HTTP/1.1" 200 1415 "-" "Mozilla/5.0 (Windows NT 10.0; Win64; x64) AppleWebKit/537.36 (KHTML, like Gecko) Chrome/86.0.4240.75 Safari/537.36"
185.191.171.3 - - [19/Oct/2020:11:59:05 -0700] "GET /index.php?from=20191025061032&limit=100&title=Special%3ARecentChanges HTTP/1.1" 404 - "-" "Mozilla/5.0 (compatible; SemrushBot/6~bl; +http://www.semrush.com/bot.html)"
174.7.115.156 - - [19/Oct/2020:11:59:06 -0700] "GET // HTTP/1.1" 302 - "-" "Mozilla/5.0 (Windows NT 10.0; Win64; x64) AppleWebKit/537.36 (KHTML, like Gecko) Chrome/86.0.4240.75 Safari/537.36"
174.7.115.156 - - [19/Oct/2020:11:59:06 -0700] "GET /dvwa/ HTTP/1.1" 302 - "-" "Mozilla/5.0 (Windows NT 10.0; Win64; x64) AppleWebKit/537.36 (KHTML, like Gecko) Chrome/86.0.4240.75 Safari/537.36"
174.7.115.156 - - [19/Oct/2020:11:59:06 -0700] "GET /dvwa/login.php HTTP/1.1" 200 1415 "-" "Mozilla/5.0 (Windows NT 10.0; Win64; x64) AppleWebKit/537.36 (KHTML, like Gecko) Chrome/86.0.4240.75 Safari/537.36"
174.7.115.156 - - [19/Oct/2020:11:59:06 -0700] "GET /dvwa/dvwa/css/login.css HTTP/1.1" 200 842 "http://stevenover.land/dvwa/login.php" "Mozilla/5.0 (Windows NT 10.0; Win64; x64) AppleWebKit/537.36 (KHTML, like Gecko) Chrome/86.0.4240.75 Safari/537.36"
174.7.115.156 - - [19/Oct/2020:11:59:06 -0700] "GET /dvwa/dvwa/images/login_logo.png HTTP/1.1" 200 9088 "http://stevenover.land/dvwa/login.php" "Mozilla/5.0 (Windows NT 10.0; Win64; x64) AppleWebKit/537.36 (KHTML, like Gecko) Chrome/86.0.4240.75 Safari/537.36"
5.9.158.195 - - [19/Oct/2020:11:59:07 -0700] "GET /index.php?title=Special:UserLogin&returnto=File:Apple%20Fixes%20%E2%80%98AirDoS%E2%80%99%20Bug%20That%20Cripples%20Nearby%20iPhones,%20iPads%20Threatpost.pdf&returntoquery=diff=next%26oldid=8865%26printable=yes&printable=yes HTTP/1.1" 404 - "-" "Mozilla/5.0 (compatible; MJ12bot/v1.4.8; http://mj12bot.com/)"
174.7.115.156 - - [19/Oct/2020:11:59:11 -0700] "GET /phpmyadmin/ HTTP/1.1" 403 1220 "-" "Mozilla/5.0 (Windows NT 10.0; Win64; x64) AppleWebKit/537.36 (KHTML, like Gecko) Chrome/86.0.4240.75 Safari/537.36"
5.9.158.195 - - [19/Oct/2020:11:59:11 -0700] "GET /index.php?title=Special:UserLogin&returnto=File:Apple%20Fixes%20%E2%80%98AirDoS%E2%80%99%20Bug%20That%20Cripples%20Nearby%20iPhones,%20iPads%20Threatpost.pdf&returntoquery=diff=next%26oldid=8865&printable=yes HTTP/1.1" 404 - "-" "Mozilla/5.0 (compatible; MJ12bot/v1.4.8; http://mj12bot.com/)"
5.9.158.195 - - [19/Oct/2020:11:59:20 -0700] "GET /index.php?title=Special:UserLogin&returnto=File:Apple%20Fixes%20%E2%80%98AirDoS%E2%80%99%20Bug%20That%20Cripples%20Nearby%20iPhones,%20iPads%20Threatpost.pdf&returntoquery=diff=prev%26oldid=8856 HTTP/1.1" 404 - "-" "Mozilla/5.0 (compatible; MJ12bot/v1.4.8; http://mj12bot.com/)"
5.189.133.135 - - [19/Oct/2020:11:59:24 -0700] "GET /index.php?title=Special:UserLogin&returnto=Special:WhatLinksHere/PCI-DSS-11.3.3&returntoquery=limit=100%26printable=yes&printable=yes HTTP/1.1" 404 - "-" "Mozilla/5.0 (compatible; MJ12bot/v1.4.8; http://mj12bot.com/)"
5.9.158.195 - - [19/Oct/2020:11:59:33 -0700] "GET /index.php?title=Special:UserLogin&returnto=File:Apple%20Fixes%20%E2%80%98AirDoS%E2%80%99%20Bug%20That%20Cripples%20Nearby%20iPhones,%20iPads%20Threatpost.pdf&returntoquery=diff=prev%26oldid=8856%26printable=yes HTTP/1.1" 404 - "-" "Mozilla/5.0 (compatible; MJ12bot/v1.4.8; http://mj12bot.com/)"
5.189.133.135 - - [19/Oct/2020:11:59:44 -0700] "GET /index.php?title=Special:UserLogin&returnto=Special:WhatLinksHere/PCI-DSS-11.3.3&returntoquery=limit=100&printable=yes HTTP/1.1" 404 - "-" "Mozilla/5.0 (compatible; MJ12bot/v1.4.8; http://mj12bot.com/)"
5.9.158.195 - - [19/Oct/2020:11:59:45 -0700] "GET /index.php?title=Special:UserLogin&returnto=File:Apple%20Fixes%20%E2%80%98AirDoS%E2%80%99%20Bug%20That%20Cripples%20Nearby%20iPhones,%20iPads%20Threatpost.pdf&returntoquery=diff=prev%26oldid=8856%26printable=yes&printable=yes HTTP/1.1" 404 - "-" "Mozilla/5.0 (compatible; MJ12bot/v1.4.8; http://mj12bot.com/)"
5.9.158.195 - - [19/Oct/2020:11:59:53 -0700] "GET /index.php?title=Special:UserLogin&returnto=File:Apple%20Fixes%20%E2%80%98AirDoS%E2%80%99%20Bug%20That%20Cripples%20Nearby%20iPhones,%20iPads%20Threatpost.pdf&returntoquery=diff=prev%26oldid=8856&printable=yes HTTP/1.1" 404 - "-" "Mozilla/5.0 (compatible; MJ12bot/v1.4.8; http://mj12bot.com/)"
5.189.133.135 - - [19/Oct/2020:11:59:56 -0700] "GET /index.php?title=Special:UserLogin&returnto=Special:WhatLinksHere/PCI-DSS-11.3.3&returntoquery=limit=20%26hideredirs=1&printable=yes HTTP/1.1" 404 - "-" "Mozilla/5.0 (compatible; MJ12bot/v1.4.8; http://mj12bot.com/)"
185.191.171.38 - - [19/Oct/2020:12:00:01 -0700] "GET /index.php?diff=5705&oldid=3679&title=CSC-20.6 HTTP/1.1" 404 - "-" "Mozilla/5.0 (compatible; SemrushBot/6~bl; +http://www.semrush.com/bot.html)"
5.9.158.195 - - [19/Oct/2020:12:00:01 -0700] "GET /index.php?title=Special:UserLogin&returnto=File:Apple%20Fixes%20%E2%80%98AirDoS%E2%80%99%20Bug%20That%20Cripples%20Nearby%20iPhones,%20iPads%20Threatpost.pdf&returntoquery=diff=prev%26oldid=8857 HTTP/1.1" 404 - "-" "Mozilla/5.0 (compatible; MJ12bot/v1.4.8; http://mj12bot.com/)"
5.9.158.195 - - [19/Oct/2020:12:00:08 -0700] "GET /index.php?title=Special:UserLogin&returnto=File:Apple%20Fixes%20%E2%80%98AirDoS%E2%80%99%20Bug%20That%20Cripples%20Nearby%20iPhones,%20iPads%20Threatpost.pdf&returntoquery=diff=prev%26oldid=8857%26printable=yes HTTP/1.1" 404 - "-" "Mozilla/5.0 (compatible; MJ12bot/v1.4.8; http://mj12bot.com/)"
5.189.133.135 - - [19/Oct/2020:12:00:16 -0700] "GET /index.php?title=Special:UserLogin&returnto=Special:WhatLinksHere/PCI-DSS-11.3.3&returntoquery=limit=20%26hidetrans=1&printable=yes HTTP/1.1" 404 - "-" "Mozilla/5.0 (compatible; MJ12bot/v1.4.8; http://mj12bot.com/)"
5.9.158.195 - - [19/Oct/2020:12:00:17 -0700] "GET /index.php?title=Special:UserLogin&returnto=File:Apple%20Fixes%20%E2%80%98AirDoS%E2%80%99%20Bug%20That%20Cripples%20Nearby%20iPhones,%20iPads%20Threatpost.pdf&returntoquery=diff=prev%26oldid=8857%26printable=yes&printable=yes HTTP/1.1" 404 - "-" "Mozilla/5.0 (compatible; MJ12bot/v1.4.8; http://mj12bot.com/)"
5.9.158.195 - - [19/Oct/2020:12:00:22 -0700] "GET /index.php?title=Special:UserLogin&returnto=File:Apple%20Fixes%20%E2%80%98AirDoS%E2%80%99%20Bug%20That%20Cripples%20Nearby%20iPhones,%20iPads%20Threatpost.pdf&returntoquery=diff=prev%26oldid=8857&printable=yes HTTP/1.1" 404 - "-" "Mozilla/5.0 (compatible; MJ12bot/v1.4.8; http://mj12bot.com/)"
5.189.133.135 - - [19/Oct/2020:12:00:30 -0700] "GET /index.php?title=Special:UserLogin&returnto=Special:WhatLinksHere/PCI-DSS-11.3.3&returntoquery=limit=20%26printable=yes&printable=yes HTTP/1.1" 404 - "-" "Mozilla/5.0 (compatible; MJ12bot/v1.4.8; http://mj12bot.com/)"
185.191.171.10 - - [19/Oct/2020:12:00:32 -0700] "GET /index.php?returnto=ID.RA-2&returntoquery=diff%3Dprev%26oldid%3D1804&title=Special%3ACreateAccount HTTP/1.1" 404 - "-" "Mozilla/5.0 (compatible; SemrushBot/6~bl; +http://www.semrush.com/bot.html)"
5.9.158.195 - - [19/Oct/2020:12:00:34 -0700] "GET /index.php?title=Special:UserLogin&returnto=File:Apple%20Fixes%20%E2%80%98AirDoS%E2%80%99%20Bug%20That%20Cripples%20Nearby%20iPhones,%20iPads%20Threatpost.pdf&returntoquery=diff=prev%26oldid=8864 HTTP/1.1" 404 - "-" "Mozilla/5.0 (compatible; MJ12bot/v1.4.8; http://mj12bot.com/)"
5.9.158.195 - - [19/Oct/2020:12:00:41 -0700] "GET /index.php?title=Special:UserLogin&returnto=File:Apple%20Fixes%20%E2%80%98AirDoS%E2%80%99%20Bug%20That%20Cripples%20Nearby%20iPhones,%20iPads%20Threatpost.pdf&returntoquery=diff=prev%26oldid=8864%26printable=yes HTTP/1.1" 404 - "-" "Mozilla/5.0 (compatible; MJ12bot/v1.4.8; http://mj12bot.com/)"
5.9.158.195 - - [19/Oct/2020:12:00:50 -0700] "GET /index.php?title=Special:UserLogin&returnto=File:Apple%20Fixes%20%E2%80%98AirDoS%E2%80%99%20Bug%20That%20Cripples%20Nearby%20iPhones,%20iPads%20Threatpost.pdf&returntoquery=diff=prev%26oldid=8864%26printable=yes&printable=yes HTTP/1.1" 404 - "-" "Mozilla/5.0 (compatible; MJ12bot/v1.4.8; http://mj12bot.com/)"
5.189.133.135 - - [19/Oct/2020:12:00:50 -0700] "GET /index.php?title=Special:UserLogin&returnto=Special:WhatLinksHere/PCI-DSS-11.3.3&returntoquery=limit=20&printable=yes HTTP/1.1" 404 - "-" "Mozilla/5.0 (compatible; MJ12bot/v1.4.8; http://mj12bot.com/)"
