185.191.171.14 - - [19/Oct/2020:12:44:42 -0700] "GET /index.php?returnto=Special%3AWhatLinksHere%2F-%2BlaaS&returntoquery=limit%3D50%26printable%3Dyes&title=Special%3AUserLogin HTTP/1.1" 404 - "-" "Mozilla/5.0 (compatible; SemrushBot/6~bl; +http://www.semrush.com/bot.html)"
185.191.171.45 - - [19/Oct/2020:12:44:44 -0700] "GET /index.php?action=edit&oldid=450&title=Resume HTTP/1.1" 404 - "-" "Mozilla/5.0 (compatible; SemrushBot/6~bl; +http://www.semrush.com/bot.html)"
185.191.171.9 - - [19/Oct/2020:12:44:45 -0700] "GET /index.php?search=Disabling%2Bunnecessary%2Bports%2Band%2Bservices&title=Special%3ASearch HTTP/1.1" 404 - "-" "Mozilla/5.0 (compatible; SemrushBot/6~bl; +http://www.semrush.com/bot.html)"
185.191.171.25 - - [19/Oct/2020:12:44:47 -0700] "GET /index.php?oldid=6279&title=ID.AM-6 HTTP/1.1" 404 - "-" "Mozilla/5.0 (compatible; SemrushBot/6~bl; +http://www.semrush.com/bot.html)"
185.191.171.14 - - [19/Oct/2020:12:44:48 -0700] "GET /index.php?id=10953&page=PR.IP-12&title=Special%3ACiteThisPage HTTP/1.1" 404 - "-" "Mozilla/5.0 (compatible; SemrushBot/6~bl; +http://www.semrush.com/bot.html)"
185.191.171.15 - - [19/Oct/2020:12:44:51 -0700] "GET /index.php?days=30&from=20191025111929&hideanons=0&hidebots=0&limit=250&title=Special%3ARecentChanges HTTP/1.1" 404 - "-" "Mozilla/5.0 (compatible; SemrushBot/6~bl; +http://www.semrush.com/bot.html)"
185.191.171.13 - - [19/Oct/2020:12:44:52 -0700] "GET /index.php?returnto=Key%2Bexchange&returntoquery=printable%3Dyes&title=Special%3AUserLogin HTTP/1.1" 404 - "-" "Mozilla/5.0 (compatible; SemrushBot/6~bl; +http://www.semrush.com/bot.html)"
174.7.115.156 - - [19/Oct/2020:12:44:53 -0700] "GET /phpmyadmin/ HTTP/1.1" 403 1220 "-" "Mozilla/5.0 (Windows NT 10.0; Win64; x64) AppleWebKit/537.36 (KHTML, like Gecko) Chrome/86.0.4240.75 Safari/537.36"
185.191.171.40 - - [19/Oct/2020:12:44:54 -0700] "GET /index.php?direction=prev&oldid=4933&title=PCI-DSS-7.1.4 HTTP/1.1" 404 - "-" "Mozilla/5.0 (compatible; SemrushBot/6~bl; +http://www.semrush.com/bot.html)"
174.7.115.156 - - [19/Oct/2020:12:44:54 -0700] "GET /favicon.ico HTTP/1.1" 404 1216 "http://stevenover.land/phpmyadmin/" "Mozilla/5.0 (Windows NT 10.0; Win64; x64) AppleWebKit/537.36 (KHTML, like Gecko) Chrome/86.0.4240.75 Safari/537.36"
185.191.171.20 - - [19/Oct/2020:12:44:55 -0700] "GET /index.php?diff=prev&oldid=407&title=Resume HTTP/1.1" 404 - "-" "Mozilla/5.0 (compatible; SemrushBot/6~bl; +http://www.semrush.com/bot.html)"
185.191.171.39 - - [19/Oct/2020:12:44:56 -0700] "GET /index.php?printable=yes&returnto=Special%3ARecentChanges&returntoquery=days%3D3%26from%3D20190827161858%26hideliu%3D1%26hidemyself%3D1%26limit%3D250%26printable%3Dyes&title=Special%3AUserLogin HTTP/1.1" 404 - "-" "Mozilla/5.0 (compatible; SemrushBot/6~bl; +http://www.semrush.com/bot.html)"
5.189.133.135 - - [19/Oct/2020:12:44:57 -0700] "GET /index.php?title=Special:UserLogin&returnto=Special:WhatLinksHere/PCI-DSS-5.1&returntoquery=limit=250 HTTP/1.1" 404 - "-" "Mozilla/5.0 (compatible; MJ12bot/v1.4.8; http://mj12bot.com/)"
185.191.171.17 - - [19/Oct/2020:12:44:57 -0700] "GET /index.php?printable=yes&returnto=Special%3ARecentChanges&returntoquery=days%3D30%26from%3D20190910145847%26hideanons%3D1%26hidebots%3D0%26hideminor%3D1%26hidemyself%3D0%26limit%3D500&title=Special%3AUserLogin HTTP/1.1" 404 - "-" "Mozilla/5.0 (compatible; SemrushBot/6~bl; +http://www.semrush.com/bot.html)"
185.191.171.15 - - [19/Oct/2020:12:44:59 -0700] "GET /index.php?returnto=Special%3ASearch&returntoquery=fulltext%3D1%26profile%3Ddefault%26search%3DSplit%252Btunnel%252Bvs.%252Bfull%252Btunnel&title=Special%3ACreateAccount HTTP/1.1" 404 - "-" "Mozilla/5.0 (compatible; SemrushBot/6~bl; +http://www.semrush.com/bot.html)"
5.189.133.135 - - [19/Oct/2020:12:45:20 -0700] "GET /index.php?title=Special:UserLogin&returnto=Special:WhatLinksHere/PCI-DSS-5.1&returntoquery=limit=50&printable=yes HTTP/1.1" 404 - "-" "Mozilla/5.0 (compatible; MJ12bot/v1.4.8; http://mj12bot.com/)"
5.189.133.135 - - [19/Oct/2020:12:45:37 -0700] "GET /index.php?title=Special:UserLogin&returnto=Special:WhatLinksHere/PCI-DSS-5.1&returntoquery=limit=500&printable=yes HTTP/1.1" 404 - "-" "Mozilla/5.0 (compatible; MJ12bot/v1.4.8; http://mj12bot.com/)"
5.189.133.135 - - [19/Oct/2020:12:45:54 -0700] "GET /index.php?title=Special:UserLogin&returnto=Special:WhatLinksHere/PCI-DSS-5.1&returntoquery=printable=yes&printable=yes HTTP/1.1" 404 - "-" "Mozilla/5.0 (compatible; MJ12bot/v1.4.8; http://mj12bot.com/)"
5.189.133.135 - - [19/Oct/2020:12:46:12 -0700] "GET /index.php?title=Special:UserLogin&returnto=Special:WhatLinksHere/PCI-DSS-5.4&printable=yes HTTP/1.1" 404 - "-" "Mozilla/5.0 (compatible; MJ12bot/v1.4.8; http://mj12bot.com/)"
5.189.133.135 - - [19/Oct/2020:12:46:24 -0700] "GET /index.php?title=Special:UserLogin&returnto=Special:WhatLinksHere/PCI-DSS-5.4&returntoquery=hideredirs=1&printable=yes HTTP/1.1" 404 - "-" "Mozilla/5.0 (compatible; MJ12bot/v1.4.8; http://mj12bot.com/)"
5.189.133.135 - - [19/Oct/2020:12:46:41 -0700] "GET /index.php?title=Special:UserLogin&returnto=Special:WhatLinksHere/PCI-DSS-5.4&returntoquery=hidetrans=1&printable=yes HTTP/1.1" 404 - "-" "Mozilla/5.0 (compatible; MJ12bot/v1.4.8; http://mj12bot.com/)"
174.7.115.156 - - [19/Oct/2020:12:46:49 -0700] "GET // HTTP/1.1" 302 - "-" "Mozilla/5.0 (Windows NT 10.0; Win64; x64) AppleWebKit/537.36 (KHTML, like Gecko) Chrome/86.0.4240.75 Safari/537.36"
174.7.115.156 - - [19/Oct/2020:12:46:49 -0700] "GET /dvwa/ HTTP/1.1" 302 - "-" "Mozilla/5.0 (Windows NT 10.0; Win64; x64) AppleWebKit/537.36 (KHTML, like Gecko) Chrome/86.0.4240.75 Safari/537.36"
174.7.115.156 - - [19/Oct/2020:12:46:49 -0700] "GET /dvwa/login.php HTTP/1.1" 200 1415 "-" "Mozilla/5.0 (Windows NT 10.0; Win64; x64) AppleWebKit/537.36 (KHTML, like Gecko) Chrome/86.0.4240.75 Safari/537.36"
174.7.115.156 - - [19/Oct/2020:12:46:49 -0700] "GET /dvwa/dvwa/css/login.css HTTP/1.1" 304 - "http://stevenover.land/dvwa/login.php" "Mozilla/5.0 (Windows NT 10.0; Win64; x64) AppleWebKit/537.36 (KHTML, like Gecko) Chrome/86.0.4240.75 Safari/537.36"
174.7.115.156 - - [19/Oct/2020:12:46:49 -0700] "GET /dvwa/dvwa/images/login_logo.png HTTP/1.1" 304 - "http://stevenover.land/dvwa/login.php" "Mozilla/5.0 (Windows NT 10.0; Win64; x64) AppleWebKit/537.36 (KHTML, like Gecko) Chrome/86.0.4240.75 Safari/537.36"
5.189.133.135 - - [19/Oct/2020:12:46:51 -0700] "GET /index.php?title=Special:UserLogin&returnto=Special:WhatLinksHere/PCI-DSS-5.4&returntoquery=limit=100&printable=yes HTTP/1.1" 404 - "-" "Mozilla/5.0 (compatible; MJ12bot/v1.4.8; http://mj12bot.com/)"
5.189.133.135 - - [19/Oct/2020:12:46:57 -0700] "GET /index.php?title=Special:UserLogin&returnto=Special:WhatLinksHere/PCI-DSS-5.4&returntoquery=limit=20&printable=yes HTTP/1.1" 404 - "-" "Mozilla/5.0 (compatible; MJ12bot/v1.4.8; http://mj12bot.com/)"
5.189.133.135 - - [19/Oct/2020:12:47:07 -0700] "GET /index.php?title=Special:UserLogin&returnto=Special:WhatLinksHere/PCI-DSS-5.4&returntoquery=limit=250&printable=yes HTTP/1.1" 404 - "-" "Mozilla/5.0 (compatible; MJ12bot/v1.4.8; http://mj12bot.com/)"
5.189.133.135 - - [19/Oct/2020:12:47:20 -0700] "GET /index.php?title=Special:UserLogin&returnto=Special:WhatLinksHere/PCI-DSS-5.4&returntoquery=limit=50&printable=yes HTTP/1.1" 404 - "-" "Mozilla/5.0 (compatible; MJ12bot/v1.4.8; http://mj12bot.com/)"
5.189.133.135 - - [19/Oct/2020:12:47:36 -0700] "GET /index.php?title=Special:UserLogin&returnto=Special:WhatLinksHere/PCI-DSS-5.4&returntoquery=limit=500&printable=yes HTTP/1.1" 404 - "-" "Mozilla/5.0 (compatible; MJ12bot/v1.4.8; http://mj12bot.com/)"
5.189.133.135 - - [19/Oct/2020:12:47:44 -0700] "GET /index.php?title=Special:UserLogin&returnto=Special:WhatLinksHere/PCI-DSS-5.4&returntoquery=printable=yes&printable=yes HTTP/1.1" 404 - "-" "Mozilla/5.0 (compatible; MJ12bot/v1.4.8; http://mj12bot.com/)"
5.189.133.135 - - [19/Oct/2020:12:48:04 -0700] "GET /index.php?title=Special:UserLogin&returnto=Special:WhatLinksHere/PCI-DSS-6.3.1&printable=yes HTTP/1.1" 404 - "-" "Mozilla/5.0 (compatible; MJ12bot/v1.4.8; http://mj12bot.com/)"
5.189.133.135 - - [19/Oct/2020:12:48:15 -0700] "GET /index.php?title=Special:UserLogin&returnto=Special:WhatLinksHere/PCI-DSS-6.3.1&returntoquery=hideredirs=1&printable=yes HTTP/1.1" 404 - "-" "Mozilla/5.0 (compatible; MJ12bot/v1.4.8; http://mj12bot.com/)"
5.189.133.135 - - [19/Oct/2020:12:48:25 -0700] "GET /index.php?title=Special:UserLogin&returnto=Special:WhatLinksHere/PCI-DSS-6.3.1&returntoquery=hidetrans=1&printable=yes HTTP/1.1" 404 - "-" "Mozilla/5.0 (compatible; MJ12bot/v1.4.8; http://mj12bot.com/)"
5.189.133.135 - - [19/Oct/2020:12:48:38 -0700] "GET /index.php?title=Special:UserLogin&returnto=Special:WhatLinksHere/PCI-DSS-6.3.1&returntoquery=limit=100&printable=yes HTTP/1.1" 404 - "-" "Mozilla/5.0 (compatible; MJ12bot/v1.4.8; http://mj12bot.com/)"
5.189.133.135 - - [19/Oct/2020:12:48:48 -0700] "GET /index.php?title=Special:UserLogin&returnto=Special:WhatLinksHere/PCI-DSS-6.3.1&returntoquery=limit=20&printable=yes HTTP/1.1" 404 - "-" "Mozilla/5.0 (compatible; MJ12bot/v1.4.8; http://mj12bot.com/)"
5.189.133.135 - - [19/Oct/2020:12:49:11 -0700] "GET /index.php?title=Special:UserLogin&returnto=Special:WhatLinksHere/PCI-DSS-6.3.1&returntoquery=limit=250&printable=yes HTTP/1.1" 404 - "-" "Mozilla/5.0 (compatible; MJ12bot/v1.4.8; http://mj12bot.com/)"
5.189.133.135 - - [19/Oct/2020:12:49:21 -0700] "GET /index.php?title=Special:UserLogin&returnto=Special:WhatLinksHere/PCI-DSS-6.3.1&returntoquery=limit=50&printable=yes HTTP/1.1" 404 - "-" "Mozilla/5.0 (compatible; MJ12bot/v1.4.8; http://mj12bot.com/)"
5.189.133.135 - - [19/Oct/2020:12:49:31 -0700] "GET /index.php?title=Special:UserLogin&returnto=Special:WhatLinksHere/PCI-DSS-6.3.1&returntoquery=limit=500&printable=yes HTTP/1.1" 404 - "-" "Mozilla/5.0 (compatible; MJ12bot/v1.4.8; http://mj12bot.com/)"
5.189.133.135 - - [19/Oct/2020:12:49:41 -0700] "GET /index.php?title=Special:UserLogin&returnto=Special:WhatLinksHere/PCI-DSS-6.3.1&returntoquery=printable=yes HTTP/1.1" 404 - "-" "Mozilla/5.0 (compatible; MJ12bot/v1.4.8; http://mj12bot.com/)"
5.189.133.135 - - [19/Oct/2020:12:49:54 -0700] "GET /index.php?title=Special:UserLogin&returnto=Special:WhatLinksHere/PCI-DSS-6.4 HTTP/1.1" 404 - "-" "Mozilla/5.0 (compatible; MJ12bot/v1.4.8; http://mj12bot.com/)"
5.189.133.135 - - [19/Oct/2020:12:50:04 -0700] "GET /index.php?title=Special:UserLogin&returnto=Special:WhatLinksHere/PCI-DSS-6.4&returntoquery=hideredirs=1&printable=yes HTTP/1.1" 404 - "-" "Mozilla/5.0 (compatible; MJ12bot/v1.4.8; http://mj12bot.com/)"
5.189.133.135 - - [19/Oct/2020:12:50:22 -0700] "GET /index.php?title=Special:UserLogin&returnto=Special:WhatLinksHere/PCI-DSS-6.4&returntoquery=hidetrans=1&printable=yes HTTP/1.1" 404 - "-" "Mozilla/5.0 (compatible; MJ12bot/v1.4.8; http://mj12bot.com/)"
174.7.115.156 - - [19/Oct/2020:12:50:35 -0700] "GET / HTTP/1.1" 302 - "-" "Mozilla/5.0 (Windows NT 10.0; Win64; x64) AppleWebKit/537.36 (KHTML, like Gecko) Chrome/86.0.4240.75 Safari/537.36"
174.7.115.156 - - [19/Oct/2020:12:50:35 -0700] "GET /dvwa/ HTTP/1.1" 302 - "-" "Mozilla/5.0 (Windows NT 10.0; Win64; x64) AppleWebKit/537.36 (KHTML, like Gecko) Chrome/86.0.4240.75 Safari/537.36"
174.7.115.156 - - [19/Oct/2020:12:50:35 -0700] "GET /dvwa/login.php HTTP/1.1" 200 1415 "-" "Mozilla/5.0 (Windows NT 10.0; Win64; x64) AppleWebKit/537.36 (KHTML, like Gecko) Chrome/86.0.4240.75 Safari/537.36"
174.7.115.156 - - [19/Oct/2020:12:50:35 -0700] "GET /dvwa/dvwa/css/login.css HTTP/1.1" 200 842 "http://bcit.stevenover.land/dvwa/login.php" "Mozilla/5.0 (Windows NT 10.0; Win64; x64) AppleWebKit/537.36 (KHTML, like Gecko) Chrome/86.0.4240.75 Safari/537.36"
174.7.115.156 - - [19/Oct/2020:12:50:35 -0700] "GET /dvwa/dvwa/images/login_logo.png HTTP/1.1" 200 9088 "http://bcit.stevenover.land/dvwa/login.php" "Mozilla/5.0 (Windows NT 10.0; Win64; x64) AppleWebKit/537.36 (KHTML, like Gecko) Chrome/86.0.4240.75 Safari/537.36"
174.7.115.156 - - [19/Oct/2020:12:50:35 -0700] "GET /favicon.ico HTTP/1.1" 404 1237 "http://bcit.stevenover.land/dvwa/login.php" "Mozilla/5.0 (Windows NT 10.0; Win64; x64) AppleWebKit/537.36 (KHTML, like Gecko) Chrome/86.0.4240.75 Safari/537.36"
174.7.115.156 - - [19/Oct/2020:12:50:44 -0700] "GET /dvwa/login.php HTTP/1.1" 200 1415 "-" "Mozilla/5.0 (Windows NT 10.0; Win64; x64) AppleWebKit/537.36 (KHTML, like Gecko) Chrome/86.0.4240.75 Safari/537.36"
5.189.133.135 - - [19/Oct/2020:12:50:45 -0700] "GET /index.php?title=Special:UserLogin&returnto=Special:WhatLinksHere/PCI-DSS-6.4&returntoquery=limit=100&printable=yes HTTP/1.1" 404 - "-" "Mozilla/5.0 (compatible; MJ12bot/v1.4.8; http://mj12bot.com/)"
174.7.115.156 - - [19/Oct/2020:12:50:49 -0700] "GET /dvwa/login.php HTTP/1.1" 200 1415 "-" "Mozilla/5.0 (Windows NT 10.0; Win64; x64) AppleWebKit/537.36 (KHTML, like Gecko) Chrome/86.0.4240.75 Safari/537.36"
5.189.133.135 - - [19/Oct/2020:12:51:08 -0700] "GET /index.php?title=Special:UserLogin&returnto=Special:WhatLinksHere/PCI-DSS-6.4&returntoquery=limit=20&printable=yes HTTP/1.1" 404 - "-" "Mozilla/5.0 (compatible; MJ12bot/v1.4.8; http://mj12bot.com/)"
5.189.133.135 - - [19/Oct/2020:12:51:23 -0700] "GET /index.php?title=Special:UserLogin&returnto=Special:WhatLinksHere/PCI-DSS-6.4&returntoquery=limit=250&printable=yes HTTP/1.1" 404 - "-" "Mozilla/5.0 (compatible; MJ12bot/v1.4.8; http://mj12bot.com/)"
5.189.133.135 - - [19/Oct/2020:12:51:33 -0700] "GET /index.php?title=Special:UserLogin&returnto=Special:WhatLinksHere/PCI-DSS-6.4&returntoquery=limit=50&printable=yes HTTP/1.1" 404 - "-" "Mozilla/5.0 (compatible; MJ12bot/v1.4.8; http://mj12bot.com/)"
5.189.133.135 - - [19/Oct/2020:12:51:47 -0700] "GET /index.php?title=Special:UserLogin&returnto=Special:WhatLinksHere/PCI-DSS-6.4&returntoquery=limit=500&printable=yes HTTP/1.1" 404 - "-" "Mozilla/5.0 (compatible; MJ12bot/v1.4.8; http://mj12bot.com/)"
5.189.133.135 - - [19/Oct/2020:12:51:54 -0700] "GET /index.php?title=Special:UserLogin&returnto=Special:WhatLinksHere/PCI-DSS-6.4&returntoquery=printable=yes&printable=yes HTTP/1.1" 404 - "-" "Mozilla/5.0 (compatible; MJ12bot/v1.4.8; http://mj12bot.com/)"
5.189.133.135 - - [19/Oct/2020:12:52:10 -0700] "GET /index.php?title=Special:UserLogin&returnto=Special:WhatLinksHere/PCI-DSS-6.4.4&printable=yes HTTP/1.1" 404 - "-" "Mozilla/5.0 (compatible; MJ12bot/v1.4.8; http://mj12bot.com/)"
174.7.115.156 - - [19/Oct/2020:12:52:10 -0700] "GET / HTTP/1.1" 302 - "-" "Mozilla/5.0 (Windows NT 10.0; Win64; x64) AppleWebKit/537.36 (KHTML, like Gecko) Chrome/86.0.4240.75 Safari/537.36"
174.7.115.156 - - [19/Oct/2020:12:52:10 -0700] "GET /dvwa/ HTTP/1.1" 302 - "-" "Mozilla/5.0 (Windows NT 10.0; Win64; x64) AppleWebKit/537.36 (KHTML, like Gecko) Chrome/86.0.4240.75 Safari/537.36"
174.7.115.156 - - [19/Oct/2020:12:52:10 -0700] "GET /dvwa/login.php HTTP/1.1" 200 1415 "-" "Mozilla/5.0 (Windows NT 10.0; Win64; x64) AppleWebKit/537.36 (KHTML, like Gecko) Chrome/86.0.4240.75 Safari/537.36"
5.189.133.135 - - [19/Oct/2020:12:52:15 -0700] "GET /index.php?title=Special:UserLogin&returnto=Special:WhatLinksHere/PCI-DSS-6.4.4&returntoquery=hideredirs=1&printable=yes HTTP/1.1" 404 - "-" "Mozilla/5.0 (compatible; MJ12bot/v1.4.8; http://mj12bot.com/)"
5.189.133.135 - - [19/Oct/2020:12:52:32 -0700] "GET /index.php?title=Special:UserLogin&returnto=Special:WhatLinksHere/PCI-DSS-6.4.4&returntoquery=hidetrans=1&printable=yes HTTP/1.1" 404 - "-" "Mozilla/5.0 (compatible; MJ12bot/v1.4.8; http://mj12bot.com/)"
5.189.133.135 - - [19/Oct/2020:12:52:43 -0700] "GET /index.php?title=Special:UserLogin&returnto=Special:WhatLinksHere/PCI-DSS-6.4.4&returntoquery=limit=100&printable=yes HTTP/1.1" 404 - "-" "Mozilla/5.0 (compatible; MJ12bot/v1.4.8; http://mj12bot.com/)"
5.189.133.135 - - [19/Oct/2020:12:52:51 -0700] "GET /index.php?title=Special:UserLogin&returnto=Special:WhatLinksHere/PCI-DSS-6.4.4&returntoquery=limit=20&printable=yes HTTP/1.1" 404 - "-" "Mozilla/5.0 (compatible; MJ12bot/v1.4.8; http://mj12bot.com/)"
5.189.133.135 - - [19/Oct/2020:12:52:59 -0700] "GET /index.php?title=Special:UserLogin&returnto=Special:WhatLinksHere/PCI-DSS-6.4.4&returntoquery=limit=250&printable=yes HTTP/1.1" 404 - "-" "Mozilla/5.0 (compatible; MJ12bot/v1.4.8; http://mj12bot.com/)"
174.7.115.156 - - [19/Oct/2020:12:53:02 -0700] "GET / HTTP/1.1" 200 4948 "-" "Mozilla/5.0 (Windows NT 10.0; Win64; x64) AppleWebKit/537.36 (KHTML, like Gecko) Chrome/86.0.4240.75 Safari/537.36"
5.189.133.135 - - [19/Oct/2020:12:53:03 -0700] "GET /index.php?title=Special:UserLogin&returnto=Special:WhatLinksHere/PCI-DSS-6.4.4&returntoquery=limit=50&printable=yes HTTP/1.1" 404 - "-" "Mozilla/5.0 (compatible; MJ12bot/v1.4.8; http://mj12bot.com/)"
5.189.133.135 - - [19/Oct/2020:12:53:10 -0700] "GET /index.php?title=Special:UserLogin&returnto=Special:WhatLinksHere/PCI-DSS-6.4.4&returntoquery=limit=500&printable=yes HTTP/1.1" 404 - "-" "Mozilla/5.0 (compatible; MJ12bot/v1.4.8; http://mj12bot.com/)"
5.189.133.135 - - [19/Oct/2020:12:53:17 -0700] "GET /index.php?title=Special:UserLogin&returnto=Special:WhatLinksHere/PCI-DSS-6.4.4&returntoquery=printable=yes&printable=yes HTTP/1.1" 404 - "-" "Mozilla/5.0 (compatible; MJ12bot/v1.4.8; http://mj12bot.com/)"
174.7.115.156 - - [19/Oct/2020:12:53:31 -0700] "GET / HTTP/1.1" 200 8201 "-" "Mozilla/5.0 (Windows NT 10.0; Win64; x64) AppleWebKit/537.36 (KHTML, like Gecko) Chrome/86.0.4240.75 Safari/537.36"
174.7.115.156 - - [19/Oct/2020:12:53:31 -0700] "GET //css/w3.css HTTP/1.1" 200 23355 "http://bcit.stevenover.land/" "Mozilla/5.0 (Windows NT 10.0; Win64; x64) AppleWebKit/537.36 (KHTML, like Gecko) Chrome/86.0.4240.75 Safari/537.36"
174.7.115.156 - - [19/Oct/2020:12:53:31 -0700] "GET //css/w3-theme-black.css HTTP/1.1" 200 1358 "http://bcit.stevenover.land/" "Mozilla/5.0 (Windows NT 10.0; Win64; x64) AppleWebKit/537.36 (KHTML, like Gecko) Chrome/86.0.4240.75 Safari/537.36"
174.7.115.156 - - [19/Oct/2020:12:53:31 -0700] "GET //css/steve.css HTTP/1.1" 200 771 "http://bcit.stevenover.land/" "Mozilla/5.0 (Windows NT 10.0; Win64; x64) AppleWebKit/537.36 (KHTML, like Gecko) Chrome/86.0.4240.75 Safari/537.36"
174.7.115.156 - - [19/Oct/2020:12:53:31 -0700] "GET //css/jquery.dataTables.min.css HTTP/1.1" 200 15586 "http://bcit.stevenover.land/" "Mozilla/5.0 (Windows NT 10.0; Win64; x64) AppleWebKit/537.36 (KHTML, like Gecko) Chrome/86.0.4240.75 Safari/537.36"
174.7.115.156 - - [19/Oct/2020:12:53:31 -0700] "GET //js/jquery.min.js HTTP/1.1" 200 86355 "http://bcit.stevenover.land/" "Mozilla/5.0 (Windows NT 10.0; Win64; x64) AppleWebKit/537.36 (KHTML, like Gecko) Chrome/86.0.4240.75 Safari/537.36"
174.7.115.156 - - [19/Oct/2020:12:53:31 -0700] "GET //js/jquery.dataTables.min.js HTTP/1.1" 200 82070 "http://bcit.stevenover.land/" "Mozilla/5.0 (Windows NT 10.0; Win64; x64) AppleWebKit/537.36 (KHTML, like Gecko) Chrome/86.0.4240.75 Safari/537.36"
5.189.133.135 - - [19/Oct/2020:12:53:38 -0700] "GET /index.php?title=Special:UserLogin&returnto=Special:WhatLinksHere/PCI-DSS-6.4.5&returntoquery=hideredirs=1&printable=yes HTTP/1.1" 404 - "-" "Mozilla/5.0 (compatible; MJ12bot/v1.4.8; http://mj12bot.com/)"
174.7.115.156 - - [19/Oct/2020:12:53:43 -0700] "GET / HTTP/1.1" 200 4948 "-" "Mozilla/5.0 (Windows NT 10.0; Win64; x64) AppleWebKit/537.36 (KHTML, like Gecko) Chrome/86.0.4240.75 Safari/537.36"
5.189.133.135 - - [19/Oct/2020:12:53:48 -0700] "GET /index.php?title=Special:UserLogin&returnto=Special:WhatLinksHere/PCI-DSS-6.4.5&returntoquery=hidetrans=1&printable=yes HTTP/1.1" 404 - "-" "Mozilla/5.0 (compatible; MJ12bot/v1.4.8; http://mj12bot.com/)"
5.189.133.135 - - [19/Oct/2020:12:54:02 -0700] "GET /index.php?title=Special:UserLogin&returnto=Special:WhatLinksHere/PCI-DSS-6.4.5&returntoquery=limit=20&printable=yes HTTP/1.1" 404 - "-" "Mozilla/5.0 (compatible; MJ12bot/v1.4.8; http://mj12bot.com/)"
5.189.133.135 - - [19/Oct/2020:12:54:09 -0700] "GET /index.php?title=Special:UserLogin&returnto=Special:WhatLinksHere/PCI-DSS-6.4.5&returntoquery=limit=250&printable=yes HTTP/1.1" 404 - "-" "Mozilla/5.0 (compatible; MJ12bot/v1.4.8; http://mj12bot.com/)"
5.189.133.135 - - [19/Oct/2020:12:54:16 -0700] "GET /index.php?title=Special:UserLogin&returnto=Special:WhatLinksHere/PCI-DSS-6.4.5&returntoquery=limit=50&printable=yes HTTP/1.1" 404 - "-" "Mozilla/5.0 (compatible; MJ12bot/v1.4.8; http://mj12bot.com/)"
::1 - - [19/Oct/2020:12:56:30 -0700] "GET / HTTP/1.1" 200 8489 "-" "Mozilla/5.0 (Windows NT 10.0; Win64; x64) AppleWebKit/537.36 (KHTML, like Gecko) Chrome/86.0.4240.75 Safari/537.36"
::1 - - [19/Oct/2020:12:56:30 -0700] "GET //css/w3.css HTTP/1.1" 200 23355 "http://localhost/" "Mozilla/5.0 (Windows NT 10.0; Win64; x64) AppleWebKit/537.36 (KHTML, like Gecko) Chrome/86.0.4240.75 Safari/537.36"
::1 - - [19/Oct/2020:12:56:30 -0700] "GET //css/w3-theme-black.css HTTP/1.1" 200 1358 "http://localhost/" "Mozilla/5.0 (Windows NT 10.0; Win64; x64) AppleWebKit/537.36 (KHTML, like Gecko) Chrome/86.0.4240.75 Safari/537.36"
::1 - - [19/Oct/2020:12:56:30 -0700] "GET //css/steve.css HTTP/1.1" 200 771 "http://localhost/" "Mozilla/5.0 (Windows NT 10.0; Win64; x64) AppleWebKit/537.36 (KHTML, like Gecko) Chrome/86.0.4240.75 Safari/537.36"
::1 - - [19/Oct/2020:12:56:30 -0700] "GET //css/jquery.dataTables.min.css HTTP/1.1" 200 15061 "http://localhost/" "Mozilla/5.0 (Windows NT 10.0; Win64; x64) AppleWebKit/537.36 (KHTML, like Gecko) Chrome/86.0.4240.75 Safari/537.36"
::1 - - [19/Oct/2020:12:56:30 -0700] "GET //js/jquery.min.js HTTP/1.1" 200 86351 "http://localhost/" "Mozilla/5.0 (Windows NT 10.0; Win64; x64) AppleWebKit/537.36 (KHTML, like Gecko) Chrome/86.0.4240.75 Safari/537.36"
::1 - - [19/Oct/2020:12:56:30 -0700] "GET //js/jquery.dataTables.min.js HTTP/1.1" 200 81906 "http://localhost/" "Mozilla/5.0 (Windows NT 10.0; Win64; x64) AppleWebKit/537.36 (KHTML, like Gecko) Chrome/86.0.4240.75 Safari/537.36"
::1 - - [19/Oct/2020:12:56:30 -0700] "GET /favicon.ico HTTP/1.1" 404 1176 "http://localhost/" "Mozilla/5.0 (Windows NT 10.0; Win64; x64) AppleWebKit/537.36 (KHTML, like Gecko) Chrome/86.0.4240.75 Safari/537.36"
::1 - - [19/Oct/2020:12:58:12 -0700] "GET / HTTP/1.1" 200 8153 "-" "Mozilla/5.0 (Windows NT 10.0; Win64; x64) AppleWebKit/537.36 (KHTML, like Gecko) Chrome/86.0.4240.75 Safari/537.36"
::1 - - [19/Oct/2020:13:00:18 -0700] "GET / HTTP/1.1" 302 8236 "-" "Mozilla/5.0 (Windows NT 10.0; Win64; x64) AppleWebKit/537.36 (KHTML, like Gecko) Chrome/86.0.4240.75 Safari/537.36"
::1 - - [19/Oct/2020:13:00:18 -0700] "GET /error.php HTTP/1.1" 200 3372 "-" "Mozilla/5.0 (Windows NT 10.0; Win64; x64) AppleWebKit/537.36 (KHTML, like Gecko) Chrome/86.0.4240.75 Safari/537.36"
::1 - - [19/Oct/2020:13:02:23 -0700] "GET /error.php HTTP/1.1" 404 1054 "-" "Mozilla/5.0 (Windows NT 10.0; Win64; x64) AppleWebKit/537.36 (KHTML, like Gecko) Chrome/86.0.4240.75 Safari/537.36"
::1 - - [19/Oct/2020:13:02:29 -0700] "GET / HTTP/1.1" 200 992 "-" "Mozilla/5.0 (Windows NT 10.0; Win64; x64) AppleWebKit/537.36 (KHTML, like Gecko) Chrome/86.0.4240.75 Safari/537.36"
::1 - - [19/Oct/2020:13:02:38 -0700] "GET /bcit/ HTTP/1.1" 200 8541 "http://localhost/" "Mozilla/5.0 (Windows NT 10.0; Win64; x64) AppleWebKit/537.36 (KHTML, like Gecko) Chrome/86.0.4240.75 Safari/537.36"
::1 - - [19/Oct/2020:13:02:38 -0700] "GET /bcit/css/w3.css HTTP/1.1" 304 - "http://localhost/bcit/" "Mozilla/5.0 (Windows NT 10.0; Win64; x64) AppleWebKit/537.36 (KHTML, like Gecko) Chrome/86.0.4240.75 Safari/537.36"
::1 - - [19/Oct/2020:13:02:38 -0700] "GET /bcit/css/w3-theme-black.css HTTP/1.1" 304 - "http://localhost/bcit/" "Mozilla/5.0 (Windows NT 10.0; Win64; x64) AppleWebKit/537.36 (KHTML, like Gecko) Chrome/86.0.4240.75 Safari/537.36"
::1 - - [19/Oct/2020:13:02:38 -0700] "GET /bcit/js/jquery.dataTables.min.js HTTP/1.1" 304 - "http://localhost/bcit/" "Mozilla/5.0 (Windows NT 10.0; Win64; x64) AppleWebKit/537.36 (KHTML, like Gecko) Chrome/86.0.4240.75 Safari/537.36"
::1 - - [19/Oct/2020:13:02:38 -0700] "GET /bcit/js/jquery.min.js HTTP/1.1" 304 - "http://localhost/bcit/" "Mozilla/5.0 (Windows NT 10.0; Win64; x64) AppleWebKit/537.36 (KHTML, like Gecko) Chrome/86.0.4240.75 Safari/537.36"
::1 - - [19/Oct/2020:13:02:38 -0700] "GET /bcit/css/jquery.dataTables.min.css HTTP/1.1" 304 - "http://localhost/bcit/" "Mozilla/5.0 (Windows NT 10.0; Win64; x64) AppleWebKit/537.36 (KHTML, like Gecko) Chrome/86.0.4240.75 Safari/537.36"
::1 - - [19/Oct/2020:13:02:38 -0700] "GET /bcit/css/steve.css HTTP/1.1" 304 - "http://localhost/bcit/" "Mozilla/5.0 (Windows NT 10.0; Win64; x64) AppleWebKit/537.36 (KHTML, like Gecko) Chrome/86.0.4240.75 Safari/537.36"
::1 - - [19/Oct/2020:13:02:41 -0700] "GET /dvwa/ HTTP/1.1" 302 - "http://localhost/" "Mozilla/5.0 (Windows NT 10.0; Win64; x64) AppleWebKit/537.36 (KHTML, like Gecko) Chrome/86.0.4240.75 Safari/537.36"
::1 - - [19/Oct/2020:13:02:41 -0700] "GET /dvwa/login.php HTTP/1.1" 200 1415 "http://localhost/" "Mozilla/5.0 (Windows NT 10.0; Win64; x64) AppleWebKit/537.36 (KHTML, like Gecko) Chrome/86.0.4240.75 Safari/537.36"
::1 - - [19/Oct/2020:13:02:52 -0700] "GET /bcit/ HTTP/1.1" 200 8773 "http://localhost/" "Mozilla/5.0 (Windows NT 10.0; Win64; x64) AppleWebKit/537.36 (KHTML, like Gecko) Chrome/86.0.4240.75 Safari/537.36"
::1 - - [19/Oct/2020:13:02:53 -0700] "GET /dvwa/ HTTP/1.1" 302 - "http://localhost/" "Mozilla/5.0 (Windows NT 10.0; Win64; x64) AppleWebKit/537.36 (KHTML, like Gecko) Chrome/86.0.4240.75 Safari/537.36"
::1 - - [19/Oct/2020:13:02:53 -0700] "GET /dvwa/login.php HTTP/1.1" 200 1415 "http://localhost/" "Mozilla/5.0 (Windows NT 10.0; Win64; x64) AppleWebKit/537.36 (KHTML, like Gecko) Chrome/86.0.4240.75 Safari/537.36"
::1 - - [19/Oct/2020:13:03:02 -0700] "GET /bcit/ HTTP/1.1" 200 8773 "http://localhost/" "Mozilla/5.0 (Windows NT 10.0; Win64; x64) AppleWebKit/537.36 (KHTML, like Gecko) Chrome/86.0.4240.75 Safari/537.36"
::1 - - [19/Oct/2020:13:03:04 -0700] "GET /dvwa/ HTTP/1.1" 302 - "http://localhost/" "Mozilla/5.0 (Windows NT 10.0; Win64; x64) AppleWebKit/537.36 (KHTML, like Gecko) Chrome/86.0.4240.75 Safari/537.36"
::1 - - [19/Oct/2020:13:03:04 -0700] "GET /dvwa/login.php HTTP/1.1" 200 1415 "http://localhost/" "Mozilla/5.0 (Windows NT 10.0; Win64; x64) AppleWebKit/537.36 (KHTML, like Gecko) Chrome/86.0.4240.75 Safari/537.36"
::1 - - [19/Oct/2020:13:03:30 -0700] "GET /bcit/ HTTP/1.1" 200 8773 "http://localhost/" "Mozilla/5.0 (Windows NT 10.0; Win64; x64) AppleWebKit/537.36 (KHTML, like Gecko) Chrome/86.0.4240.75 Safari/537.36"
::1 - - [19/Oct/2020:13:03:54 -0700] "GET /bcit/ HTTP/1.1" 200 8773 "http://localhost/bcit/" "Mozilla/5.0 (Windows NT 10.0; Win64; x64) AppleWebKit/537.36 (KHTML, like Gecko) Chrome/86.0.4240.75 Safari/537.36"
::1 - - [19/Oct/2020:13:04:16 -0700] "GET /bcit/ HTTP/1.1" 200 8773 "http://localhost/bcit/" "Mozilla/5.0 (Windows NT 10.0; Win64; x64) AppleWebKit/537.36 (KHTML, like Gecko) Chrome/86.0.4240.75 Safari/537.36"
::1 - - [19/Oct/2020:13:05:05 -0700] "GET /bcit/cookie.php HTTP/1.1" 200 3108 "http://localhost/bcit/" "Mozilla/5.0 (Windows NT 10.0; Win64; x64) AppleWebKit/537.36 (KHTML, like Gecko) Chrome/86.0.4240.75 Safari/537.36"
::1 - - [19/Oct/2020:13:05:09 -0700] "GET /bcit/error.php HTTP/1.1" 200 3677 "http://localhost/bcit/" "Mozilla/5.0 (Windows NT 10.0; Win64; x64) AppleWebKit/537.36 (KHTML, like Gecko) Chrome/86.0.4240.75 Safari/537.36"
::1 - - [19/Oct/2020:13:05:12 -0700] "GET /bcit/cookie.php HTTP/1.1" 200 3108 "http://localhost/bcit/" "Mozilla/5.0 (Windows NT 10.0; Win64; x64) AppleWebKit/537.36 (KHTML, like Gecko) Chrome/86.0.4240.75 Safari/537.36"
::1 - - [19/Oct/2020:13:05:16 -0700] "GET /bcit/error.php HTTP/1.1" 200 3677 "http://localhost/bcit/" "Mozilla/5.0 (Windows NT 10.0; Win64; x64) AppleWebKit/537.36 (KHTML, like Gecko) Chrome/86.0.4240.75 Safari/537.36"
::1 - - [19/Oct/2020:13:05:19 -0700] "GET /bcit/table.php HTTP/1.1" 200 4220 "http://localhost/bcit/error.php" "Mozilla/5.0 (Windows NT 10.0; Win64; x64) AppleWebKit/537.36 (KHTML, like Gecko) Chrome/86.0.4240.75 Safari/537.36"
::1 - - [19/Oct/2020:13:08:21 -0700] "GET /bcit/ HTTP/1.1" 200 8773 "-" "Mozilla/5.0 (Windows NT 10.0; Win64; x64) AppleWebKit/537.36 (KHTML, like Gecko) Chrome/86.0.4240.75 Safari/537.36"
::1 - - [19/Oct/2020:13:08:30 -0700] "GET /bcit/ HTTP/1.1" 200 8773 "http://localhost/bcit/" "Mozilla/5.0 (Windows NT 10.0; Win64; x64) AppleWebKit/537.36 (KHTML, like Gecko) Chrome/86.0.4240.75 Safari/537.36"
::1 - - [19/Oct/2020:13:08:35 -0700] "GET /bcit/ HTTP/1.1" 200 8773 "http://localhost/bcit/" "Mozilla/5.0 (Windows NT 10.0; Win64; x64) AppleWebKit/537.36 (KHTML, like Gecko) Chrome/86.0.4240.75 Safari/537.36"
::1 - - [19/Oct/2020:13:08:41 -0700] "GET /bcit/dvwa HTTP/1.1" 301 335 "-" "Mozilla/5.0 (Windows NT 10.0; Win64; x64) AppleWebKit/537.36 (KHTML, like Gecko) Chrome/86.0.4240.75 Safari/537.36"
::1 - - [19/Oct/2020:13:08:41 -0700] "GET /bcit/dvwa/ HTTP/1.1" 302 - "-" "Mozilla/5.0 (Windows NT 10.0; Win64; x64) AppleWebKit/537.36 (KHTML, like Gecko) Chrome/86.0.4240.75 Safari/537.36"
::1 - - [19/Oct/2020:13:08:41 -0700] "GET /bcit/dvwa/login.php HTTP/1.1" 200 1415 "-" "Mozilla/5.0 (Windows NT 10.0; Win64; x64) AppleWebKit/537.36 (KHTML, like Gecko) Chrome/86.0.4240.75 Safari/537.36"
::1 - - [19/Oct/2020:13:08:41 -0700] "GET /bcit/dvwa/dvwa/css/login.css HTTP/1.1" 200 842 "http://localhost/bcit/dvwa/login.php" "Mozilla/5.0 (Windows NT 10.0; Win64; x64) AppleWebKit/537.36 (KHTML, like Gecko) Chrome/86.0.4240.75 Safari/537.36"
::1 - - [19/Oct/2020:13:08:41 -0700] "GET /bcit/dvwa/dvwa/images/login_logo.png HTTP/1.1" 200 9088 "http://localhost/bcit/dvwa/login.php" "Mozilla/5.0 (Windows NT 10.0; Win64; x64) AppleWebKit/537.36 (KHTML, like Gecko) Chrome/86.0.4240.75 Safari/537.36"
::1 - - [19/Oct/2020:13:08:44 -0700] "POST /bcit/dvwa/login.php HTTP/1.1" 302 - "http://localhost/bcit/dvwa/login.php" "Mozilla/5.0 (Windows NT 10.0; Win64; x64) AppleWebKit/537.36 (KHTML, like Gecko) Chrome/86.0.4240.75 Safari/537.36"
::1 - - [19/Oct/2020:13:08:44 -0700] "GET /bcit/dvwa/index.php HTTP/1.1" 200 6435 "http://localhost/bcit/dvwa/login.php" "Mozilla/5.0 (Windows NT 10.0; Win64; x64) AppleWebKit/537.36 (KHTML, like Gecko) Chrome/86.0.4240.75 Safari/537.36"
::1 - - [19/Oct/2020:13:08:44 -0700] "GET /bcit/dvwa/dvwa/css/main.css HTTP/1.1" 200 4026 "http://localhost/bcit/dvwa/index.php" "Mozilla/5.0 (Windows NT 10.0; Win64; x64) AppleWebKit/537.36 (KHTML, like Gecko) Chrome/86.0.4240.75 Safari/537.36"
::1 - - [19/Oct/2020:13:08:44 -0700] "GET /bcit/dvwa/dvwa/js/dvwaPage.js HTTP/1.1" 200 1030 "http://localhost/bcit/dvwa/index.php" "Mozilla/5.0 (Windows NT 10.0; Win64; x64) AppleWebKit/537.36 (KHTML, like Gecko) Chrome/86.0.4240.75 Safari/537.36"
::1 - - [19/Oct/2020:13:08:44 -0700] "GET /dvwa/js/add_event_listeners.js HTTP/1.1" 404 1214 "http://localhost/bcit/dvwa/index.php" "Mozilla/5.0 (Windows NT 10.0; Win64; x64) AppleWebKit/537.36 (KHTML, like Gecko) Chrome/86.0.4240.75 Safari/537.36"
::1 - - [19/Oct/2020:13:08:44 -0700] "GET /bcit/dvwa/dvwa/images/logo.png HTTP/1.1" 200 5044 "http://localhost/bcit/dvwa/index.php" "Mozilla/5.0 (Windows NT 10.0; Win64; x64) AppleWebKit/537.36 (KHTML, like Gecko) Chrome/86.0.4240.75 Safari/537.36"
::1 - - [19/Oct/2020:13:08:44 -0700] "GET /dvwa/js/add_event_listeners.js HTTP/1.1" 404 1214 "http://localhost/bcit/dvwa/index.php" "Mozilla/5.0 (Windows NT 10.0; Win64; x64) AppleWebKit/537.36 (KHTML, like Gecko) Chrome/86.0.4240.75 Safari/537.36"
::1 - - [19/Oct/2020:13:08:44 -0700] "GET /bcit/dvwa/favicon.ico HTTP/1.1" 200 1406 "http://localhost/bcit/dvwa/index.php" "Mozilla/5.0 (Windows NT 10.0; Win64; x64) AppleWebKit/537.36 (KHTML, like Gecko) Chrome/86.0.4240.75 Safari/537.36"
185.191.171.9 - - [19/Oct/2020:13:39:41 -0700] "GET /index.php?id=12464&page=PCI-DSS-9.4.4&title=Special%3ACiteThisPage HTTP/1.1" 404 - "-" "Mozilla/5.0 (compatible; SemrushBot/6~bl; +http://www.semrush.com/bot.html)"
185.191.171.22 - - [19/Oct/2020:13:39:43 -0700] "GET /index.php?returnto=Special%3AWhatLinksHere%2FPages%2Bwith%2Breference%2Berrors&returntoquery=printable%3Dyes&title=Special%3AUserLogin HTTP/1.1" 404 - "-" "Mozilla/5.0 (compatible; SemrushBot/6~bl; +http://www.semrush.com/bot.html)"
185.191.171.37 - - [19/Oct/2020:13:39:44 -0700] "GET /index.php?returnto=ID.RM-2&returntoquery=diff%3D2127%26oldid%3D1609&title=Special%3AUserLogin HTTP/1.1" 404 - "-" "Mozilla/5.0 (compatible; SemrushBot/6~bl; +http://www.semrush.com/bot.html)"
174.7.115.156 - - [19/Oct/2020:13:39:47 -0700] "GET / HTTP/1.1" 302 - "-" "Mozilla/5.0 (Windows NT 10.0; Win64; x64) AppleWebKit/537.36 (KHTML, like Gecko) Chrome/86.0.4240.75 Safari/537.36"
174.7.115.156 - - [19/Oct/2020:13:39:47 -0700] "GET /error.php/ HTTP/1.1" 200 1101 "-" "Mozilla/5.0 (Windows NT 10.0; Win64; x64) AppleWebKit/537.36 (KHTML, like Gecko) Chrome/86.0.4240.75 Safari/537.36"
185.191.171.38 - - [19/Oct/2020:13:39:55 -0700] "GET /index.php?returnto=Talk%3AIntegrity&returntoquery=action%3Dinfo&title=Special%3ACreateAccount HTTP/1.1" 404 - "-" "Mozilla/5.0 (compatible; SemrushBot/6~bl; +http://www.semrush.com/bot.html)"
174.7.115.156 - - [19/Oct/2020:13:39:59 -0700] "GET / HTTP/1.1" 302 - "-" "Mozilla/5.0 (Windows NT 10.0; Win64; x64) AppleWebKit/537.36 (KHTML, like Gecko) Chrome/86.0.4240.75 Safari/537.36"
174.7.115.156 - - [19/Oct/2020:13:39:59 -0700] "GET /error.php/ HTTP/1.1" 200 1101 "-" "Mozilla/5.0 (Windows NT 10.0; Win64; x64) AppleWebKit/537.36 (KHTML, like Gecko) Chrome/86.0.4240.75 Safari/537.36"
174.7.115.156 - - [19/Oct/2020:13:40:05 -0700] "GET / HTTP/1.1" 200 8201 "-" "Mozilla/5.0 (Windows NT 10.0; Win64; x64) AppleWebKit/537.36 (KHTML, like Gecko) Chrome/86.0.4240.75 Safari/537.36"
174.7.115.156 - - [19/Oct/2020:13:40:05 -0700] "GET //css/w3.css HTTP/1.1" 304 - "http://bcit.stevenover.land/" "Mozilla/5.0 (Windows NT 10.0; Win64; x64) AppleWebKit/537.36 (KHTML, like Gecko) Chrome/86.0.4240.75 Safari/537.36"
174.7.115.156 - - [19/Oct/2020:13:40:05 -0700] "GET //css/steve.css HTTP/1.1" 304 - "http://bcit.stevenover.land/" "Mozilla/5.0 (Windows NT 10.0; Win64; x64) AppleWebKit/537.36 (KHTML, like Gecko) Chrome/86.0.4240.75 Safari/537.36"
174.7.115.156 - - [19/Oct/2020:13:40:05 -0700] "GET //css/w3-theme-black.css HTTP/1.1" 304 - "http://bcit.stevenover.land/" "Mozilla/5.0 (Windows NT 10.0; Win64; x64) AppleWebKit/537.36 (KHTML, like Gecko) Chrome/86.0.4240.75 Safari/537.36"
174.7.115.156 - - [19/Oct/2020:13:40:05 -0700] "GET //css/jquery.dataTables.min.css HTTP/1.1" 304 - "http://bcit.stevenover.land/" "Mozilla/5.0 (Windows NT 10.0; Win64; x64) AppleWebKit/537.36 (KHTML, like Gecko) Chrome/86.0.4240.75 Safari/537.36"
174.7.115.156 - - [19/Oct/2020:13:40:05 -0700] "GET //js/jquery.dataTables.min.js HTTP/1.1" 304 - "http://bcit.stevenover.land/" "Mozilla/5.0 (Windows NT 10.0; Win64; x64) AppleWebKit/537.36 (KHTML, like Gecko) Chrome/86.0.4240.75 Safari/537.36"
174.7.115.156 - - [19/Oct/2020:13:40:05 -0700] "GET //js/jquery.min.js HTTP/1.1" 304 - "http://bcit.stevenover.land/" "Mozilla/5.0 (Windows NT 10.0; Win64; x64) AppleWebKit/537.36 (KHTML, like Gecko) Chrome/86.0.4240.75 Safari/537.36"
174.7.115.156 - - [19/Oct/2020:13:40:14 -0700] "GET / HTTP/1.1" 302 - "-" "Mozilla/5.0 (Windows NT 10.0; Win64; x64) AppleWebKit/537.36 (KHTML, like Gecko) Chrome/86.0.4240.75 Safari/537.36"
174.7.115.156 - - [19/Oct/2020:13:40:14 -0700] "GET /error.php/ HTTP/1.1" 200 1101 "-" "Mozilla/5.0 (Windows NT 10.0; Win64; x64) AppleWebKit/537.36 (KHTML, like Gecko) Chrome/86.0.4240.75 Safari/537.36"
174.7.115.156 - - [19/Oct/2020:13:40:20 -0700] "GET / HTTP/1.1" 404 1055 "-" "Mozilla/5.0 (Windows NT 10.0; Win64; x64) AppleWebKit/537.36 (KHTML, like Gecko) Chrome/86.0.4240.75 Safari/537.36"
174.7.115.156 - - [19/Oct/2020:13:40:20 -0700] "GET /favicon.ico HTTP/1.1" 404 1179 "http://wesgar.net/" "Mozilla/5.0 (Windows NT 10.0; Win64; x64) AppleWebKit/537.36 (KHTML, like Gecko) Chrome/86.0.4240.75 Safari/537.36"
185.191.171.41 - - [19/Oct/2020:13:40:21 -0700] "GET /index.php?returnto=Special%3AWhatLinksHere%2FPCI-DSS-8.1.6&returntoquery=hidelinks%3D1&title=Special%3ACreateAccount HTTP/1.1" 404 - "-" "Mozilla/5.0 (compatible; SemrushBot/6~bl; +http://www.semrush.com/bot.html)"
174.7.115.156 - - [19/Oct/2020:13:40:27 -0700] "GET / HTTP/1.1" 404 - "-" "Mozilla/5.0 (Windows NT 10.0; Win64; x64) AppleWebKit/537.36 (KHTML, like Gecko) Chrome/86.0.4240.75 Safari/537.36"
174.7.115.156 - - [19/Oct/2020:13:40:28 -0700] "GET /favicon.ico HTTP/1.1" 404 - "http://wiki.stevenover.land/" "Mozilla/5.0 (Windows NT 10.0; Win64; x64) AppleWebKit/537.36 (KHTML, like Gecko) Chrome/86.0.4240.75 Safari/537.36"
185.191.171.20 - - [19/Oct/2020:13:41:00 -0700] "GET /index.php?days=30&from=20190902161601&hidebots=0&hideminor=1&limit=50&printable=yes&title=Special%3ARecentChanges HTTP/1.1" 404 - "-" "Mozilla/5.0 (compatible; SemrushBot/6~bl; +http://www.semrush.com/bot.html)"
174.7.115.156 - - [19/Oct/2020:13:41:04 -0700] "GET /.project HTTP/1.1" 200 210 "-" "Mozilla/5.0 (Windows NT 10.0; Win64; x64) AppleWebKit/537.36 (KHTML, like Gecko) Chrome/86.0.4240.75 Safari/537.36"
174.7.115.156 - - [19/Oct/2020:13:41:47 -0700] "GET /bcit HTTP/1.1" 301 342 "-" "Mozilla/5.0 (Windows NT 10.0; Win64; x64) AppleWebKit/537.36 (KHTML, like Gecko) Chrome/86.0.4240.75 Safari/537.36"
174.7.115.156 - - [19/Oct/2020:13:41:47 -0700] "GET /bcit/ HTTP/1.1" 200 8188 "-" "Mozilla/5.0 (Windows NT 10.0; Win64; x64) AppleWebKit/537.36 (KHTML, like Gecko) Chrome/86.0.4240.75 Safari/537.36"
174.7.115.156 - - [19/Oct/2020:13:41:47 -0700] "GET /bcit/css/w3.css HTTP/1.1" 304 - "http://stevenover.land/bcit/" "Mozilla/5.0 (Windows NT 10.0; Win64; x64) AppleWebKit/537.36 (KHTML, like Gecko) Chrome/86.0.4240.75 Safari/537.36"
174.7.115.156 - - [19/Oct/2020:13:41:47 -0700] "GET /bcit/css/w3-theme-black.css HTTP/1.1" 304 - "http://stevenover.land/bcit/" "Mozilla/5.0 (Windows NT 10.0; Win64; x64) AppleWebKit/537.36 (KHTML, like Gecko) Chrome/86.0.4240.75 Safari/537.36"
174.7.115.156 - - [19/Oct/2020:13:41:47 -0700] "GET /bcit/css/steve.css HTTP/1.1" 304 - "http://stevenover.land/bcit/" "Mozilla/5.0 (Windows NT 10.0; Win64; x64) AppleWebKit/537.36 (KHTML, like Gecko) Chrome/86.0.4240.75 Safari/537.36"
174.7.115.156 - - [19/Oct/2020:13:41:47 -0700] "GET /bcit/js/jquery.dataTables.min.js HTTP/1.1" 304 - "http://stevenover.land/bcit/" "Mozilla/5.0 (Windows NT 10.0; Win64; x64) AppleWebKit/537.36 (KHTML, like Gecko) Chrome/86.0.4240.75 Safari/537.36"
174.7.115.156 - - [19/Oct/2020:13:41:47 -0700] "GET /bcit/js/jquery.min.js HTTP/1.1" 304 - "http://stevenover.land/bcit/" "Mozilla/5.0 (Windows NT 10.0; Win64; x64) AppleWebKit/537.36 (KHTML, like Gecko) Chrome/86.0.4240.75 Safari/537.36"
174.7.115.156 - - [19/Oct/2020:13:41:47 -0700] "GET /bcit/css/jquery.dataTables.min.css HTTP/1.1" 304 - "http://stevenover.land/bcit/" "Mozilla/5.0 (Windows NT 10.0; Win64; x64) AppleWebKit/537.36 (KHTML, like Gecko) Chrome/86.0.4240.75 Safari/537.36"
174.7.115.156 - - [19/Oct/2020:13:42:00 -0700] "GET / HTTP/1.1" 200 8201 "-" "Mozilla/5.0 (Windows NT 10.0; Win64; x64) AppleWebKit/537.36 (KHTML, like Gecko) Chrome/86.0.4240.75 Safari/537.36"
174.7.115.156 - - [19/Oct/2020:13:42:04 -0700] "GET / HTTP/1.1" 200 8201 "http://bcit.stevenover.land/" "Mozilla/5.0 (Windows NT 10.0; Win64; x64) AppleWebKit/537.36 (KHTML, like Gecko) Chrome/86.0.4240.75 Safari/537.36"
174.7.115.156 - - [19/Oct/2020:13:42:09 -0700] "GET / HTTP/1.1" 200 8201 "http://bcit.stevenover.land/" "Mozilla/5.0 (Windows NT 10.0; Win64; x64) AppleWebKit/537.36 (KHTML, like Gecko) Chrome/86.0.4240.75 Safari/537.36"
174.7.115.156 - - [19/Oct/2020:13:42:15 -0700] "GET / HTTP/1.1" 200 8201 "http://bcit.stevenover.land/" "Mozilla/5.0 (Windows NT 10.0; Win64; x64) AppleWebKit/537.36 (KHTML, like Gecko) Chrome/86.0.4240.75 Safari/537.36"
185.191.171.24 - - [19/Oct/2020:13:43:47 -0700] "GET /index.php?returnto=Special%3ARecentChanges&returntoquery=days%3D14%26from%3D20191010123220%26hidebots%3D0%26hidehumans%3D1%26hideminor%3D1&title=Special%3ACreateAccount HTTP/1.1" 404 - "-" "Mozilla/5.0 (compatible; SemrushBot/6~bl; +http://www.semrush.com/bot.html)"
185.191.171.40 - - [19/Oct/2020:13:44:02 -0700] "GET /index.php?returnto=-%2BLogical%2B%28VLAN%29&returntoquery=action%3Dinfo&title=Special%3AUserLogin HTTP/1.1" 404 - "-" "Mozilla/5.0 (compatible; SemrushBot/6~bl; +http://www.semrush.com/bot.html)"
174.7.115.156 - - [19/Oct/2020:13:44:12 -0700] "GET / HTTP/1.1" 200 4610 "http://bcit.stevenover.land/" "Mozilla/5.0 (Windows NT 10.0; Win64; x64) AppleWebKit/537.36 (KHTML, like Gecko) Chrome/86.0.4240.75 Safari/537.36"
185.191.171.40 - - [19/Oct/2020:13:44:23 -0700] "GET /index.php?printable=yes&returnto=Special%3AWhatLinksHere%2FAccounts%2Fcredentials&title=Special%3ACreateAccount HTTP/1.1" 404 - "-" "Mozilla/5.0 (compatible; SemrushBot/6~bl; +http://www.semrush.com/bot.html)"
174.7.115.156 - - [19/Oct/2020:13:44:27 -0700] "POST /tools/setCookie.php HTTP/1.1" 302 2136 "http://bcit.stevenover.land/" "Mozilla/5.0 (Windows NT 10.0; Win64; x64) AppleWebKit/537.36 (KHTML, like Gecko) Chrome/86.0.4240.75 Safari/537.36"
174.7.115.156 - - [19/Oct/2020:13:44:27 -0700] "GET /index.php HTTP/1.1" 200 4809 "http://bcit.stevenover.land/" "Mozilla/5.0 (Windows NT 10.0; Win64; x64) AppleWebKit/537.36 (KHTML, like Gecko) Chrome/86.0.4240.75 Safari/537.36"
185.191.171.3 - - [19/Oct/2020:13:44:31 -0700] "GET /index.php?returnto=Special%3AWhatLinksHere%2F-Community&returntoquery=hidelinks%3D1&title=Special%3ACreateAccount HTTP/1.1" 404 - "-" "Mozilla/5.0 (compatible; SemrushBot/6~bl; +http://www.semrush.com/bot.html)"
185.191.171.37 - - [19/Oct/2020:13:44:45 -0700] "GET /index.php?returnto=Special%3AWhatLinksHere%2F-%2BMemory%2Bmanagement&returntoquery=hidelinks%3D1&title=Special%3AUserLogin HTTP/1.1" 404 - "-" "Mozilla/5.0 (compatible; SemrushBot/6~bl; +http://www.semrush.com/bot.html)"
157.55.39.1 - - [19/Oct/2020:13:45:19 -0700] "GET /robots.txt HTTP/1.1" 404 - "-" "Mozilla/5.0 (compatible; bingbot/2.0; +http://www.bing.com/bingbot.htm)"
174.7.115.156 - - [19/Oct/2020:13:45:35 -0700] "GET /index.php HTTP/1.1" 200 4809 "http://bcit.stevenover.land/" "Mozilla/5.0 (Windows NT 10.0; Win64; x64) AppleWebKit/537.36 (KHTML, like Gecko) Chrome/86.0.4240.75 Safari/537.36"
185.191.171.8 - - [19/Oct/2020:13:46:04 -0700] "GET /index.php?limit=250&printable=yes&title=Special%3AWhatLinksHere%2FRemote_access HTTP/1.1" 404 - "-" "Mozilla/5.0 (compatible; SemrushBot/6~bl; +http://www.semrush.com/bot.html)"
185.191.171.37 - - [19/Oct/2020:13:46:29 -0700] "GET /index.php?diff=cur&oldid=1443&title=PR.AT-5 HTTP/1.1" 404 - "-" "Mozilla/5.0 (compatible; SemrushBot/6~bl; +http://www.semrush.com/bot.html)"
185.191.171.35 - - [19/Oct/2020:13:47:56 -0700] "GET /index.php?hidetrans=1&limit=20&title=Special%3AWhatLinksHere%2FDevelopment_life-cycle_models HTTP/1.1" 404 - "-" "Mozilla/5.0 (compatible; SemrushBot/6~bl; +http://www.semrush.com/bot.html)"
185.191.171.43 - - [19/Oct/2020:13:48:06 -0700] "GET /index.php?diff=next&oldid=951&title=CSC-10 HTTP/1.1" 404 - "-" "Mozilla/5.0 (compatible; SemrushBot/6~bl; +http://www.semrush.com/bot.html)"
185.191.171.34 - - [19/Oct/2020:13:48:43 -0700] "GET /index.php?hideredirs=1&printable=yes&title=Special%3AWhatLinksHere%2F-_Data_exposure HTTP/1.1" 404 - "-" "Mozilla/5.0 (compatible; SemrushBot/6~bl; +http://www.semrush.com/bot.html)"
185.191.171.20 - - [19/Oct/2020:13:49:44 -0700] "GET /index.php?page=CSC-12.6&title=Special%3ALog HTTP/1.1" 404 - "-" "Mozilla/5.0 (compatible; SemrushBot/6~bl; +http://www.semrush.com/bot.html)"
185.191.171.43 - - [19/Oct/2020:13:49:48 -0700] "GET /index.php?hideredirs=1&title=Special%3AWhatLinksHere%2FResources%2Ffunding HTTP/1.1" 404 - "-" "Mozilla/5.0 (compatible; SemrushBot/6~bl; +http://www.semrush.com/bot.html)"
185.191.171.21 - - [19/Oct/2020:13:50:24 -0700] "GET /index.php?direction=next&oldid=289&title=Rootkit HTTP/1.1" 404 - "-" "Mozilla/5.0 (compatible; SemrushBot/6~bl; +http://www.semrush.com/bot.html)"
185.191.171.45 - - [19/Oct/2020:13:50:27 -0700] "GET /index.php?from=20191104063850&title=Special%3ARecentChanges HTTP/1.1" 404 - "-" "Mozilla/5.0 (compatible; SemrushBot/6~bl; +http://www.semrush.com/bot.html)"
185.191.171.45 - - [19/Oct/2020:13:50:50 -0700] "GET /index.php?limit=50&title=Special%3AWhatLinksHere%2FFile_integrity_check HTTP/1.1" 404 - "-" "Mozilla/5.0 (compatible; SemrushBot/6~bl; +http://www.semrush.com/bot.html)"
185.191.171.35 - - [19/Oct/2020:13:51:15 -0700] "GET /index.php?limit=500&printable=yes&title=Special%3AWhatLinksHere%2F-Shredding HTTP/1.1" 404 - "-" "Mozilla/5.0 (compatible; SemrushBot/6~bl; +http://www.semrush.com/bot.html)"
185.191.171.15 - - [19/Oct/2020:13:51:33 -0700] "GET /index.php?id=2082&page=ID.RA-1&title=Special%3ACiteThisPage HTTP/1.1" 404 - "-" "Mozilla/5.0 (compatible; SemrushBot/6~bl; +http://www.semrush.com/bot.html)"
185.191.171.20 - - [19/Oct/2020:13:51:55 -0700] "GET /index.php?printable=yes&returnto=Special%3ARecentChanges&returntoquery=days%3D14%26limit%3D100&title=Special%3ACreateAccount HTTP/1.1" 404 - "-" "Mozilla/5.0 (compatible; SemrushBot/6~bl; +http://www.semrush.com/bot.html)"
185.191.171.2 - - [19/Oct/2020:13:52:46 -0700] "GET /index.php?printable=yes&returnto=Special%3APrefixIndex%2FTemplate%3ANIST%2BCSF%2BSecurity%2BContinuous%2BMonitoring%2F&title=Special%3ACreateAccount HTTP/1.1" 404 - "-" "Mozilla/5.0 (compatible; SemrushBot/6~bl; +http://www.semrush.com/bot.html)"
185.191.171.4 - - [19/Oct/2020:13:52:50 -0700] "GET /index.php?returnto=Special%3ARecentChanges&returntoquery=days%3D14%26from%3D20191002121112%26hidebots%3D0%26hidehumans%3D1%26hideminor%3D1&title=Special%3ACreateAccount HTTP/1.1" 404 - "-" "Mozilla/5.0 (compatible; SemrushBot/6~bl; +http://www.semrush.com/bot.html)"
185.191.171.37 - - [19/Oct/2020:13:52:59 -0700] "GET /index.php?days=30&from=20190913181923&hideliu=0&hidemyself=1&limit=500&title=Special%3ARecentChanges HTTP/1.1" 404 - "-" "Mozilla/5.0 (compatible; SemrushBot/6~bl; +http://www.semrush.com/bot.html)"
185.191.171.36 - - [19/Oct/2020:13:53:12 -0700] "GET /index.php?returnto=CSC-19.1&returntoquery=action%3Dedit&title=Special%3AUserLogin HTTP/1.1" 404 - "-" "Mozilla/5.0 (compatible; SemrushBot/6~bl; +http://www.semrush.com/bot.html)"
185.191.171.39 - - [19/Oct/2020:13:53:32 -0700] "GET /index.php?limit=500&title=Special%3AWhatLinksHere%2FCSC-6.1 HTTP/1.1" 404 - "-" "Mozilla/5.0 (compatible; SemrushBot/6~bl; +http://www.semrush.com/bot.html)"
185.191.171.44 - - [19/Oct/2020:13:53:35 -0700] "GET /index.php?hideredirs=1&printable=yes&title=Special%3AWhatLinksHere%2FRC.CO-1 HTTP/1.1" 404 - "-" "Mozilla/5.0 (compatible; SemrushBot/6~bl; +http://www.semrush.com/bot.html)"
185.191.171.6 - - [19/Oct/2020:13:54:38 -0700] "GET /index.php?action=history&title=PCI-DSS-2.2.1 HTTP/1.1" 404 - "-" "Mozilla/5.0 (compatible; SemrushBot/6~bl; +http://www.semrush.com/bot.html)"
185.191.171.26 - - [19/Oct/2020:13:55:01 -0700] "GET /index.php?returnto=Shared%2Band%2Bgeneric%2Baccounts%2Fcredentials&returntoquery=action%3Dinfo&title=Special%3AUserLogin HTTP/1.1" 404 - "-" "Mozilla/5.0 (compatible; SemrushBot/6~bl; +http://www.semrush.com/bot.html)"
185.191.171.20 - - [19/Oct/2020:13:55:06 -0700] "GET /index.php?returnto=Special%3AWhatLinksHere%2FAsymmetric%2Balgorithms&returntoquery=hidelinks%3D1%26limit%3D20&title=Special%3ACreateAccount HTTP/1.1" 404 - "-" "Mozilla/5.0 (compatible; SemrushBot/6~bl; +http://www.semrush.com/bot.html)"
185.191.171.10 - - [19/Oct/2020:13:55:29 -0700] "GET /index.php?diff=prev&oldid=3827&title=CSC-2.10 HTTP/1.1" 404 - "-" "Mozilla/5.0 (compatible; SemrushBot/6~bl; +http://www.semrush.com/bot.html)"
185.191.171.24 - - [19/Oct/2020:13:55:46 -0700] "GET /index.php?returnto=Special%3ARecentChanges&returntoquery=from%3D20191009040713%26hideliu%3D1%26tagfilter%3Dmw-replace&title=Special%3ACreateAccount HTTP/1.1" 404 - "-" "Mozilla/5.0 (compatible; SemrushBot/6~bl; +http://www.semrush.com/bot.html)"
174.7.115.156 - - [19/Oct/2020:13:56:14 -0700] "GET / HTTP/1.1" 302 - "-" "Mozilla/5.0 (Windows NT 10.0; Win64; x64) AppleWebKit/537.36 (KHTML, like Gecko) Chrome/86.0.4240.75 Safari/537.36"
174.7.115.156 - - [19/Oct/2020:13:56:14 -0700] "GET /error.php/ HTTP/1.1" 200 1101 "-" "Mozilla/5.0 (Windows NT 10.0; Win64; x64) AppleWebKit/537.36 (KHTML, like Gecko) Chrome/86.0.4240.75 Safari/537.36"
174.7.115.156 - - [19/Oct/2020:13:56:15 -0700] "GET /favicon.ico HTTP/1.1" 404 1214 "http://stevenover.land/error.php/" "Mozilla/5.0 (Windows NT 10.0; Win64; x64) AppleWebKit/537.36 (KHTML, like Gecko) Chrome/86.0.4240.75 Safari/537.36"
185.191.171.14 - - [19/Oct/2020:13:56:24 -0700] "GET /Special:WhatLinksHere/Ransomware HTTP/1.1" 404 - "-" "Mozilla/5.0 (compatible; SemrushBot/6~bl; +http://www.semrush.com/bot.html)"
174.7.115.156 - - [19/Oct/2020:13:56:24 -0700] "GET / HTTP/1.1" 404 - "-" "Mozilla/5.0 (Windows NT 10.0; Win64; x64) AppleWebKit/537.36 (KHTML, like Gecko) Chrome/86.0.4240.75 Safari/537.36"
174.7.115.156 - - [19/Oct/2020:13:56:25 -0700] "GET /favicon.ico HTTP/1.1" 404 - "http://wiki.stevenover.land/" "Mozilla/5.0 (Windows NT 10.0; Win64; x64) AppleWebKit/537.36 (KHTML, like Gecko) Chrome/86.0.4240.75 Safari/537.36"
174.7.115.156 - - [19/Oct/2020:13:56:33 -0700] "GET / HTTP/1.1" 302 - "-" "Mozilla/5.0 (Windows NT 10.0; Win64; x64) AppleWebKit/537.36 (KHTML, like Gecko) Chrome/86.0.4240.75 Safari/537.36"
174.7.115.156 - - [19/Oct/2020:13:56:33 -0700] "GET /error.php/ HTTP/1.1" 200 1101 "-" "Mozilla/5.0 (Windows NT 10.0; Win64; x64) AppleWebKit/537.36 (KHTML, like Gecko) Chrome/86.0.4240.75 Safari/537.36"
174.7.115.156 - - [19/Oct/2020:13:56:33 -0700] "GET /favicon.ico HTTP/1.1" 404 1241 "http://whatever.stevenover.land/error.php/" "Mozilla/5.0 (Windows NT 10.0; Win64; x64) AppleWebKit/537.36 (KHTML, like Gecko) Chrome/86.0.4240.75 Safari/537.36"
174.7.115.156 - - [19/Oct/2020:13:56:48 -0700] "GET /phpmyadmin/ HTTP/1.1" 403 1220 "-" "Mozilla/5.0 (Windows NT 10.0; Win64; x64) AppleWebKit/537.36 (KHTML, like Gecko) Chrome/86.0.4240.75 Safari/537.36"
