5.9.158.195 - - [19/Oct/2020:11:36:20 -0700] "GET /index.php?title=File:Apple_Fixes_%E2%80%98AirDoS%E2%80%99_Bug_That_Cripples_Nearby_iPhones,_iPads_Threatpost.pdf&diff=prev&oldid=8857 HTTP/1.1" 404 - "-" "Mozilla/5.0 (compatible; MJ12bot/v1.4.8; http://mj12bot.com/)"
5.9.158.195 - - [19/Oct/2020:11:36:23 -0700] "GET /index.php?title=File:Apple_Fixes_%E2%80%98AirDoS%E2%80%99_Bug_That_Cripples_Nearby_iPhones,_iPads_Threatpost.pdf&diff=prev&oldid=8857&printable=yes HTTP/1.1" 404 - "-" "Mozilla/5.0 (compatible; MJ12bot/v1.4.8; http://mj12bot.com/)"
5.9.158.195 - - [19/Oct/2020:11:36:37 -0700] "GET /index.php?title=File:Apple_Fixes_%E2%80%98AirDoS%E2%80%99_Bug_That_Cripples_Nearby_iPhones,_iPads_Threatpost.pdf&diff=prev&oldid=8864 HTTP/1.1" 404 - "-" "Mozilla/5.0 (compatible; MJ12bot/v1.4.8; http://mj12bot.com/)"
5.9.158.195 - - [19/Oct/2020:11:36:46 -0700] "GET /index.php?title=File:Apple_Fixes_%E2%80%98AirDoS%E2%80%99_Bug_That_Cripples_Nearby_iPhones,_iPads_Threatpost.pdf&diff=prev&oldid=8864&printable=yes HTTP/1.1" 404 - "-" "Mozilla/5.0 (compatible; MJ12bot/v1.4.8; http://mj12bot.com/)"
5.9.158.195 - - [19/Oct/2020:11:36:50 -0700] "GET /index.php?title=File:Apple_Fixes_%E2%80%98AirDoS%E2%80%99_Bug_That_Cripples_Nearby_iPhones,_iPads_Threatpost.pdf&diff=prev&oldid=8865 HTTP/1.1" 404 - "-" "Mozilla/5.0 (compatible; MJ12bot/v1.4.8; http://mj12bot.com/)"
5.9.158.195 - - [19/Oct/2020:11:36:59 -0700] "GET /index.php?title=File:Apple_Fixes_%E2%80%98AirDoS%E2%80%99_Bug_That_Cripples_Nearby_iPhones,_iPads_Threatpost.pdf&diff=prev&oldid=8865&printable=yes HTTP/1.1" 404 - "-" "Mozilla/5.0 (compatible; MJ12bot/v1.4.8; http://mj12bot.com/)"
5.9.158.195 - - [19/Oct/2020:11:37:06 -0700] "GET /index.php?title=File:Apple_Fixes_%E2%80%98AirDoS%E2%80%99_Bug_That_Cripples_Nearby_iPhones,_iPads_Threatpost.pdf&diff=prev&oldid=8866 HTTP/1.1" 404 - "-" "Mozilla/5.0 (compatible; MJ12bot/v1.4.8; http://mj12bot.com/)"
5.9.158.195 - - [19/Oct/2020:11:37:14 -0700] "GET /index.php?title=File:Apple_Fixes_%E2%80%98AirDoS%E2%80%99_Bug_That_Cripples_Nearby_iPhones,_iPads_Threatpost.pdf&diff=prev&oldid=8866&printable=yes HTTP/1.1" 404 - "-" "Mozilla/5.0 (compatible; MJ12bot/v1.4.8; http://mj12bot.com/)"
5.9.158.195 - - [19/Oct/2020:11:37:30 -0700] "GET /index.php?title=File:Apple_Fixes_%E2%80%98AirDoS%E2%80%99_Bug_That_Cripples_Nearby_iPhones,_iPads_Threatpost.pdf&direction=next&oldid=8850 HTTP/1.1" 404 - "-" "Mozilla/5.0 (compatible; MJ12bot/v1.4.8; http://mj12bot.com/)"
5.9.158.195 - - [19/Oct/2020:11:37:40 -0700] "GET /index.php?title=File:Apple_Fixes_%E2%80%98AirDoS%E2%80%99_Bug_That_Cripples_Nearby_iPhones,_iPads_Threatpost.pdf&direction=next&oldid=8850&printable=yes HTTP/1.1" 404 - "-" "Mozilla/5.0 (compatible; MJ12bot/v1.4.8; http://mj12bot.com/)"
5.9.158.195 - - [19/Oct/2020:11:37:50 -0700] "GET /index.php?title=File:Apple_Fixes_%E2%80%98AirDoS%E2%80%99_Bug_That_Cripples_Nearby_iPhones,_iPads_Threatpost.pdf&direction=next&oldid=8856 HTTP/1.1" 404 - "-" "Mozilla/5.0 (compatible; MJ12bot/v1.4.8; http://mj12bot.com/)"
5.9.158.195 - - [19/Oct/2020:11:37:58 -0700] "GET /index.php?title=File:Apple_Fixes_%E2%80%98AirDoS%E2%80%99_Bug_That_Cripples_Nearby_iPhones,_iPads_Threatpost.pdf&direction=next&oldid=8856&printable=yes HTTP/1.1" 404 - "-" "Mozilla/5.0 (compatible; MJ12bot/v1.4.8; http://mj12bot.com/)"
5.9.158.195 - - [19/Oct/2020:11:38:09 -0700] "GET /index.php?title=File:Apple_Fixes_%E2%80%98AirDoS%E2%80%99_Bug_That_Cripples_Nearby_iPhones,_iPads_Threatpost.pdf&direction=next&oldid=8857 HTTP/1.1" 404 - "-" "Mozilla/5.0 (compatible; MJ12bot/v1.4.8; http://mj12bot.com/)"
5.9.158.195 - - [19/Oct/2020:11:38:19 -0700] "GET /index.php?title=File:Apple_Fixes_%E2%80%98AirDoS%E2%80%99_Bug_That_Cripples_Nearby_iPhones,_iPads_Threatpost.pdf&direction=next&oldid=8857&printable=yes HTTP/1.1" 404 - "-" "Mozilla/5.0 (compatible; MJ12bot/v1.4.8; http://mj12bot.com/)"
5.9.158.195 - - [19/Oct/2020:11:38:28 -0700] "GET /index.php?title=File:Apple_Fixes_%E2%80%98AirDoS%E2%80%99_Bug_That_Cripples_Nearby_iPhones,_iPads_Threatpost.pdf&direction=next&oldid=8864 HTTP/1.1" 404 - "-" "Mozilla/5.0 (compatible; MJ12bot/v1.4.8; http://mj12bot.com/)"
5.9.158.195 - - [19/Oct/2020:11:38:42 -0700] "GET /index.php?title=File:Apple_Fixes_%E2%80%98AirDoS%E2%80%99_Bug_That_Cripples_Nearby_iPhones,_iPads_Threatpost.pdf&direction=next&oldid=8864&printable=yes HTTP/1.1" 404 - "-" "Mozilla/5.0 (compatible; MJ12bot/v1.4.8; http://mj12bot.com/)"
5.9.158.195 - - [19/Oct/2020:11:38:54 -0700] "GET /index.php?title=File:Apple_Fixes_%E2%80%98AirDoS%E2%80%99_Bug_That_Cripples_Nearby_iPhones,_iPads_Threatpost.pdf&direction=prev&oldid=8856&printable=yes HTTP/1.1" 404 - "-" "Mozilla/5.0 (compatible; MJ12bot/v1.4.8; http://mj12bot.com/)"
5.9.158.195 - - [19/Oct/2020:11:39:05 -0700] "GET /index.php?title=File:Apple_Fixes_%E2%80%98AirDoS%E2%80%99_Bug_That_Cripples_Nearby_iPhones,_iPads_Threatpost.pdf&direction=prev&oldid=8857 HTTP/1.1" 404 - "-" "Mozilla/5.0 (compatible; MJ12bot/v1.4.8; http://mj12bot.com/)"
5.9.158.195 - - [19/Oct/2020:11:39:13 -0700] "GET /index.php?title=File:Apple_Fixes_%E2%80%98AirDoS%E2%80%99_Bug_That_Cripples_Nearby_iPhones,_iPads_Threatpost.pdf&direction=prev&oldid=8857&printable=yes HTTP/1.1" 404 - "-" "Mozilla/5.0 (compatible; MJ12bot/v1.4.8; http://mj12bot.com/)"
5.9.158.195 - - [19/Oct/2020:11:39:19 -0700] "GET /index.php?title=File:Apple_Fixes_%E2%80%98AirDoS%E2%80%99_Bug_That_Cripples_Nearby_iPhones,_iPads_Threatpost.pdf&direction=prev&oldid=8864 HTTP/1.1" 404 - "-" "Mozilla/5.0 (compatible; MJ12bot/v1.4.8; http://mj12bot.com/)"
5.189.133.135 - - [19/Oct/2020:11:39:26 -0700] "GET /robots.txt HTTP/1.1" 404 - "-" "Mozilla/5.0 (compatible; MJ12bot/v1.4.8; http://mj12bot.com/)"
5.9.158.195 - - [19/Oct/2020:11:39:28 -0700] "GET /index.php?title=File:Apple_Fixes_%E2%80%98AirDoS%E2%80%99_Bug_That_Cripples_Nearby_iPhones,_iPads_Threatpost.pdf&direction=prev&oldid=8864&printable=yes HTTP/1.1" 404 - "-" "Mozilla/5.0 (compatible; MJ12bot/v1.4.8; http://mj12bot.com/)"
5.9.158.195 - - [19/Oct/2020:11:39:40 -0700] "GET /index.php?title=File:Apple_Fixes_%E2%80%98AirDoS%E2%80%99_Bug_That_Cripples_Nearby_iPhones,_iPads_Threatpost.pdf&direction=prev&oldid=8865 HTTP/1.1" 404 - "-" "Mozilla/5.0 (compatible; MJ12bot/v1.4.8; http://mj12bot.com/)"
5.189.133.135 - - [19/Oct/2020:11:39:47 -0700] "GET /index.php?title=Special:UserLogin&returnto=Special:WhatLinksHere/CSC-18&returntoquery=hidelinks=1%26limit=250 HTTP/1.1" 404 - "-" "Mozilla/5.0 (compatible; MJ12bot/v1.4.8; http://mj12bot.com/)"
5.9.158.195 - - [19/Oct/2020:11:39:52 -0700] "GET /index.php?title=File:Apple_Fixes_%E2%80%98AirDoS%E2%80%99_Bug_That_Cripples_Nearby_iPhones,_iPads_Threatpost.pdf&direction=prev&oldid=8865&printable=yes HTTP/1.1" 404 - "-" "Mozilla/5.0 (compatible; MJ12bot/v1.4.8; http://mj12bot.com/)"
5.9.158.195 - - [19/Oct/2020:11:40:05 -0700] "GET /index.php?title=File:Apple_Fixes_%E2%80%98AirDoS%E2%80%99_Bug_That_Cripples_Nearby_iPhones,_iPads_Threatpost.pdf&direction=prev&oldid=8866 HTTP/1.1" 404 - "-" "Mozilla/5.0 (compatible; MJ12bot/v1.4.8; http://mj12bot.com/)"
5.9.158.195 - - [19/Oct/2020:11:40:09 -0700] "GET /index.php?title=File:Apple_Fixes_%E2%80%98AirDoS%E2%80%99_Bug_That_Cripples_Nearby_iPhones,_iPads_Threatpost.pdf&direction=prev&oldid=8866&printable=yes HTTP/1.1" 404 - "-" "Mozilla/5.0 (compatible; MJ12bot/v1.4.8; http://mj12bot.com/)"
5.189.133.135 - - [19/Oct/2020:11:40:11 -0700] "GET /index.php?title=Special:UserLogin&returnto=Special:WhatLinksHere/CSC-18&returntoquery=hidelinks=1%26limit=50 HTTP/1.1" 404 - "-" "Mozilla/5.0 (compatible; MJ12bot/v1.4.8; http://mj12bot.com/)"
5.9.158.195 - - [19/Oct/2020:11:40:17 -0700] "GET /index.php?title=File:Apple_Fixes_%E2%80%98AirDoS%E2%80%99_Bug_That_Cripples_Nearby_iPhones,_iPads_Threatpost.pdf&oldid=8850 HTTP/1.1" 404 - "-" "Mozilla/5.0 (compatible; MJ12bot/v1.4.8; http://mj12bot.com/)"
5.9.158.195 - - [19/Oct/2020:11:40:24 -0700] "GET /index.php?title=File:Apple_Fixes_%E2%80%98AirDoS%E2%80%99_Bug_That_Cripples_Nearby_iPhones,_iPads_Threatpost.pdf&oldid=8850&printable=yes HTTP/1.1" 404 - "-" "Mozilla/5.0 (compatible; MJ12bot/v1.4.8; http://mj12bot.com/)"
5.189.133.135 - - [19/Oct/2020:11:40:30 -0700] "GET /index.php?title=Special:UserLogin&returnto=Special:WhatLinksHere/CSC-18&returntoquery=hidelinks=1%26limit=500 HTTP/1.1" 404 - "-" "Mozilla/5.0 (compatible; MJ12bot/v1.4.8; http://mj12bot.com/)"
5.9.158.195 - - [19/Oct/2020:11:40:36 -0700] "GET /index.php?title=File:Apple_Fixes_%E2%80%98AirDoS%E2%80%99_Bug_That_Cripples_Nearby_iPhones,_iPads_Threatpost.pdf&oldid=8856 HTTP/1.1" 404 - "-" "Mozilla/5.0 (compatible; MJ12bot/v1.4.8; http://mj12bot.com/)"
5.9.158.195 - - [19/Oct/2020:11:40:42 -0700] "GET /index.php?title=File:Apple_Fixes_%E2%80%98AirDoS%E2%80%99_Bug_That_Cripples_Nearby_iPhones,_iPads_Threatpost.pdf&oldid=8856&printable=yes HTTP/1.1" 404 - "-" "Mozilla/5.0 (compatible; MJ12bot/v1.4.8; http://mj12bot.com/)"
5.9.158.195 - - [19/Oct/2020:11:40:51 -0700] "GET /index.php?title=File:Apple_Fixes_%E2%80%98AirDoS%E2%80%99_Bug_That_Cripples_Nearby_iPhones,_iPads_Threatpost.pdf&oldid=8857 HTTP/1.1" 404 - "-" "Mozilla/5.0 (compatible; MJ12bot/v1.4.8; http://mj12bot.com/)"
5.189.133.135 - - [19/Oct/2020:11:40:52 -0700] "GET /index.php?title=Special:UserLogin&returnto=Special:WhatLinksHere/CSC-18&returntoquery=hidelinks=1%26printable=yes HTTP/1.1" 404 - "-" "Mozilla/5.0 (compatible; MJ12bot/v1.4.8; http://mj12bot.com/)"
5.9.158.195 - - [19/Oct/2020:11:40:58 -0700] "GET /index.php?title=File:Apple_Fixes_%E2%80%98AirDoS%E2%80%99_Bug_That_Cripples_Nearby_iPhones,_iPads_Threatpost.pdf&oldid=8857&printable=yes HTTP/1.1" 404 - "-" "Mozilla/5.0 (compatible; MJ12bot/v1.4.8; http://mj12bot.com/)"
5.9.158.195 - - [19/Oct/2020:11:41:09 -0700] "GET /index.php?title=File:Apple_Fixes_%E2%80%98AirDoS%E2%80%99_Bug_That_Cripples_Nearby_iPhones,_iPads_Threatpost.pdf&oldid=8864 HTTP/1.1" 404 - "-" "Mozilla/5.0 (compatible; MJ12bot/v1.4.8; http://mj12bot.com/)"
5.189.133.135 - - [19/Oct/2020:11:41:14 -0700] "GET /index.php?title=Special:UserLogin&returnto=Special:WhatLinksHere/PCI-DSS-10.6&returntoquery=limit=50%26hideredirs=1%26hidetrans=1%26printable=yes&printable=yes HTTP/1.1" 404 - "-" "Mozilla/5.0 (compatible; MJ12bot/v1.4.8; http://mj12bot.com/)"
5.9.158.195 - - [19/Oct/2020:11:41:15 -0700] "GET /index.php?title=File:Apple_Fixes_%E2%80%98AirDoS%E2%80%99_Bug_That_Cripples_Nearby_iPhones,_iPads_Threatpost.pdf&oldid=8864&printable=yes HTTP/1.1" 404 - "-" "Mozilla/5.0 (compatible; MJ12bot/v1.4.8; http://mj12bot.com/)"
5.9.158.195 - - [19/Oct/2020:11:41:22 -0700] "GET /index.php?title=File:Apple_Fixes_%E2%80%98AirDoS%E2%80%99_Bug_That_Cripples_Nearby_iPhones,_iPads_Threatpost.pdf&oldid=8865 HTTP/1.1" 404 - "-" "Mozilla/5.0 (compatible; MJ12bot/v1.4.8; http://mj12bot.com/)"
5.189.133.135 - - [19/Oct/2020:11:41:27 -0700] "GET /index.php?title=Special:UserLogin&returnto=Special:WhatLinksHere/PCI-DSS-10.6.1&returntoquery=limit=50%26hideredirs=1%26hidetrans=1%26printable=yes&printable=yes HTTP/1.1" 404 - "-" "Mozilla/5.0 (compatible; MJ12bot/v1.4.8; http://mj12bot.com/)"
5.9.158.195 - - [19/Oct/2020:11:41:34 -0700] "GET /index.php?title=File:Apple_Fixes_%E2%80%98AirDoS%E2%80%99_Bug_That_Cripples_Nearby_iPhones,_iPads_Threatpost.pdf&oldid=8865&printable=yes HTTP/1.1" 404 - "-" "Mozilla/5.0 (compatible; MJ12bot/v1.4.8; http://mj12bot.com/)"
185.191.171.21 - - [19/Oct/2020:11:41:35 -0700] "GET /robots.txt HTTP/1.1" 404 - "-" "Mozilla/5.0 (compatible; SemrushBot/6~bl; +http://www.semrush.com/bot.html)"
185.191.171.12 - - [19/Oct/2020:11:41:35 -0700] "GET /index.php?printable=yes&returnto=CSC-16.2&returntoquery=curid%3D762%26diff%3D3181%26oldid%3D2955&title=Special%3ACreateAccount HTTP/1.1" 404 - "-" "Mozilla/5.0 (compatible; SemrushBot/6~bl; +http://www.semrush.com/bot.html)"
5.9.158.195 - - [19/Oct/2020:11:41:41 -0700] "GET /index.php?title=File:Apple_Fixes_%E2%80%98AirDoS%E2%80%99_Bug_That_Cripples_Nearby_iPhones,_iPads_Threatpost.pdf&oldid=8866 HTTP/1.1" 404 - "-" "Mozilla/5.0 (compatible; MJ12bot/v1.4.8; http://mj12bot.com/)"
5.189.133.135 - - [19/Oct/2020:11:41:46 -0700] "GET /index.php?title=Special:UserLogin&returnto=Special:WhatLinksHere/PCI-DSS-10.6.1&returntoquery=limit=50%26hideredirs=1%26hidetrans=1&printable=yes HTTP/1.1" 404 - "-" "Mozilla/5.0 (compatible; MJ12bot/v1.4.8; http://mj12bot.com/)"
185.191.171.21 - - [19/Oct/2020:11:41:47 -0700] "GET /index.php?returnto=Special%3AWhatLinksHere%2FIncident%2Bresponse&returntoquery=limit%3D20&title=Special%3ACreateAccount HTTP/1.1" 404 - "-" "Mozilla/5.0 (compatible; SemrushBot/6~bl; +http://www.semrush.com/bot.html)"
185.191.171.19 - - [19/Oct/2020:11:41:54 -0700] "GET /index.php?returnto=Special%3AUserRights%2FVodstreamingI30&title=Special%3AUserLogin HTTP/1.1" 404 - "-" "Mozilla/5.0 (compatible; SemrushBot/6~bl; +http://www.semrush.com/bot.html)"
5.9.158.195 - - [19/Oct/2020:11:41:55 -0700] "GET /index.php?title=File:Apple_Fixes_%E2%80%98AirDoS%E2%80%99_Bug_That_Cripples_Nearby_iPhones,_iPads_Threatpost.pdf&oldid=8866&printable=yes HTTP/1.1" 404 - "-" "Mozilla/5.0 (compatible; MJ12bot/v1.4.8; http://mj12bot.com/)"
5.189.133.135 - - [19/Oct/2020:11:42:07 -0700] "GET /index.php?title=Special:UserLogin&returnto=Special:WhatLinksHere/PCI-DSS-10.6.1&returntoquery=limit=50%26hideredirs=1%26printable=yes&printable=yes HTTP/1.1" 404 - "-" "Mozilla/5.0 (compatible; MJ12bot/v1.4.8; http://mj12bot.com/)"
5.9.158.195 - - [19/Oct/2020:11:42:08 -0700] "GET /index.php?title=Special:Log&page=File:Apple%20Fixes%20%E2%80%98AirDoS%E2%80%99%20Bug%20That%20Cripples%20Nearby%20iPhones,%20iPads%20Threatpost.pdf HTTP/1.1" 404 - "-" "Mozilla/5.0 (compatible; MJ12bot/v1.4.8; http://mj12bot.com/)"
178.219.24.28 - - [19/Oct/2020:11:42:09 -0700] "GET / HTTP/1.1" 200 995 "-" "Mozilla/5.0 (Windows NT 10.0; WOW64) AppleWebKit/537.36 (KHTML, like Gecko) Chrome/52.0.2743.116 Safari/537.36"
5.9.158.195 - - [19/Oct/2020:11:42:16 -0700] "GET /index.php?title=Special:Log&page=File:Apple%20Fixes%20%E2%80%98AirDoS%E2%80%99%20Bug%20That%20Cripples%20Nearby%20iPhones,%20iPads%20Threatpost.pdf&printable=yes HTTP/1.1" 404 - "-" "Mozilla/5.0 (compatible; MJ12bot/v1.4.8; http://mj12bot.com/)"
5.189.133.135 - - [19/Oct/2020:11:42:30 -0700] "GET /index.php?title=Special:UserLogin&returnto=Special:WhatLinksHere/PCI-DSS-11.3.2&returntoquery=hideredirs=1%26hidetrans=1&printable=yes HTTP/1.1" 404 - "-" "Mozilla/5.0 (compatible; MJ12bot/v1.4.8; http://mj12bot.com/)"
5.9.158.195 - - [19/Oct/2020:11:42:49 -0700] "GET /index.php?title=Special:Log&type=protect&page=File:Apple%20Fixes%20%E2%80%98AirDoS%E2%80%99%20Bug%20That%20Cripples%20Nearby%20iPhones,%20iPads%20Threatpost.pdf&printable=yes HTTP/1.1" 404 - "-" "Mozilla/5.0 (compatible; MJ12bot/v1.4.8; http://mj12bot.com/)"
185.191.171.21 - - [19/Oct/2020:11:42:54 -0700] "GET /index.php?returnto=Special%3AWhatLinksHere%2FAcceptable%2Buse%2Bpolicy%2Frules%2Bof%2Bbehavior&returntoquery=hideredirs%3D1%26limit%3D250&title=Special%3ACreateAccount HTTP/1.1" 404 - "-" "Mozilla/5.0 (compatible; SemrushBot/6~bl; +http://www.semrush.com/bot.html)"
5.9.158.195 - - [19/Oct/2020:11:42:58 -0700] "GET /index.php?title=Special:UserLogin&returnto=File:Apple%20Fixes%20%E2%80%98AirDoS%E2%80%99%20Bug%20That%20Cripples%20Nearby%20iPhones,%20iPads%20Threatpost.pdf&returntoquery=action=edit HTTP/1.1" 404 - "-" "Mozilla/5.0 (compatible; MJ12bot/v1.4.8; http://mj12bot.com/)"
5.189.133.135 - - [19/Oct/2020:11:43:00 -0700] "GET /index.php?title=Special:UserLogin&returnto=Special:WhatLinksHere/PCI-DSS-11.3.2&returntoquery=hideredirs=1%26limit=100&printable=yes HTTP/1.1" 404 - "-" "Mozilla/5.0 (compatible; MJ12bot/v1.4.8; http://mj12bot.com/)"
185.191.171.8 - - [19/Oct/2020:11:43:03 -0700] "GET /index.php?printable=yes&search=-Community&title=Special%3ASearch HTTP/1.1" 404 - "-" "Mozilla/5.0 (compatible; SemrushBot/6~bl; +http://www.semrush.com/bot.html)"
5.9.158.195 - - [19/Oct/2020:11:43:13 -0700] "GET /index.php?title=Special:UserLogin&returnto=File:Apple%20Fixes%20%E2%80%98AirDoS%E2%80%99%20Bug%20That%20Cripples%20Nearby%20iPhones,%20iPads%20Threatpost.pdf&returntoquery=action=edit%26oldid=8856 HTTP/1.1" 404 - "-" "Mozilla/5.0 (compatible; MJ12bot/v1.4.8; http://mj12bot.com/)"
5.189.133.135 - - [19/Oct/2020:11:43:14 -0700] "GET /index.php?title=Special:UserLogin&returnto=Special:WhatLinksHere/PCI-DSS-11.3.2&returntoquery=hideredirs=1%26limit=20&printable=yes HTTP/1.1" 404 - "-" "Mozilla/5.0 (compatible; MJ12bot/v1.4.8; http://mj12bot.com/)"
5.9.158.195 - - [19/Oct/2020:11:43:28 -0700] "GET /index.php?title=Special:UserLogin&returnto=File:Apple%20Fixes%20%E2%80%98AirDoS%E2%80%99%20Bug%20That%20Cripples%20Nearby%20iPhones,%20iPads%20Threatpost.pdf&returntoquery=action=edit%26oldid=8856&printable=yes HTTP/1.1" 404 - "-" "Mozilla/5.0 (compatible; MJ12bot/v1.4.8; http://mj12bot.com/)"
5.189.133.135 - - [19/Oct/2020:11:43:29 -0700] "GET /index.php?title=Special:UserLogin&returnto=Special:WhatLinksHere/PCI-DSS-11.3.2&returntoquery=hideredirs=1%26limit=250&printable=yes HTTP/1.1" 404 - "-" "Mozilla/5.0 (compatible; MJ12bot/v1.4.8; http://mj12bot.com/)"
5.9.158.195 - - [19/Oct/2020:11:43:37 -0700] "GET /index.php?title=Special:UserLogin&returnto=File:Apple%20Fixes%20%E2%80%98AirDoS%E2%80%99%20Bug%20That%20Cripples%20Nearby%20iPhones,%20iPads%20Threatpost.pdf&returntoquery=action=edit%26oldid=8864 HTTP/1.1" 404 - "-" "Mozilla/5.0 (compatible; MJ12bot/v1.4.8; http://mj12bot.com/)"
185.191.171.3 - - [19/Oct/2020:11:43:43 -0700] "GET /index.php?returnto=Special%3ARecentChanges&returntoquery=days%3D1%26hideliu%3D1%26hidemyself%3D0%26limit%3D100&title=Special%3ACreateAccount HTTP/1.1" 404 - "-" "Mozilla/5.0 (compatible; SemrushBot/6~bl; +http://www.semrush.com/bot.html)"
5.9.158.195 - - [19/Oct/2020:11:43:46 -0700] "GET /index.php?title=Special:UserLogin&returnto=File:Apple%20Fixes%20%E2%80%98AirDoS%E2%80%99%20Bug%20That%20Cripples%20Nearby%20iPhones,%20iPads%20Threatpost.pdf&returntoquery=action=edit%26oldid=8864&printable=yes HTTP/1.1" 404 - "-" "Mozilla/5.0 (compatible; MJ12bot/v1.4.8; http://mj12bot.com/)"
185.191.171.21 - - [19/Oct/2020:11:43:49 -0700] "GET /index.php?diff=1049&oldid=992&title=CSC-14 HTTP/1.1" 404 - "-" "Mozilla/5.0 (compatible; SemrushBot/6~bl; +http://www.semrush.com/bot.html)"
185.191.171.10 - - [19/Oct/2020:11:43:51 -0700] "GET /index.php?returnto=CIS%2BControls&returntoquery=diff%3Dnext%26oldid%3D908&title=Special%3AUserLogin HTTP/1.1" 404 - "-" "Mozilla/5.0 (compatible; SemrushBot/6~bl; +http://www.semrush.com/bot.html)"
5.189.133.135 - - [19/Oct/2020:11:43:52 -0700] "GET /index.php?title=Special:UserLogin&returnto=Special:WhatLinksHere/PCI-DSS-11.3.2&returntoquery=hideredirs=1%26limit=50&printable=yes HTTP/1.1" 404 - "-" "Mozilla/5.0 (compatible; MJ12bot/v1.4.8; http://mj12bot.com/)"
185.191.171.42 - - [19/Oct/2020:11:43:56 -0700] "GET /index.php?printable=yes&returnto=ID.RM-1&returntoquery=diff%3D1419%26oldid%3D1383&title=Special%3AUserLogin HTTP/1.1" 404 - "-" "Mozilla/5.0 (compatible; SemrushBot/6~bl; +http://www.semrush.com/bot.html)"
5.9.158.195 - - [19/Oct/2020:11:43:59 -0700] "GET /index.php?title=Special:UserLogin&returnto=File:Apple%20Fixes%20%E2%80%98AirDoS%E2%80%99%20Bug%20That%20Cripples%20Nearby%20iPhones,%20iPads%20Threatpost.pdf&returntoquery=action=edit%26oldid=8865 HTTP/1.1" 404 - "-" "Mozilla/5.0 (compatible; MJ12bot/v1.4.8; http://mj12bot.com/)"
5.189.133.135 - - [19/Oct/2020:11:44:01 -0700] "GET /index.php?title=Special:UserLogin&returnto=Special:WhatLinksHere/PCI-DSS-11.3.2&returntoquery=hideredirs=1%26limit=500&printable=yes HTTP/1.1" 404 - "-" "Mozilla/5.0 (compatible; MJ12bot/v1.4.8; http://mj12bot.com/)"
5.9.158.195 - - [19/Oct/2020:11:44:11 -0700] "GET /index.php?title=Special:UserLogin&returnto=File:Apple%20Fixes%20%E2%80%98AirDoS%E2%80%99%20Bug%20That%20Cripples%20Nearby%20iPhones,%20iPads%20Threatpost.pdf&returntoquery=action=edit%26oldid=8865&printable=yes HTTP/1.1" 404 - "-" "Mozilla/5.0 (compatible; MJ12bot/v1.4.8; http://mj12bot.com/)"
::1 - - [19/Oct/2020:11:44:16 -0700] "GET / HTTP/1.1" 200 992 "-" "Mozilla/5.0 (Windows NT 6.1; Win64; x64; rv:81.0) Gecko/20100101 Firefox/81.0"
::1 - - [19/Oct/2020:11:44:17 -0700] "GET /icons/blank.gif HTTP/1.1" 304 - "http://localhost/" "Mozilla/5.0 (Windows NT 6.1; Win64; x64; rv:81.0) Gecko/20100101 Firefox/81.0"
::1 - - [19/Oct/2020:11:44:17 -0700] "GET /icons/folder.gif HTTP/1.1" 304 - "http://localhost/" "Mozilla/5.0 (Windows NT 6.1; Win64; x64; rv:81.0) Gecko/20100101 Firefox/81.0"
185.191.171.4 - - [19/Oct/2020:11:44:20 -0700] "GET /index.php?printable=yes&returnto=Talk%3A-%2BStatic%2Bcode%2Banalyzers&title=Special%3ACreateAccount HTTP/1.1" 404 - "-" "Mozilla/5.0 (compatible; SemrushBot/6~bl; +http://www.semrush.com/bot.html)"
::1 - - [19/Oct/2020:11:44:21 -0700] "GET /dvwa/ HTTP/1.1" 302 - "http://localhost/" "Mozilla/5.0 (Windows NT 6.1; Win64; x64; rv:81.0) Gecko/20100101 Firefox/81.0"
::1 - - [19/Oct/2020:11:44:21 -0700] "GET /dvwa/dvwa/css/login.css HTTP/1.1" 200 842 "http://localhost/dvwa/login.php" "Mozilla/5.0 (Windows NT 6.1; Win64; x64; rv:81.0) Gecko/20100101 Firefox/81.0"
::1 - - [19/Oct/2020:11:44:21 -0700] "GET /dvwa/login.php HTTP/1.1" 200 1415 "http://localhost/" "Mozilla/5.0 (Windows NT 6.1; Win64; x64; rv:81.0) Gecko/20100101 Firefox/81.0"
::1 - - [19/Oct/2020:11:44:21 -0700] "GET /dvwa/dvwa/images/login_logo.png HTTP/1.1" 200 9088 "http://localhost/dvwa/login.php" "Mozilla/5.0 (Windows NT 6.1; Win64; x64; rv:81.0) Gecko/20100101 Firefox/81.0"
5.189.133.135 - - [19/Oct/2020:11:44:22 -0700] "GET /index.php?title=Special:UserLogin&returnto=Special:WhatLinksHere/PCI-DSS-11.3.2&returntoquery=hideredirs=1%26printable=yes&printable=yes HTTP/1.1" 404 - "-" "Mozilla/5.0 (compatible; MJ12bot/v1.4.8; http://mj12bot.com/)"
::1 - - [19/Oct/2020:11:44:25 -0700] "GET /bcit/css/w3.css HTTP/1.1" 200 23355 "http://localhost/bcit/" "Mozilla/5.0 (Windows NT 6.1; Win64; x64; rv:81.0) Gecko/20100101 Firefox/81.0"
::1 - - [19/Oct/2020:11:44:25 -0700] "GET /bcit/css/steve.css HTTP/1.1" 200 771 "http://localhost/bcit/" "Mozilla/5.0 (Windows NT 6.1; Win64; x64; rv:81.0) Gecko/20100101 Firefox/81.0"
::1 - - [19/Oct/2020:11:44:25 -0700] "GET /bcit/js/jquery.min.js HTTP/1.1" 200 86355 "http://localhost/bcit/" "Mozilla/5.0 (Windows NT 6.1; Win64; x64; rv:81.0) Gecko/20100101 Firefox/81.0"
::1 - - [19/Oct/2020:11:44:25 -0700] "GET /bcit/ HTTP/1.1" 200 8110 "http://localhost/" "Mozilla/5.0 (Windows NT 6.1; Win64; x64; rv:81.0) Gecko/20100101 Firefox/81.0"
::1 - - [19/Oct/2020:11:44:25 -0700] "GET /bcit/css/w3-theme-black.css HTTP/1.1" 200 1358 "http://localhost/bcit/" "Mozilla/5.0 (Windows NT 6.1; Win64; x64; rv:81.0) Gecko/20100101 Firefox/81.0"
::1 - - [19/Oct/2020:11:44:25 -0700] "GET /bcit/css/jquery.dataTables.min.css HTTP/1.1" 200 15586 "http://localhost/bcit/" "Mozilla/5.0 (Windows NT 6.1; Win64; x64; rv:81.0) Gecko/20100101 Firefox/81.0"
::1 - - [19/Oct/2020:11:44:25 -0700] "GET /bcit/js/jquery.dataTables.min.js HTTP/1.1" 200 82070 "http://localhost/bcit/" "Mozilla/5.0 (Windows NT 6.1; Win64; x64; rv:81.0) Gecko/20100101 Firefox/81.0"
5.9.158.195 - - [19/Oct/2020:11:44:32 -0700] "GET /index.php?title=Special:UserLogin&returnto=File:Apple%20Fixes%20%E2%80%98AirDoS%E2%80%99%20Bug%20That%20Cripples%20Nearby%20iPhones,%20iPads%20Threatpost.pdf&returntoquery=action=edit&printable=yes HTTP/1.1" 404 - "-" "Mozilla/5.0 (compatible; MJ12bot/v1.4.8; http://mj12bot.com/)"
5.189.133.135 - - [19/Oct/2020:11:44:41 -0700] "GET /index.php?title=Special:UserLogin&returnto=Special:WhatLinksHere/PCI-DSS-11.3.2&returntoquery=hideredirs=1&printable=yes HTTP/1.1" 404 - "-" "Mozilla/5.0 (compatible; MJ12bot/v1.4.8; http://mj12bot.com/)"
5.9.158.195 - - [19/Oct/2020:11:44:38 -0700] "GET /index.php?title=Special:UserLogin&returnto=File:Apple%20Fixes%20%E2%80%98AirDoS%E2%80%99%20Bug%20That%20Cripples%20Nearby%20iPhones,%20iPads%20Threatpost.pdf&returntoquery=action=history HTTP/1.1" 404 - "-" "Mozilla/5.0 (compatible; MJ12bot/v1.4.8; http://mj12bot.com/)"
185.191.171.2 - - [19/Oct/2020:11:44:40 -0700] "GET /PCI-DSS-7.1.4 HTTP/1.1" 404 - "-" "Mozilla/5.0 (compatible; SemrushBot/6~bl; +http://www.semrush.com/bot.html)"
185.191.171.2 - - [19/Oct/2020:11:44:43 -0700] "GET /index.php?returnto=NIST&returntoquery=curid%3D50%26diff%3D643%26oldid%3D611%26printable%3Dyes&title=Special%3ACreateAccount HTTP/1.1" 404 - "-" "Mozilla/5.0 (compatible; SemrushBot/6~bl; +http://www.semrush.com/bot.html)"
5.9.158.195 - - [19/Oct/2020:11:44:43 -0700] "GET /index.php?title=Special:UserLogin&returnto=File:Apple%20Fixes%20%E2%80%98AirDoS%E2%80%99%20Bug%20That%20Cripples%20Nearby%20iPhones,%20iPads%20Threatpost.pdf&returntoquery=action=history&printable=yes HTTP/1.1" 404 - "-" "Mozilla/5.0 (compatible; MJ12bot/v1.4.8; http://mj12bot.com/)"
5.189.133.135 - - [19/Oct/2020:11:44:52 -0700] "GET /index.php?title=Special:UserLogin&returnto=Special:WhatLinksHere/PCI-DSS-11.3.2&returntoquery=hidetrans=1%26hideredirs=1&printable=yes HTTP/1.1" 404 - "-" "Mozilla/5.0 (compatible; MJ12bot/v1.4.8; http://mj12bot.com/)"
5.9.158.195 - - [19/Oct/2020:11:44:55 -0700] "GET /index.php?title=Special:UserLogin&returnto=File:Apple%20Fixes%20%E2%80%98AirDoS%E2%80%99%20Bug%20That%20Cripples%20Nearby%20iPhones,%20iPads%20Threatpost.pdf&returntoquery=action=info HTTP/1.1" 404 - "-" "Mozilla/5.0 (compatible; MJ12bot/v1.4.8; http://mj12bot.com/)"
5.9.158.195 - - [19/Oct/2020:11:45:04 -0700] "GET /index.php?title=Special:UserLogin&returnto=File:Apple%20Fixes%20%E2%80%98AirDoS%E2%80%99%20Bug%20That%20Cripples%20Nearby%20iPhones,%20iPads%20Threatpost.pdf&returntoquery=action=info&printable=yes HTTP/1.1" 404 - "-" "Mozilla/5.0 (compatible; MJ12bot/v1.4.8; http://mj12bot.com/)"
5.9.158.195 - - [19/Oct/2020:11:45:13 -0700] "GET /index.php?title=Special:UserLogin&returnto=File:Apple%20Fixes%20%E2%80%98AirDoS%E2%80%99%20Bug%20That%20Cripples%20Nearby%20iPhones,%20iPads%20Threatpost.pdf&returntoquery=diff=8856%26oldid=8850 HTTP/1.1" 404 - "-" "Mozilla/5.0 (compatible; MJ12bot/v1.4.8; http://mj12bot.com/)"
5.189.133.135 - - [19/Oct/2020:11:45:23 -0700] "GET /index.php?title=Special:UserLogin&returnto=Special:WhatLinksHere/PCI-DSS-11.3.2&returntoquery=hidetrans=1%26limit=100&printable=yes HTTP/1.1" 404 - "-" "Mozilla/5.0 (compatible; MJ12bot/v1.4.8; http://mj12bot.com/)"
5.9.158.195 - - [19/Oct/2020:11:45:26 -0700] "GET /index.php?title=Special:UserLogin&returnto=File:Apple%20Fixes%20%E2%80%98AirDoS%E2%80%99%20Bug%20That%20Cripples%20Nearby%20iPhones,%20iPads%20Threatpost.pdf&returntoquery=diff=8856%26oldid=8850%26printable=yes HTTP/1.1" 404 - "-" "Mozilla/5.0 (compatible; MJ12bot/v1.4.8; http://mj12bot.com/)"
185.191.171.37 - - [19/Oct/2020:11:45:32 -0700] "GET /index.php?direction=prev&oldid=823&title=Insider_threat HTTP/1.1" 404 - "-" "Mozilla/5.0 (compatible; SemrushBot/6~bl; +http://www.semrush.com/bot.html)"
5.9.158.195 - - [19/Oct/2020:11:45:35 -0700] "GET /index.php?title=Special:UserLogin&returnto=File:Apple%20Fixes%20%E2%80%98AirDoS%E2%80%99%20Bug%20That%20Cripples%20Nearby%20iPhones,%20iPads%20Threatpost.pdf&returntoquery=diff=8856%26oldid=8850%26printable=yes&printable=yes HTTP/1.1" 404 - "-" "Mozilla/5.0 (compatible; MJ12bot/v1.4.8; http://mj12bot.com/)"
185.191.171.6 - - [19/Oct/2020:11:45:38 -0700] "GET /index.php?hideredirs=1&limit=250&title=Special%3AWhatLinksHere%2FCSC-19.7 HTTP/1.1" 404 - "-" "Mozilla/5.0 (compatible; SemrushBot/6~bl; +http://www.semrush.com/bot.html)"
::1 - - [19/Oct/2020:11:45:40 -0700] "GET / HTTP/1.1" 302 - "-" "Mozilla/5.0 (Windows NT 6.1; Win64; x64; rv:81.0) Gecko/20100101 Firefox/81.0"
::1 - - [19/Oct/2020:11:45:40 -0700] "GET /dvwa/ HTTP/1.1" 302 - "-" "Mozilla/5.0 (Windows NT 6.1; Win64; x64; rv:81.0) Gecko/20100101 Firefox/81.0"
::1 - - [19/Oct/2020:11:45:40 -0700] "GET /dvwa/login.php HTTP/1.1" 200 1415 "-" "Mozilla/5.0 (Windows NT 6.1; Win64; x64; rv:81.0) Gecko/20100101 Firefox/81.0"
5.189.133.135 - - [19/Oct/2020:11:45:43 -0700] "GET /index.php?title=Special:UserLogin&returnto=Special:WhatLinksHere/PCI-DSS-11.3.2&returntoquery=hidetrans=1%26limit=20&printable=yes HTTP/1.1" 404 - "-" "Mozilla/5.0 (compatible; MJ12bot/v1.4.8; http://mj12bot.com/)"
5.9.158.195 - - [19/Oct/2020:11:45:51 -0700] "GET /index.php?title=Special:UserLogin&returnto=File:Apple%20Fixes%20%E2%80%98AirDoS%E2%80%99%20Bug%20That%20Cripples%20Nearby%20iPhones,%20iPads%20Threatpost.pdf&returntoquery=diff=8856%26oldid=8850&printable=yes HTTP/1.1" 404 - "-" "Mozilla/5.0 (compatible; MJ12bot/v1.4.8; http://mj12bot.com/)"
5.189.133.135 - - [19/Oct/2020:11:45:54 -0700] "GET /index.php?title=Special:UserLogin&returnto=Special:WhatLinksHere/PCI-DSS-11.3.2&returntoquery=hidetrans=1%26limit=250&printable=yes HTTP/1.1" 404 - "-" "Mozilla/5.0 (compatible; MJ12bot/v1.4.8; http://mj12bot.com/)"
35.247.29.77 - - [19/Oct/2020:11:45:55 -0700] "GET / HTTP/1.1" 302 - "-" "Mozilla/5.0 (Windows NT 6.1; Win64; x64; rv:81.0) Gecko/20100101 Firefox/81.0"
35.247.29.77 - - [19/Oct/2020:11:45:55 -0700] "GET /dvwa/ HTTP/1.1" 302 - "-" "Mozilla/5.0 (Windows NT 6.1; Win64; x64; rv:81.0) Gecko/20100101 Firefox/81.0"
35.247.29.77 - - [19/Oct/2020:11:45:55 -0700] "GET /dvwa/login.php HTTP/1.1" 200 1415 "-" "Mozilla/5.0 (Windows NT 6.1; Win64; x64; rv:81.0) Gecko/20100101 Firefox/81.0"
35.247.29.77 - - [19/Oct/2020:11:45:55 -0700] "GET /dvwa/dvwa/css/login.css HTTP/1.1" 200 842 "http://bcit.stevenover.land/dvwa/login.php" "Mozilla/5.0 (Windows NT 6.1; Win64; x64; rv:81.0) Gecko/20100101 Firefox/81.0"
35.247.29.77 - - [19/Oct/2020:11:45:55 -0700] "GET /dvwa/dvwa/images/login_logo.png HTTP/1.1" 200 9088 "http://bcit.stevenover.land/dvwa/login.php" "Mozilla/5.0 (Windows NT 6.1; Win64; x64; rv:81.0) Gecko/20100101 Firefox/81.0"
35.247.29.77 - - [19/Oct/2020:11:45:55 -0700] "GET /favicon.ico HTTP/1.1" 404 1237 "http://bcit.stevenover.land/dvwa/login.php" "Mozilla/5.0 (Windows NT 6.1; Win64; x64; rv:81.0) Gecko/20100101 Firefox/81.0"
185.191.171.18 - - [19/Oct/2020:11:45:59 -0700] "GET /index.php?returnto=CSC-3.6&returntoquery=oldid%3D4069&title=Special%3ACreateAccount HTTP/1.1" 404 - "-" "Mozilla/5.0 (compatible; SemrushBot/6~bl; +http://www.semrush.com/bot.html)"
5.9.158.195 - - [19/Oct/2020:11:46:02 -0700] "GET /index.php?title=Special:UserLogin&returnto=File:Apple%20Fixes%20%E2%80%98AirDoS%E2%80%99%20Bug%20That%20Cripples%20Nearby%20iPhones,%20iPads%20Threatpost.pdf&returntoquery=diff=8857%26oldid=8856 HTTP/1.1" 404 - "-" "Mozilla/5.0 (compatible; MJ12bot/v1.4.8; http://mj12bot.com/)"
185.191.171.17 - - [19/Oct/2020:11:46:04 -0700] "GET /index.php?returnto=Talk%3AAffinity&title=Special%3AUserLogin HTTP/1.1" 404 - "-" "Mozilla/5.0 (compatible; SemrushBot/6~bl; +http://www.semrush.com/bot.html)"
185.191.171.36 - - [19/Oct/2020:11:46:07 -0700] "GET /index.php?returnto=Special%3ARecentChanges&returntoquery=days%3D1%26hideanons%3D1%26hideminor%3D1%26hidemyself%3D1%26limit%3D500%26printable%3Dyes&title=Special%3ACreateAccount HTTP/1.1" 404 - "-" "Mozilla/5.0 (compatible; SemrushBot/6~bl; +http://www.semrush.com/bot.html)"
5.9.158.195 - - [19/Oct/2020:11:46:08 -0700] "GET /index.php?title=Special:UserLogin&returnto=File:Apple%20Fixes%20%E2%80%98AirDoS%E2%80%99%20Bug%20That%20Cripples%20Nearby%20iPhones,%20iPads%20Threatpost.pdf&returntoquery=diff=8857%26oldid=8856%26printable=yes HTTP/1.1" 404 - "-" "Mozilla/5.0 (compatible; MJ12bot/v1.4.8; http://mj12bot.com/)"
5.9.158.195 - - [19/Oct/2020:11:46:14 -0700] "GET /index.php?title=Special:UserLogin&returnto=File:Apple%20Fixes%20%E2%80%98AirDoS%E2%80%99%20Bug%20That%20Cripples%20Nearby%20iPhones,%20iPads%20Threatpost.pdf&returntoquery=diff=8857%26oldid=8856%26printable=yes&printable=yes HTTP/1.1" 404 - "-" "Mozilla/5.0 (compatible; MJ12bot/v1.4.8; http://mj12bot.com/)"
5.189.133.135 - - [19/Oct/2020:11:46:14 -0700] "GET /index.php?title=Special:UserLogin&returnto=Special:WhatLinksHere/PCI-DSS-11.3.2&returntoquery=hidetrans=1%26limit=50&printable=yes HTTP/1.1" 404 - "-" "Mozilla/5.0 (compatible; MJ12bot/v1.4.8; http://mj12bot.com/)"
35.247.29.77 - - [19/Oct/2020:11:46:16 -0700] "GET / HTTP/1.1" 302 - "-" "Mozilla/5.0 (Windows NT 6.1; Win64; x64; rv:81.0) Gecko/20100101 Firefox/81.0"
35.247.29.77 - - [19/Oct/2020:11:46:16 -0700] "GET /dvwa/ HTTP/1.1" 302 - "-" "Mozilla/5.0 (Windows NT 6.1; Win64; x64; rv:81.0) Gecko/20100101 Firefox/81.0"
35.247.29.77 - - [19/Oct/2020:11:46:16 -0700] "GET /dvwa/login.php HTTP/1.1" 200 1415 "-" "Mozilla/5.0 (Windows NT 6.1; Win64; x64; rv:81.0) Gecko/20100101 Firefox/81.0"
35.247.29.77 - - [19/Oct/2020:11:46:16 -0700] "GET /dvwa/dvwa/css/login.css HTTP/1.1" 200 842 "http://xxx.stevenover.land/dvwa/login.php" "Mozilla/5.0 (Windows NT 6.1; Win64; x64; rv:81.0) Gecko/20100101 Firefox/81.0"
35.247.29.77 - - [19/Oct/2020:11:46:16 -0700] "GET /dvwa/dvwa/images/login_logo.png HTTP/1.1" 200 9088 "http://xxx.stevenover.land/dvwa/login.php" "Mozilla/5.0 (Windows NT 6.1; Win64; x64; rv:81.0) Gecko/20100101 Firefox/81.0"
35.247.29.77 - - [19/Oct/2020:11:46:16 -0700] "GET /favicon.ico HTTP/1.1" 404 1234 "http://xxx.stevenover.land/dvwa/login.php" "Mozilla/5.0 (Windows NT 6.1; Win64; x64; rv:81.0) Gecko/20100101 Firefox/81.0"
185.191.171.18 - - [19/Oct/2020:11:46:21 -0700] "GET /index.php?hidetrans=1&limit=500&title=Special%3AWhatLinksHere%2FAccess_control_models HTTP/1.1" 404 - "-" "Mozilla/5.0 (compatible; SemrushBot/6~bl; +http://www.semrush.com/bot.html)"
5.9.158.195 - - [19/Oct/2020:11:46:22 -0700] "GET /index.php?title=Special:UserLogin&returnto=File:Apple%20Fixes%20%E2%80%98AirDoS%E2%80%99%20Bug%20That%20Cripples%20Nearby%20iPhones,%20iPads%20Threatpost.pdf&returntoquery=diff=8857%26oldid=8856&printable=yes HTTP/1.1" 404 - "-" "Mozilla/5.0 (compatible; MJ12bot/v1.4.8; http://mj12bot.com/)"
174.7.115.156 - - [19/Oct/2020:11:46:30 -0700] "GET //dvwa/ HTTP/1.1" 302 - "-" "Mozilla/5.0 (Windows NT 10.0; Win64; x64) AppleWebKit/537.36 (KHTML, like Gecko) Chrome/86.0.4240.75 Safari/537.36"
174.7.115.156 - - [19/Oct/2020:11:46:30 -0700] "GET //dvwa/login.php HTTP/1.1" 200 1415 "-" "Mozilla/5.0 (Windows NT 10.0; Win64; x64) AppleWebKit/537.36 (KHTML, like Gecko) Chrome/86.0.4240.75 Safari/537.36"
174.7.115.156 - - [19/Oct/2020:11:46:31 -0700] "GET //dvwa/dvwa/css/login.css HTTP/1.1" 200 842 "http://stevenover.land//dvwa/login.php" "Mozilla/5.0 (Windows NT 10.0; Win64; x64) AppleWebKit/537.36 (KHTML, like Gecko) Chrome/86.0.4240.75 Safari/537.36"
174.7.115.156 - - [19/Oct/2020:11:46:31 -0700] "GET //dvwa/dvwa/images/login_logo.png HTTP/1.1" 200 9088 "http://stevenover.land//dvwa/login.php" "Mozilla/5.0 (Windows NT 10.0; Win64; x64) AppleWebKit/537.36 (KHTML, like Gecko) Chrome/86.0.4240.75 Safari/537.36"
5.189.133.135 - - [19/Oct/2020:11:46:33 -0700] "GET /index.php?title=Special:UserLogin&returnto=Special:WhatLinksHere/PCI-DSS-11.3.2&returntoquery=hidetrans=1%26limit=500&printable=yes HTTP/1.1" 404 - "-" "Mozilla/5.0 (compatible; MJ12bot/v1.4.8; http://mj12bot.com/)"
5.9.158.195 - - [19/Oct/2020:11:46:37 -0700] "GET /index.php?title=Special:UserLogin&returnto=File:Apple%20Fixes%20%E2%80%98AirDoS%E2%80%99%20Bug%20That%20Cripples%20Nearby%20iPhones,%20iPads%20Threatpost.pdf&returntoquery=diff=8864%26oldid=8857 HTTP/1.1" 404 - "-" "Mozilla/5.0 (compatible; MJ12bot/v1.4.8; http://mj12bot.com/)"
174.7.115.156 - - [19/Oct/2020:11:46:39 -0700] "GET /phpmyadmin HTTP/1.1" 403 1220 "-" "Mozilla/5.0 (Windows NT 10.0; Win64; x64) AppleWebKit/537.36 (KHTML, like Gecko) Chrome/86.0.4240.75 Safari/537.36"
5.9.158.195 - - [19/Oct/2020:11:46:49 -0700] "GET /index.php?title=Special:UserLogin&returnto=File:Apple%20Fixes%20%E2%80%98AirDoS%E2%80%99%20Bug%20That%20Cripples%20Nearby%20iPhones,%20iPads%20Threatpost.pdf&returntoquery=diff=8864%26oldid=8857%26printable=yes HTTP/1.1" 404 - "-" "Mozilla/5.0 (compatible; MJ12bot/v1.4.8; http://mj12bot.com/)"
5.189.133.135 - - [19/Oct/2020:11:46:51 -0700] "GET /index.php?title=Special:UserLogin&returnto=Special:WhatLinksHere/PCI-DSS-11.3.2&returntoquery=hidetrans=1&printable=yes HTTP/1.1" 404 - "-" "Mozilla/5.0 (compatible; MJ12bot/v1.4.8; http://mj12bot.com/)"
185.191.171.14 - - [19/Oct/2020:11:46:56 -0700] "GET /index.php?limit=500&printable=yes&title=Special%3AWhatLinksHere%2FDigital_cameras HTTP/1.1" 404 - "-" "Mozilla/5.0 (compatible; SemrushBot/6~bl; +http://www.semrush.com/bot.html)"
5.9.158.195 - - [19/Oct/2020:11:46:59 -0700] "GET /index.php?title=Special:UserLogin&returnto=File:Apple%20Fixes%20%E2%80%98AirDoS%E2%80%99%20Bug%20That%20Cripples%20Nearby%20iPhones,%20iPads%20Threatpost.pdf&returntoquery=diff=8864%26oldid=8857%26printable=yes&printable=yes HTTP/1.1" 404 - "-" "Mozilla/5.0 (compatible; MJ12bot/v1.4.8; http://mj12bot.com/)"
5.189.133.135 - - [19/Oct/2020:11:47:08 -0700] "GET /index.php?title=Special:UserLogin&returnto=Special:WhatLinksHere/PCI-DSS-11.3.2&returntoquery=limit=100%26hideredirs=1&printable=yes HTTP/1.1" 404 - "-" "Mozilla/5.0 (compatible; MJ12bot/v1.4.8; http://mj12bot.com/)"
5.9.158.195 - - [19/Oct/2020:11:47:14 -0700] "GET /index.php?title=Special:UserLogin&returnto=File:Apple%20Fixes%20%E2%80%98AirDoS%E2%80%99%20Bug%20That%20Cripples%20Nearby%20iPhones,%20iPads%20Threatpost.pdf&returntoquery=diff=8864%26oldid=8857&printable=yes HTTP/1.1" 404 - "-" "Mozilla/5.0 (compatible; MJ12bot/v1.4.8; http://mj12bot.com/)"
5.9.158.195 - - [19/Oct/2020:11:47:24 -0700] "GET /index.php?title=Special:UserLogin&returnto=File:Apple%20Fixes%20%E2%80%98AirDoS%E2%80%99%20Bug%20That%20Cripples%20Nearby%20iPhones,%20iPads%20Threatpost.pdf&returntoquery=diff=8865%26oldid=8864 HTTP/1.1" 404 - "-" "Mozilla/5.0 (compatible; MJ12bot/v1.4.8; http://mj12bot.com/)"
185.191.171.20 - - [19/Oct/2020:11:47:27 -0700] "GET /index.php?limit=250&printable=yes&title=Special%3AWhatLinksHere%2FSensors HTTP/1.1" 404 - "-" "Mozilla/5.0 (compatible; SemrushBot/6~bl; +http://www.semrush.com/bot.html)"
5.189.133.135 - - [19/Oct/2020:11:47:29 -0700] "GET /index.php?title=Special:UserLogin&returnto=Special:WhatLinksHere/PCI-DSS-11.3.2&returntoquery=limit=100%26hidetrans=1&printable=yes HTTP/1.1" 404 - "-" "Mozilla/5.0 (compatible; MJ12bot/v1.4.8; http://mj12bot.com/)"
185.191.171.14 - - [19/Oct/2020:11:47:29 -0700] "GET /index.php?returnto=Special%3AWhatLinksHere%2FAccount%2Btypes&returntoquery=limit%3D250%26printable%3Dyes&title=Special%3AUserLogin HTTP/1.1" 404 - "-" "Mozilla/5.0 (compatible; SemrushBot/6~bl; +http://www.semrush.com/bot.html)"
5.9.158.195 - - [19/Oct/2020:11:47:38 -0700] "GET /index.php?title=Special:UserLogin&returnto=File:Apple%20Fixes%20%E2%80%98AirDoS%E2%80%99%20Bug%20That%20Cripples%20Nearby%20iPhones,%20iPads%20Threatpost.pdf&returntoquery=diff=8865%26oldid=8864%26printable=yes HTTP/1.1" 404 - "-" "Mozilla/5.0 (compatible; MJ12bot/v1.4.8; http://mj12bot.com/)"
5.189.133.135 - - [19/Oct/2020:11:47:43 -0700] "GET /index.php?title=Special:UserLogin&returnto=Special:WhatLinksHere/PCI-DSS-11.3.2&returntoquery=limit=100%26printable=yes&printable=yes HTTP/1.1" 404 - "-" "Mozilla/5.0 (compatible; MJ12bot/v1.4.8; http://mj12bot.com/)"
5.9.158.195 - - [19/Oct/2020:11:47:45 -0700] "GET /index.php?title=Special:UserLogin&returnto=File:Apple%20Fixes%20%E2%80%98AirDoS%E2%80%99%20Bug%20That%20Cripples%20Nearby%20iPhones,%20iPads%20Threatpost.pdf&returntoquery=diff=8865%26oldid=8864%26printable=yes&printable=yes HTTP/1.1" 404 - "-" "Mozilla/5.0 (compatible; MJ12bot/v1.4.8; http://mj12bot.com/)"
5.9.158.195 - - [19/Oct/2020:11:47:56 -0700] "GET /index.php?title=Special:UserLogin&returnto=File:Apple%20Fixes%20%E2%80%98AirDoS%E2%80%99%20Bug%20That%20Cripples%20Nearby%20iPhones,%20iPads%20Threatpost.pdf&returntoquery=diff=8865%26oldid=8864&printable=yes HTTP/1.1" 404 - "-" "Mozilla/5.0 (compatible; MJ12bot/v1.4.8; http://mj12bot.com/)"
5.189.133.135 - - [19/Oct/2020:11:48:01 -0700] "GET /index.php?title=Special:UserLogin&returnto=Special:WhatLinksHere/PCI-DSS-11.3.2&returntoquery=limit=100&printable=yes HTTP/1.1" 404 - "-" "Mozilla/5.0 (compatible; MJ12bot/v1.4.8; http://mj12bot.com/)"
5.9.158.195 - - [19/Oct/2020:11:48:03 -0700] "GET /index.php?title=Special:UserLogin&returnto=File:Apple%20Fixes%20%E2%80%98AirDoS%E2%80%99%20Bug%20That%20Cripples%20Nearby%20iPhones,%20iPads%20Threatpost.pdf&returntoquery=diff=8866%26oldid=8850 HTTP/1.1" 404 - "-" "Mozilla/5.0 (compatible; MJ12bot/v1.4.8; http://mj12bot.com/)"
185.191.171.8 - - [19/Oct/2020:11:48:04 -0700] "GET /index.php?diff=1978&oldid=646&title=ID.AM-1 HTTP/1.1" 404 - "-" "Mozilla/5.0 (compatible; SemrushBot/6~bl; +http://www.semrush.com/bot.html)"
5.9.158.195 - - [19/Oct/2020:11:48:13 -0700] "GET /index.php?title=Special:UserLogin&returnto=File:Apple%20Fixes%20%E2%80%98AirDoS%E2%80%99%20Bug%20That%20Cripples%20Nearby%20iPhones,%20iPads%20Threatpost.pdf&returntoquery=diff=8866%26oldid=8850%26printable=yes HTTP/1.1" 404 - "-" "Mozilla/5.0 (compatible; MJ12bot/v1.4.8; http://mj12bot.com/)"
185.191.171.26 - - [19/Oct/2020:11:48:14 -0700] "GET /index.php?action=edit&redlink=1&title=Talk%3ASomething_you_know HTTP/1.1" 404 - "-" "Mozilla/5.0 (compatible; SemrushBot/6~bl; +http://www.semrush.com/bot.html)"
144.76.38.40 - - [19/Oct/2020:11:48:17 -0700] "GET /robots.txt HTTP/1.1" 404 - "-" "Mozilla/5.0 (compatible; MJ12bot/v1.4.8; http://mj12bot.com/)"
5.189.133.135 - - [19/Oct/2020:11:48:19 -0700] "GET /index.php?title=Special:UserLogin&returnto=Special:WhatLinksHere/PCI-DSS-11.3.2&returntoquery=limit=20%26hideredirs=1&printable=yes HTTP/1.1" 404 - "-" "Mozilla/5.0 (compatible; MJ12bot/v1.4.8; http://mj12bot.com/)"
144.76.38.40 - - [19/Oct/2020:11:48:20 -0700] "GET /Special:WhatLinksHere/PCI-DSS-3.5.4 HTTP/1.1" 404 - "-" "Mozilla/5.0 (compatible; MJ12bot/v1.4.8; http://mj12bot.com/)"
144.76.38.40 - - [19/Oct/2020:11:48:22 -0700] "GET /index.php?title=CSC-14.6&diff=prev&oldid=8694 HTTP/1.1" 404 - "-" "Mozilla/5.0 (compatible; MJ12bot/v1.4.8; http://mj12bot.com/)"
5.9.158.195 - - [19/Oct/2020:11:48:23 -0700] "GET /index.php?title=Special:UserLogin&returnto=File:Apple%20Fixes%20%E2%80%98AirDoS%E2%80%99%20Bug%20That%20Cripples%20Nearby%20iPhones,%20iPads%20Threatpost.pdf&returntoquery=diff=8866%26oldid=8850%26printable=yes&printable=yes HTTP/1.1" 404 - "-" "Mozilla/5.0 (compatible; MJ12bot/v1.4.8; http://mj12bot.com/)"
144.76.38.40 - - [19/Oct/2020:11:48:25 -0700] "GET /index.php?title=CSC-14.6&diff=prev&oldid=9722 HTTP/1.1" 404 - "-" "Mozilla/5.0 (compatible; MJ12bot/v1.4.8; http://mj12bot.com/)"
185.191.171.45 - - [19/Oct/2020:11:48:28 -0700] "GET /index.php?printable=yes&returnto=-%2BPassword%2Breuse&title=Special%3AUserLogin HTTP/1.1" 404 - "-" "Mozilla/5.0 (compatible; SemrushBot/6~bl; +http://www.semrush.com/bot.html)"
144.76.38.40 - - [19/Oct/2020:11:48:29 -0700] "GET /index.php?title=CSC-14.6&diff=prev&oldid=9845 HTTP/1.1" 404 - "-" "Mozilla/5.0 (compatible; MJ12bot/v1.4.8; http://mj12bot.com/)"
144.76.38.40 - - [19/Oct/2020:11:48:31 -0700] "GET /index.php?title=CSC-14.6&oldid=8694 HTTP/1.1" 404 - "-" "Mozilla/5.0 (compatible; MJ12bot/v1.4.8; http://mj12bot.com/)"
5.9.158.195 - - [19/Oct/2020:11:48:35 -0700] "GET /index.php?title=Special:UserLogin&returnto=File:Apple%20Fixes%20%E2%80%98AirDoS%E2%80%99%20Bug%20That%20Cripples%20Nearby%20iPhones,%20iPads%20Threatpost.pdf&returntoquery=diff=8866%26oldid=8850&printable=yes HTTP/1.1" 404 - "-" "Mozilla/5.0 (compatible; MJ12bot/v1.4.8; http://mj12bot.com/)"
144.76.38.40 - - [19/Oct/2020:11:48:35 -0700] "GET /index.php?title=CSC-14.6&oldid=9722 HTTP/1.1" 404 - "-" "Mozilla/5.0 (compatible; MJ12bot/v1.4.8; http://mj12bot.com/)"
144.76.38.40 - - [19/Oct/2020:11:48:37 -0700] "GET /index.php?title=CSC-14.6&oldid=9845 HTTP/1.1" 404 - "-" "Mozilla/5.0 (compatible; MJ12bot/v1.4.8; http://mj12bot.com/)"
5.189.133.135 - - [19/Oct/2020:11:48:37 -0700] "GET /index.php?title=Special:UserLogin&returnto=Special:WhatLinksHere/PCI-DSS-11.3.2&returntoquery=limit=20%26hidetrans=1&printable=yes HTTP/1.1" 404 - "-" "Mozilla/5.0 (compatible; MJ12bot/v1.4.8; http://mj12bot.com/)"
144.76.38.40 - - [19/Oct/2020:11:48:39 -0700] "GET /index.php?title=CSC-18&action=edit HTTP/1.1" 404 - "-" "Mozilla/5.0 (compatible; MJ12bot/v1.4.8; http://mj12bot.com/)"
185.191.171.6 - - [19/Oct/2020:11:48:41 -0700] "GET /index.php?returnto=Special%3ASearch&returntoquery=fulltext%3D1%26profile%3Dadvanced%26search%3DBroken-file-category&title=Special%3ACreateAccount HTTP/1.1" 404 - "-" "Mozilla/5.0 (compatible; SemrushBot/6~bl; +http://www.semrush.com/bot.html)"
144.76.38.40 - - [19/Oct/2020:11:48:42 -0700] "GET /index.php?title=Main_Page&diff=next&oldid=854 HTTP/1.1" 404 - "-" "Mozilla/5.0 (compatible; MJ12bot/v1.4.8; http://mj12bot.com/)"
5.9.158.195 - - [19/Oct/2020:11:48:43 -0700] "GET /index.php?title=Special:UserLogin&returnto=File:Apple%20Fixes%20%E2%80%98AirDoS%E2%80%99%20Bug%20That%20Cripples%20Nearby%20iPhones,%20iPads%20Threatpost.pdf&returntoquery=diff=8866%26oldid=8856 HTTP/1.1" 404 - "-" "Mozilla/5.0 (compatible; MJ12bot/v1.4.8; http://mj12bot.com/)"
144.76.38.40 - - [19/Oct/2020:11:48:46 -0700] "GET /index.php?title=Main_Page&diff=prev&oldid=3225 HTTP/1.1" 404 - "-" "Mozilla/5.0 (compatible; MJ12bot/v1.4.8; http://mj12bot.com/)"
144.76.38.40 - - [19/Oct/2020:11:48:49 -0700] "GET /index.php?title=Main_Page&diff=prev&oldid=879 HTTP/1.1" 404 - "-" "Mozilla/5.0 (compatible; MJ12bot/v1.4.8; http://mj12bot.com/)"
144.76.38.40 - - [19/Oct/2020:11:48:52 -0700] "GET /index.php?title=PCI-DSS-1.2&action=edit HTTP/1.1" 404 - "-" "Mozilla/5.0 (compatible; MJ12bot/v1.4.8; http://mj12bot.com/)"
144.76.38.40 - - [19/Oct/2020:11:48:54 -0700] "GET /index.php?title=PCI-DSS-10.8.1&action=edit HTTP/1.1" 404 - "-" "Mozilla/5.0 (compatible; MJ12bot/v1.4.8; http://mj12bot.com/)"
144.76.38.40 - - [19/Oct/2020:11:48:56 -0700] "GET /index.php?title=PCI-DSS-10.9&action=edit HTTP/1.1" 404 - "-" "Mozilla/5.0 (compatible; MJ12bot/v1.4.8; http://mj12bot.com/)"
5.9.158.195 - - [19/Oct/2020:11:48:57 -0700] "GET /index.php?title=Special:UserLogin&returnto=File:Apple%20Fixes%20%E2%80%98AirDoS%E2%80%99%20Bug%20That%20Cripples%20Nearby%20iPhones,%20iPads%20Threatpost.pdf&returntoquery=diff=8866%26oldid=8856%26printable=yes HTTP/1.1" 404 - "-" "Mozilla/5.0 (compatible; MJ12bot/v1.4.8; http://mj12bot.com/)"
144.76.38.40 - - [19/Oct/2020:11:48:58 -0700] "GET /index.php?title=PCI-DSS-11.3.4.1&action=edit HTTP/1.1" 404 - "-" "Mozilla/5.0 (compatible; MJ12bot/v1.4.8; http://mj12bot.com/)"
144.76.38.40 - - [19/Oct/2020:11:49:01 -0700] "GET /index.php?title=PCI-DSS-12.11&action=edit HTTP/1.1" 404 - "-" "Mozilla/5.0 (compatible; MJ12bot/v1.4.8; http://mj12bot.com/)"
5.189.133.135 - - [19/Oct/2020:11:49:02 -0700] "GET /index.php?title=Special:UserLogin&returnto=Special:WhatLinksHere/PCI-DSS-11.3.2&returntoquery=limit=20%26printable=yes&printable=yes HTTP/1.1" 404 - "-" "Mozilla/5.0 (compatible; MJ12bot/v1.4.8; http://mj12bot.com/)"
144.76.38.40 - - [19/Oct/2020:11:49:04 -0700] "GET /index.php?title=PCI-DSS-12.11.1&action=edit HTTP/1.1" 404 - "-" "Mozilla/5.0 (compatible; MJ12bot/v1.4.8; http://mj12bot.com/)"
5.9.158.195 - - [19/Oct/2020:11:49:06 -0700] "GET /index.php?title=Special:UserLogin&returnto=File:Apple%20Fixes%20%E2%80%98AirDoS%E2%80%99%20Bug%20That%20Cripples%20Nearby%20iPhones,%20iPads%20Threatpost.pdf&returntoquery=diff=8866%26oldid=8856%26printable=yes&printable=yes HTTP/1.1" 404 - "-" "Mozilla/5.0 (compatible; MJ12bot/v1.4.8; http://mj12bot.com/)"
144.76.38.40 - - [19/Oct/2020:11:49:06 -0700] "GET /index.php?title=PCI-DSS-3.5.4&action=edit HTTP/1.1" 404 - "-" "Mozilla/5.0 (compatible; MJ12bot/v1.4.8; http://mj12bot.com/)"
144.76.38.40 - - [19/Oct/2020:11:49:09 -0700] "GET /index.php?title=Special:Log&type=protect&page=File:Apple%20Fixes%20%E2%80%98AirDoS%E2%80%99%20Bug%20That%20Cripples%20Nearby%20iPhones,%20iPads%20Threatpost.pdf&printable=yes HTTP/1.1" 404 - "-" "Mozilla/5.0 (compatible; MJ12bot/v1.4.8; http://mj12bot.com/)"
144.76.38.40 - - [19/Oct/2020:11:49:12 -0700] "GET /index.php?title=Special:UserLogin&returnto=File:Apple%20Fixes%20%E2%80%98AirDoS%E2%80%99%20Bug%20That%20Cripples%20Nearby%20iPhones,%20iPads%20Threatpost.pdf&returntoquery=direction=next%26oldid=8857 HTTP/1.1" 404 - "-" "Mozilla/5.0 (compatible; MJ12bot/v1.4.8; http://mj12bot.com/)"
66.249.70.13 - - [19/Oct/2020:11:49:14 -0700] "GET /robots.txt HTTP/1.1" 404 - "-" "Mozilla/5.0 (compatible; Googlebot/2.1; +http://www.google.com/bot.html)"
66.249.70.13 - - [19/Oct/2020:11:49:14 -0700] "GET /faejnxujhrmb.html HTTP/1.1" 404 - "-" "Mozilla/5.0 (compatible; Googlebot/2.1; +http://www.google.com/bot.html)"
144.76.38.40 - - [19/Oct/2020:11:49:14 -0700] "GET /index.php?title=Special:UserLogin&returnto=File:Apple%20Fixes%20%E2%80%98AirDoS%E2%80%99%20Bug%20That%20Cripples%20Nearby%20iPhones,%20iPads%20Threatpost.pdf&returntoquery=direction=next%26oldid=8857%26printable=yes HTTP/1.1" 404 - "-" "Mozilla/5.0 (compatible; MJ12bot/v1.4.8; http://mj12bot.com/)"
185.191.171.14 - - [19/Oct/2020:11:49:15 -0700] "GET /index.php?days=14&from=20191002051424&hidebots=0&hideminor=1&limit=100&title=Special%3ARecentChanges HTTP/1.1" 404 - "-" "Mozilla/5.0 (compatible; SemrushBot/6~bl; +http://www.semrush.com/bot.html)"
5.189.133.135 - - [19/Oct/2020:11:49:17 -0700] "GET /index.php?title=Special:UserLogin&returnto=Special:WhatLinksHere/PCI-DSS-11.3.2&returntoquery=limit=20&printable=yes HTTP/1.1" 404 - "-" "Mozilla/5.0 (compatible; MJ12bot/v1.4.8; http://mj12bot.com/)"
144.76.38.40 - - [19/Oct/2020:11:49:17 -0700] "GET /index.php?title=Special:UserLogin&returnto=File:Apple%20Fixes%20%E2%80%98AirDoS%E2%80%99%20Bug%20That%20Cripples%20Nearby%20iPhones,%20iPads%20Threatpost.pdf&returntoquery=direction=next%26oldid=8857%26printable=yes&printable=yes HTTP/1.1" 404 - "-" "Mozilla/5.0 (compatible; MJ12bot/v1.4.8; http://mj12bot.com/)"
