[Mon Oct 19 18:41:25.387441 2020] [php7:notice] [pid 5348:tid 1464] [client 154.5.175.124:57677] PHP   1. {main}() C:\\xampp\\htdocs\\bcit\\tools\\setCookie.php:0, referer: http://bcit.stevenover.land/
[Mon Oct 19 18:41:25.387441 2020] [php7:notice] [pid 5348:tid 1464] [client 154.5.175.124:57677] PHP Warning:  include(): Failed opening 'C:/xampp/htdocs/bcit/demo/header.php' for inclusion (include_path='C:\\xampp\\php\\PEAR') in C:\\xampp\\htdocs\\bcit\\tools\\setCookie.php on line 3, referer: http://bcit.stevenover.land/
[Mon Oct 19 18:41:25.387441 2020] [php7:notice] [pid 5348:tid 1464] [client 154.5.175.124:57677] PHP Stack trace:, referer: http://bcit.stevenover.land/
[Mon Oct 19 18:41:25.387441 2020] [php7:notice] [pid 5348:tid 1464] [client 154.5.175.124:57677] PHP   1. {main}() C:\\xampp\\htdocs\\bcit\\tools\\setCookie.php:0, referer: http://bcit.stevenover.land/
[Mon Oct 19 18:41:37.320305 2020] [php7:notice] [pid 5348:tid 1552] [client 174.7.115.156:60956] PHP Warning:  include(C:/xampp/htdocs/bcit/demo/header.php): failed to open stream: No such file or directory in C:\\xampp\\htdocs\\bcit\\tools\\setCookie.php on line 3, referer: http://bcit.stevenover.land/index.php
[Mon Oct 19 18:41:37.320305 2020] [php7:notice] [pid 5348:tid 1552] [client 174.7.115.156:60956] PHP Stack trace:, referer: http://bcit.stevenover.land/index.php
[Mon Oct 19 18:41:37.320305 2020] [php7:notice] [pid 5348:tid 1552] [client 174.7.115.156:60956] PHP   1. {main}() C:\\xampp\\htdocs\\bcit\\tools\\setCookie.php:0, referer: http://bcit.stevenover.land/index.php
[Mon Oct 19 18:41:37.320305 2020] [php7:notice] [pid 5348:tid 1552] [client 174.7.115.156:60956] PHP Warning:  include(): Failed opening 'C:/xampp/htdocs/bcit/demo/header.php' for inclusion (include_path='C:\\xampp\\php\\PEAR') in C:\\xampp\\htdocs\\bcit\\tools\\setCookie.php on line 3, referer: http://bcit.stevenover.land/index.php
[Mon Oct 19 18:41:37.320305 2020] [php7:notice] [pid 5348:tid 1552] [client 174.7.115.156:60956] PHP Stack trace:, referer: http://bcit.stevenover.land/index.php
[Mon Oct 19 18:41:37.320305 2020] [php7:notice] [pid 5348:tid 1552] [client 174.7.115.156:60956] PHP   1. {main}() C:\\xampp\\htdocs\\bcit\\tools\\setCookie.php:0, referer: http://bcit.stevenover.land/index.php
[Mon Oct 19 18:41:44.490563 2020] [php7:notice] [pid 5348:tid 1468] [client 154.5.175.124:57687] PHP Warning:  include(C:/xampp/htdocs/bcit/demo/header.php): failed to open stream: No such file or directory in C:\\xampp\\htdocs\\bcit\\tools\\setCookie.php on line 3, referer: http://bcit.stevenover.land/index.php
[Mon Oct 19 18:41:44.490563 2020] [php7:notice] [pid 5348:tid 1468] [client 154.5.175.124:57687] PHP Stack trace:, referer: http://bcit.stevenover.land/index.php
[Mon Oct 19 18:41:44.490563 2020] [php7:notice] [pid 5348:tid 1468] [client 154.5.175.124:57687] PHP   1. {main}() C:\\xampp\\htdocs\\bcit\\tools\\setCookie.php:0, referer: http://bcit.stevenover.land/index.php
[Mon Oct 19 18:41:44.490563 2020] [php7:notice] [pid 5348:tid 1468] [client 154.5.175.124:57687] PHP Warning:  include(): Failed opening 'C:/xampp/htdocs/bcit/demo/header.php' for inclusion (include_path='C:\\xampp\\php\\PEAR') in C:\\xampp\\htdocs\\bcit\\tools\\setCookie.php on line 3, referer: http://bcit.stevenover.land/index.php
[Mon Oct 19 18:41:44.490563 2020] [php7:notice] [pid 5348:tid 1468] [client 154.5.175.124:57687] PHP Stack trace:, referer: http://bcit.stevenover.land/index.php
[Mon Oct 19 18:41:44.490563 2020] [php7:notice] [pid 5348:tid 1468] [client 154.5.175.124:57687] PHP   1. {main}() C:\\xampp\\htdocs\\bcit\\tools\\setCookie.php:0, referer: http://bcit.stevenover.land/index.php
[Mon Oct 19 18:41:46.036457 2020] [php7:notice] [pid 5348:tid 1552] [client 154.5.129.228:59491] PHP Warning:  include(C:/xampp/htdocs/bcit/demo/header.php): failed to open stream: No such file or directory in C:\\xampp\\htdocs\\bcit\\tools\\setCookie.php on line 3, referer: http://bcit.stevenover.land/index.php
[Mon Oct 19 18:41:46.036457 2020] [php7:notice] [pid 5348:tid 1552] [client 154.5.129.228:59491] PHP Stack trace:, referer: http://bcit.stevenover.land/index.php
[Mon Oct 19 18:41:46.036457 2020] [php7:notice] [pid 5348:tid 1552] [client 154.5.129.228:59491] PHP   1. {main}() C:\\xampp\\htdocs\\bcit\\tools\\setCookie.php:0, referer: http://bcit.stevenover.land/index.php
[Mon Oct 19 18:41:46.036457 2020] [php7:notice] [pid 5348:tid 1552] [client 154.5.129.228:59491] PHP Warning:  include(): Failed opening 'C:/xampp/htdocs/bcit/demo/header.php' for inclusion (include_path='C:\\xampp\\php\\PEAR') in C:\\xampp\\htdocs\\bcit\\tools\\setCookie.php on line 3, referer: http://bcit.stevenover.land/index.php
[Mon Oct 19 18:41:46.036457 2020] [php7:notice] [pid 5348:tid 1552] [client 154.5.129.228:59491] PHP Stack trace:, referer: http://bcit.stevenover.land/index.php
[Mon Oct 19 18:41:46.036457 2020] [php7:notice] [pid 5348:tid 1552] [client 154.5.129.228:59491] PHP   1. {main}() C:\\xampp\\htdocs\\bcit\\tools\\setCookie.php:0, referer: http://bcit.stevenover.land/index.php
[Mon Oct 19 18:41:51.566154 2020] [php7:notice] [pid 5348:tid 1548] [client 154.5.175.124:57688] PHP Warning:  include(C:/xampp/htdocs/bcit/demo/header.php): failed to open stream: No such file or directory in C:\\xampp\\htdocs\\bcit\\tools\\setCookie.php on line 3, referer: http://bcit.stevenover.land/index.php
[Mon Oct 19 18:41:51.566154 2020] [php7:notice] [pid 5348:tid 1548] [client 154.5.175.124:57688] PHP Stack trace:, referer: http://bcit.stevenover.land/index.php
[Mon Oct 19 18:41:51.566154 2020] [php7:notice] [pid 5348:tid 1548] [client 154.5.175.124:57688] PHP   1. {main}() C:\\xampp\\htdocs\\bcit\\tools\\setCookie.php:0, referer: http://bcit.stevenover.land/index.php
[Mon Oct 19 18:41:51.566154 2020] [php7:notice] [pid 5348:tid 1548] [client 154.5.175.124:57688] PHP Warning:  include(): Failed opening 'C:/xampp/htdocs/bcit/demo/header.php' for inclusion (include_path='C:\\xampp\\php\\PEAR') in C:\\xampp\\htdocs\\bcit\\tools\\setCookie.php on line 3, referer: http://bcit.stevenover.land/index.php
[Mon Oct 19 18:41:51.566154 2020] [php7:notice] [pid 5348:tid 1548] [client 154.5.175.124:57688] PHP Stack trace:, referer: http://bcit.stevenover.land/index.php
[Mon Oct 19 18:41:51.566154 2020] [php7:notice] [pid 5348:tid 1548] [client 154.5.175.124:57688] PHP   1. {main}() C:\\xampp\\htdocs\\bcit\\tools\\setCookie.php:0, referer: http://bcit.stevenover.land/index.php
[Mon Oct 19 18:42:10.059312 2020] [php7:notice] [pid 5348:tid 1464] [client 174.7.115.156:60955] PHP Warning:  include(C:/xampp/htdocs/bcit/demo/header.php): failed to open stream: No such file or directory in C:\\xampp\\htdocs\\bcit\\tools\\setCookie.php on line 3, referer: http://bcit.stevenover.land/index.php
[Mon Oct 19 18:42:10.059312 2020] [php7:notice] [pid 5348:tid 1464] [client 174.7.115.156:60955] PHP Stack trace:, referer: http://bcit.stevenover.land/index.php
[Mon Oct 19 18:42:10.059312 2020] [php7:notice] [pid 5348:tid 1464] [client 174.7.115.156:60955] PHP   1. {main}() C:\\xampp\\htdocs\\bcit\\tools\\setCookie.php:0, referer: http://bcit.stevenover.land/index.php
[Mon Oct 19 18:42:10.059312 2020] [php7:notice] [pid 5348:tid 1464] [client 174.7.115.156:60955] PHP Warning:  include(): Failed opening 'C:/xampp/htdocs/bcit/demo/header.php' for inclusion (include_path='C:\\xampp\\php\\PEAR') in C:\\xampp\\htdocs\\bcit\\tools\\setCookie.php on line 3, referer: http://bcit.stevenover.land/index.php
[Mon Oct 19 18:42:10.059312 2020] [php7:notice] [pid 5348:tid 1464] [client 174.7.115.156:60955] PHP Stack trace:, referer: http://bcit.stevenover.land/index.php
[Mon Oct 19 18:42:10.059312 2020] [php7:notice] [pid 5348:tid 1464] [client 174.7.115.156:60955] PHP   1. {main}() C:\\xampp\\htdocs\\bcit\\tools\\setCookie.php:0, referer: http://bcit.stevenover.land/index.php
[Mon Oct 19 18:42:52.392822 2020] [php7:notice] [pid 5348:tid 1480] [client 99.199.137.157:50559] PHP Warning:  include(C:/xampp/htdocs/bcit/demo/header.php): failed to open stream: No such file or directory in C:\\xampp\\htdocs\\bcit\\tools\\setCookie.php on line 3, referer: http://bcit.stevenover.land/
[Mon Oct 19 18:42:52.392822 2020] [php7:notice] [pid 5348:tid 1480] [client 99.199.137.157:50559] PHP Stack trace:, referer: http://bcit.stevenover.land/
[Mon Oct 19 18:42:52.392822 2020] [php7:notice] [pid 5348:tid 1480] [client 99.199.137.157:50559] PHP   1. {main}() C:\\xampp\\htdocs\\bcit\\tools\\setCookie.php:0, referer: http://bcit.stevenover.land/
[Mon Oct 19 18:42:52.392822 2020] [php7:notice] [pid 5348:tid 1480] [client 99.199.137.157:50559] PHP Warning:  include(): Failed opening 'C:/xampp/htdocs/bcit/demo/header.php' for inclusion (include_path='C:\\xampp\\php\\PEAR') in C:\\xampp\\htdocs\\bcit\\tools\\setCookie.php on line 3, referer: http://bcit.stevenover.land/
[Mon Oct 19 18:42:52.392822 2020] [php7:notice] [pid 5348:tid 1480] [client 99.199.137.157:50559] PHP Stack trace:, referer: http://bcit.stevenover.land/
[Mon Oct 19 18:42:52.392822 2020] [php7:notice] [pid 5348:tid 1480] [client 99.199.137.157:50559] PHP   1. {main}() C:\\xampp\\htdocs\\bcit\\tools\\setCookie.php:0, referer: http://bcit.stevenover.land/
[Mon Oct 19 18:42:53.048656 2020] [php7:notice] [pid 5348:tid 1552] [client 35.245.188.175:36574] PHP Warning:  include(C:/xampp/htdocs/bcit/demo/header.php): failed to open stream: No such file or directory in C:\\xampp\\htdocs\\bcit\\tools\\setCookie.php on line 3
[Mon Oct 19 18:42:53.048656 2020] [php7:notice] [pid 5348:tid 1552] [client 35.245.188.175:36574] PHP Stack trace:
[Mon Oct 19 18:42:53.048656 2020] [php7:notice] [pid 5348:tid 1552] [client 35.245.188.175:36574] PHP   1. {main}() C:\\xampp\\htdocs\\bcit\\tools\\setCookie.php:0
[Mon Oct 19 18:42:53.048656 2020] [php7:notice] [pid 5348:tid 1552] [client 35.245.188.175:36574] PHP Warning:  include(): Failed opening 'C:/xampp/htdocs/bcit/demo/header.php' for inclusion (include_path='C:\\xampp\\php\\PEAR') in C:\\xampp\\htdocs\\bcit\\tools\\setCookie.php on line 3
[Mon Oct 19 18:42:53.048656 2020] [php7:notice] [pid 5348:tid 1552] [client 35.245.188.175:36574] PHP Stack trace:
[Mon Oct 19 18:42:53.048656 2020] [php7:notice] [pid 5348:tid 1552] [client 35.245.188.175:36574] PHP   1. {main}() C:\\xampp\\htdocs\\bcit\\tools\\setCookie.php:0
[Mon Oct 19 18:42:53.048656 2020] [php7:notice] [pid 5348:tid 1552] [client 35.245.188.175:36574] PHP Notice:  Undefined index: cookie_name in C:\\xampp\\htdocs\\bcit\\tools\\setCookie.php on line 9
[Mon Oct 19 18:42:53.048656 2020] [php7:notice] [pid 5348:tid 1552] [client 35.245.188.175:36574] PHP Stack trace:
[Mon Oct 19 18:42:53.048656 2020] [php7:notice] [pid 5348:tid 1552] [client 35.245.188.175:36574] PHP   1. {main}() C:\\xampp\\htdocs\\bcit\\tools\\setCookie.php:0
[Mon Oct 19 18:42:53.048656 2020] [php7:notice] [pid 5348:tid 1552] [client 35.245.188.175:36574] PHP Notice:  Undefined index: cookie_value in C:\\xampp\\htdocs\\bcit\\tools\\setCookie.php on line 10
[Mon Oct 19 18:42:53.048656 2020] [php7:notice] [pid 5348:tid 1552] [client 35.245.188.175:36574] PHP Stack trace:
[Mon Oct 19 18:42:53.048656 2020] [php7:notice] [pid 5348:tid 1552] [client 35.245.188.175:36574] PHP   1. {main}() C:\\xampp\\htdocs\\bcit\\tools\\setCookie.php:0
[Mon Oct 19 18:42:53.048656 2020] [php7:notice] [pid 5348:tid 1552] [client 35.245.188.175:36574] PHP Warning:  Cookie names must not be empty in C:\\xampp\\htdocs\\bcit\\tools\\setCookie.php on line 12
[Mon Oct 19 18:42:53.048656 2020] [php7:notice] [pid 5348:tid 1552] [client 35.245.188.175:36574] PHP Stack trace:
[Mon Oct 19 18:42:53.048656 2020] [php7:notice] [pid 5348:tid 1552] [client 35.245.188.175:36574] PHP   1. {main}() C:\\xampp\\htdocs\\bcit\\tools\\setCookie.php:0
[Mon Oct 19 18:42:53.048656 2020] [php7:notice] [pid 5348:tid 1552] [client 35.245.188.175:36574] PHP   2. setcookie() C:\\xampp\\htdocs\\bcit\\tools\\setCookie.php:12
[Mon Oct 19 18:42:53.048656 2020] [php7:notice] [pid 5348:tid 1552] [client 35.245.188.175:36574] PHP Warning:  Cannot modify header information - headers already sent by (output started at C:\\xampp\\htdocs\\bcit\\tools\\setCookie.php:12) in C:\\xampp\\htdocs\\bcit\\tools\\setCookie.php on line 14
[Mon Oct 19 18:42:53.048656 2020] [php7:notice] [pid 5348:tid 1552] [client 35.245.188.175:36574] PHP Stack trace:
[Mon Oct 19 18:42:53.048656 2020] [php7:notice] [pid 5348:tid 1552] [client 35.245.188.175:36574] PHP   1. {main}() C:\\xampp\\htdocs\\bcit\\tools\\setCookie.php:0
[Mon Oct 19 18:42:53.048656 2020] [php7:notice] [pid 5348:tid 1552] [client 35.245.188.175:36574] PHP   2. header() C:\\xampp\\htdocs\\bcit\\tools\\setCookie.php:14
[Mon Oct 19 18:43:28.084060 2020] [php7:notice] [pid 5348:tid 1468] [client 154.5.175.124:57699] PHP Warning:  include(C:/xampp/htdocs/bcit/demo/header.php): failed to open stream: No such file or directory in C:\\xampp\\htdocs\\bcit\\tools\\setCookie.php on line 3, referer: http://bcit.stevenover.land/index.php
[Mon Oct 19 18:43:28.084060 2020] [php7:notice] [pid 5348:tid 1468] [client 154.5.175.124:57699] PHP Stack trace:, referer: http://bcit.stevenover.land/index.php
[Mon Oct 19 18:43:28.084060 2020] [php7:notice] [pid 5348:tid 1468] [client 154.5.175.124:57699] PHP   1. {main}() C:\\xampp\\htdocs\\bcit\\tools\\setCookie.php:0, referer: http://bcit.stevenover.land/index.php
[Mon Oct 19 18:43:28.084060 2020] [php7:notice] [pid 5348:tid 1468] [client 154.5.175.124:57699] PHP Warning:  include(): Failed opening 'C:/xampp/htdocs/bcit/demo/header.php' for inclusion (include_path='C:\\xampp\\php\\PEAR') in C:\\xampp\\htdocs\\bcit\\tools\\setCookie.php on line 3, referer: http://bcit.stevenover.land/index.php
[Mon Oct 19 18:43:28.084060 2020] [php7:notice] [pid 5348:tid 1468] [client 154.5.175.124:57699] PHP Stack trace:, referer: http://bcit.stevenover.land/index.php
[Mon Oct 19 18:43:28.084060 2020] [php7:notice] [pid 5348:tid 1468] [client 154.5.175.124:57699] PHP   1. {main}() C:\\xampp\\htdocs\\bcit\\tools\\setCookie.php:0, referer: http://bcit.stevenover.land/index.php
[Mon Oct 19 18:45:26.631623 2020] [php7:notice] [pid 5348:tid 1456] [client 70.68.228.28:57850] PHP Warning:  include(C:/xampp/htdocs/bcit/demo/header.php): failed to open stream: No such file or directory in C:\\xampp\\htdocs\\bcit\\tools\\setCookie.php on line 3, referer: http://bcit.stevenover.land/index.php
[Mon Oct 19 18:45:26.631623 2020] [php7:notice] [pid 5348:tid 1456] [client 70.68.228.28:57850] PHP Stack trace:, referer: http://bcit.stevenover.land/index.php
[Mon Oct 19 18:45:26.631623 2020] [php7:notice] [pid 5348:tid 1456] [client 70.68.228.28:57850] PHP   1. {main}() C:\\xampp\\htdocs\\bcit\\tools\\setCookie.php:0, referer: http://bcit.stevenover.land/index.php
[Mon Oct 19 18:45:26.631623 2020] [php7:notice] [pid 5348:tid 1456] [client 70.68.228.28:57850] PHP Warning:  include(): Failed opening 'C:/xampp/htdocs/bcit/demo/header.php' for inclusion (include_path='C:\\xampp\\php\\PEAR') in C:\\xampp\\htdocs\\bcit\\tools\\setCookie.php on line 3, referer: http://bcit.stevenover.land/index.php
[Mon Oct 19 18:45:26.631623 2020] [php7:notice] [pid 5348:tid 1456] [client 70.68.228.28:57850] PHP Stack trace:, referer: http://bcit.stevenover.land/index.php
[Mon Oct 19 18:45:26.631623 2020] [php7:notice] [pid 5348:tid 1456] [client 70.68.228.28:57850] PHP   1. {main}() C:\\xampp\\htdocs\\bcit\\tools\\setCookie.php:0, referer: http://bcit.stevenover.land/index.php
[Mon Oct 19 18:47:31.481128 2020] [php7:notice] [pid 5348:tid 1484] [client 50.69.200.4:62966] PHP Warning:  include(C:/xampp/htdocs/bcit/demo/header.php): failed to open stream: No such file or directory in C:\\xampp\\htdocs\\bcit\\tools\\setCookie.php on line 3, referer: http://bcit.stevenover.land/
[Mon Oct 19 18:47:31.481128 2020] [php7:notice] [pid 5348:tid 1484] [client 50.69.200.4:62966] PHP Stack trace:, referer: http://bcit.stevenover.land/
[Mon Oct 19 18:47:31.481128 2020] [php7:notice] [pid 5348:tid 1484] [client 50.69.200.4:62966] PHP   1. {main}() C:\\xampp\\htdocs\\bcit\\tools\\setCookie.php:0, referer: http://bcit.stevenover.land/
[Mon Oct 19 18:47:31.481128 2020] [php7:notice] [pid 5348:tid 1484] [client 50.69.200.4:62966] PHP Warning:  include(): Failed opening 'C:/xampp/htdocs/bcit/demo/header.php' for inclusion (include_path='C:\\xampp\\php\\PEAR') in C:\\xampp\\htdocs\\bcit\\tools\\setCookie.php on line 3, referer: http://bcit.stevenover.land/
[Mon Oct 19 18:47:31.481128 2020] [php7:notice] [pid 5348:tid 1484] [client 50.69.200.4:62966] PHP Stack trace:, referer: http://bcit.stevenover.land/
[Mon Oct 19 18:47:31.481128 2020] [php7:notice] [pid 5348:tid 1484] [client 50.69.200.4:62966] PHP   1. {main}() C:\\xampp\\htdocs\\bcit\\tools\\setCookie.php:0, referer: http://bcit.stevenover.land/
[Mon Oct 19 18:58:28.990001 2020] [php7:notice] [pid 5348:tid 1516] [client 174.7.115.156:61025] PHP Warning:  include(C:/xampp/htdocs/bcit/demo/header.php): failed to open stream: No such file or directory in C:\\xampp\\htdocs\\bcit\\tools\\setCookie.php on line 3, referer: http://bcit.stevenover.land/
[Mon Oct 19 18:58:28.990001 2020] [php7:notice] [pid 5348:tid 1516] [client 174.7.115.156:61025] PHP Stack trace:, referer: http://bcit.stevenover.land/
[Mon Oct 19 18:58:28.990001 2020] [php7:notice] [pid 5348:tid 1516] [client 174.7.115.156:61025] PHP   1. {main}() C:\\xampp\\htdocs\\bcit\\tools\\setCookie.php:0, referer: http://bcit.stevenover.land/
[Mon Oct 19 18:58:28.990001 2020] [php7:notice] [pid 5348:tid 1516] [client 174.7.115.156:61025] PHP Warning:  include(): Failed opening 'C:/xampp/htdocs/bcit/demo/header.php' for inclusion (include_path='C:\\xampp\\php\\PEAR') in C:\\xampp\\htdocs\\bcit\\tools\\setCookie.php on line 3, referer: http://bcit.stevenover.land/
[Mon Oct 19 18:58:28.990001 2020] [php7:notice] [pid 5348:tid 1516] [client 174.7.115.156:61025] PHP Stack trace:, referer: http://bcit.stevenover.land/
[Mon Oct 19 18:58:28.990001 2020] [php7:notice] [pid 5348:tid 1516] [client 174.7.115.156:61025] PHP   1. {main}() C:\\xampp\\htdocs\\bcit\\tools\\setCookie.php:0, referer: http://bcit.stevenover.land/
[Mon Oct 19 18:58:42.128526 2020] [php7:notice] [pid 5348:tid 1480] [client 154.5.175.124:57816] PHP Warning:  include(C:/xampp/htdocs/bcit/demo/header.php): failed to open stream: No such file or directory in C:\\xampp\\htdocs\\bcit\\tools\\setCookie.php on line 3, referer: http://bcit.stevenover.land/index.php
[Mon Oct 19 18:58:42.128526 2020] [php7:notice] [pid 5348:tid 1480] [client 154.5.175.124:57816] PHP Stack trace:, referer: http://bcit.stevenover.land/index.php
[Mon Oct 19 18:58:42.128526 2020] [php7:notice] [pid 5348:tid 1480] [client 154.5.175.124:57816] PHP   1. {main}() C:\\xampp\\htdocs\\bcit\\tools\\setCookie.php:0, referer: http://bcit.stevenover.land/index.php
[Mon Oct 19 18:58:42.128526 2020] [php7:notice] [pid 5348:tid 1480] [client 154.5.175.124:57816] PHP Warning:  include(): Failed opening 'C:/xampp/htdocs/bcit/demo/header.php' for inclusion (include_path='C:\\xampp\\php\\PEAR') in C:\\xampp\\htdocs\\bcit\\tools\\setCookie.php on line 3, referer: http://bcit.stevenover.land/index.php
[Mon Oct 19 18:58:42.128526 2020] [php7:notice] [pid 5348:tid 1480] [client 154.5.175.124:57816] PHP Stack trace:, referer: http://bcit.stevenover.land/index.php
[Mon Oct 19 18:58:42.128526 2020] [php7:notice] [pid 5348:tid 1480] [client 154.5.175.124:57816] PHP   1. {main}() C:\\xampp\\htdocs\\bcit\\tools\\setCookie.php:0, referer: http://bcit.stevenover.land/index.php
[Mon Oct 19 18:59:10.471858 2020] [php7:notice] [pid 5348:tid 1516] [client 50.98.62.244:61167] PHP Warning:  include(C:/xampp/htdocs/bcit/demo/header.php): failed to open stream: No such file or directory in C:\\xampp\\htdocs\\bcit\\tools\\setCookie.php on line 3, referer: http://bcit.stevenover.land/index.php
[Mon Oct 19 18:59:10.471858 2020] [php7:notice] [pid 5348:tid 1516] [client 50.98.62.244:61167] PHP Stack trace:, referer: http://bcit.stevenover.land/index.php
[Mon Oct 19 18:59:10.471858 2020] [php7:notice] [pid 5348:tid 1516] [client 50.98.62.244:61167] PHP   1. {main}() C:\\xampp\\htdocs\\bcit\\tools\\setCookie.php:0, referer: http://bcit.stevenover.land/index.php
[Mon Oct 19 18:59:10.471858 2020] [php7:notice] [pid 5348:tid 1516] [client 50.98.62.244:61167] PHP Warning:  include(): Failed opening 'C:/xampp/htdocs/bcit/demo/header.php' for inclusion (include_path='C:\\xampp\\php\\PEAR') in C:\\xampp\\htdocs\\bcit\\tools\\setCookie.php on line 3, referer: http://bcit.stevenover.land/index.php
[Mon Oct 19 18:59:10.471858 2020] [php7:notice] [pid 5348:tid 1516] [client 50.98.62.244:61167] PHP Stack trace:, referer: http://bcit.stevenover.land/index.php
[Mon Oct 19 18:59:10.471858 2020] [php7:notice] [pid 5348:tid 1516] [client 50.98.62.244:61167] PHP   1. {main}() C:\\xampp\\htdocs\\bcit\\tools\\setCookie.php:0, referer: http://bcit.stevenover.land/index.php
[Mon Oct 19 19:00:12.354666 2020] [php7:notice] [pid 5348:tid 1552] [client 70.68.152.42:61851] PHP Warning:  include(C:/xampp/htdocs/bcit/demo/header.php): failed to open stream: No such file or directory in C:\\xampp\\htdocs\\bcit\\tools\\deleteCookie.php on line 3, referer: http://bcit.stevenover.land/
[Mon Oct 19 19:00:12.354666 2020] [php7:notice] [pid 5348:tid 1552] [client 70.68.152.42:61851] PHP Stack trace:, referer: http://bcit.stevenover.land/
[Mon Oct 19 19:00:12.354666 2020] [php7:notice] [pid 5348:tid 1552] [client 70.68.152.42:61851] PHP   1. {main}() C:\\xampp\\htdocs\\bcit\\tools\\deleteCookie.php:0, referer: http://bcit.stevenover.land/
[Mon Oct 19 19:00:12.354666 2020] [php7:notice] [pid 5348:tid 1552] [client 70.68.152.42:61851] PHP Warning:  include(): Failed opening 'C:/xampp/htdocs/bcit/demo/header.php' for inclusion (include_path='C:\\xampp\\php\\PEAR') in C:\\xampp\\htdocs\\bcit\\tools\\deleteCookie.php on line 3, referer: http://bcit.stevenover.land/
[Mon Oct 19 19:00:12.354666 2020] [php7:notice] [pid 5348:tid 1552] [client 70.68.152.42:61851] PHP Stack trace:, referer: http://bcit.stevenover.land/
[Mon Oct 19 19:00:12.354666 2020] [php7:notice] [pid 5348:tid 1552] [client 70.68.152.42:61851] PHP   1. {main}() C:\\xampp\\htdocs\\bcit\\tools\\deleteCookie.php:0, referer: http://bcit.stevenover.land/
[Mon Oct 19 19:00:21.137051 2020] [php7:notice] [pid 5348:tid 1456] [client 50.69.200.4:63074] PHP Warning:  include(C:/xampp/htdocs/bcit/demo/header.php): failed to open stream: No such file or directory in C:\\xampp\\htdocs\\bcit\\tools\\deleteCookie.php on line 3, referer: http://bcit.stevenover.land/index.php
[Mon Oct 19 19:00:21.137051 2020] [php7:notice] [pid 5348:tid 1456] [client 50.69.200.4:63074] PHP Stack trace:, referer: http://bcit.stevenover.land/index.php
[Mon Oct 19 19:00:21.137051 2020] [php7:notice] [pid 5348:tid 1456] [client 50.69.200.4:63074] PHP   1. {main}() C:\\xampp\\htdocs\\bcit\\tools\\deleteCookie.php:0, referer: http://bcit.stevenover.land/index.php
[Mon Oct 19 19:00:21.137051 2020] [php7:notice] [pid 5348:tid 1456] [client 50.69.200.4:63074] PHP Warning:  include(): Failed opening 'C:/xampp/htdocs/bcit/demo/header.php' for inclusion (include_path='C:\\xampp\\php\\PEAR') in C:\\xampp\\htdocs\\bcit\\tools\\deleteCookie.php on line 3, referer: http://bcit.stevenover.land/index.php
[Mon Oct 19 19:00:21.137051 2020] [php7:notice] [pid 5348:tid 1456] [client 50.69.200.4:63074] PHP Stack trace:, referer: http://bcit.stevenover.land/index.php
[Mon Oct 19 19:00:21.137051 2020] [php7:notice] [pid 5348:tid 1456] [client 50.69.200.4:63074] PHP   1. {main}() C:\\xampp\\htdocs\\bcit\\tools\\deleteCookie.php:0, referer: http://bcit.stevenover.land/index.php
[Mon Oct 19 19:00:27.697975 2020] [php7:notice] [pid 5348:tid 1436] [client 174.7.115.156:61071] PHP Warning:  include(C:/xampp/htdocs/bcit/demo/header.php): failed to open stream: No such file or directory in C:\\xampp\\htdocs\\bcit\\tools\\deleteCookie.php on line 3, referer: http://bcit.stevenover.land/index.php
[Mon Oct 19 19:00:27.697975 2020] [php7:notice] [pid 5348:tid 1436] [client 174.7.115.156:61071] PHP Stack trace:, referer: http://bcit.stevenover.land/index.php
[Mon Oct 19 19:00:27.697975 2020] [php7:notice] [pid 5348:tid 1436] [client 174.7.115.156:61071] PHP   1. {main}() C:\\xampp\\htdocs\\bcit\\tools\\deleteCookie.php:0, referer: http://bcit.stevenover.land/index.php
[Mon Oct 19 19:00:27.713592 2020] [php7:notice] [pid 5348:tid 1436] [client 174.7.115.156:61071] PHP Warning:  include(): Failed opening 'C:/xampp/htdocs/bcit/demo/header.php' for inclusion (include_path='C:\\xampp\\php\\PEAR') in C:\\xampp\\htdocs\\bcit\\tools\\deleteCookie.php on line 3, referer: http://bcit.stevenover.land/index.php
[Mon Oct 19 19:00:27.713592 2020] [php7:notice] [pid 5348:tid 1436] [client 174.7.115.156:61071] PHP Stack trace:, referer: http://bcit.stevenover.land/index.php
[Mon Oct 19 19:00:27.713592 2020] [php7:notice] [pid 5348:tid 1436] [client 174.7.115.156:61071] PHP   1. {main}() C:\\xampp\\htdocs\\bcit\\tools\\deleteCookie.php:0, referer: http://bcit.stevenover.land/index.php
[Mon Oct 19 19:00:41.242448 2020] [php7:notice] [pid 5348:tid 1436] [client 50.69.200.4:63095] PHP Warning:  include(C:/xampp/htdocs/bcit/demo/header.php): failed to open stream: No such file or directory in C:\\xampp\\htdocs\\bcit\\tools\\setCookie.php on line 3, referer: http://bcit.stevenover.land/index.php
[Mon Oct 19 19:00:41.242448 2020] [php7:notice] [pid 5348:tid 1436] [client 50.69.200.4:63095] PHP Stack trace:, referer: http://bcit.stevenover.land/index.php
[Mon Oct 19 19:00:41.242448 2020] [php7:notice] [pid 5348:tid 1436] [client 50.69.200.4:63095] PHP   1. {main}() C:\\xampp\\htdocs\\bcit\\tools\\setCookie.php:0, referer: http://bcit.stevenover.land/index.php
[Mon Oct 19 19:00:41.242448 2020] [php7:notice] [pid 5348:tid 1436] [client 50.69.200.4:63095] PHP Warning:  include(): Failed opening 'C:/xampp/htdocs/bcit/demo/header.php' for inclusion (include_path='C:\\xampp\\php\\PEAR') in C:\\xampp\\htdocs\\bcit\\tools\\setCookie.php on line 3, referer: http://bcit.stevenover.land/index.php
[Mon Oct 19 19:00:41.242448 2020] [php7:notice] [pid 5348:tid 1436] [client 50.69.200.4:63095] PHP Stack trace:, referer: http://bcit.stevenover.land/index.php
[Mon Oct 19 19:00:41.242448 2020] [php7:notice] [pid 5348:tid 1436] [client 50.69.200.4:63095] PHP   1. {main}() C:\\xampp\\htdocs\\bcit\\tools\\setCookie.php:0, referer: http://bcit.stevenover.land/index.php
[Mon Oct 19 19:00:42.335610 2020] [php7:notice] [pid 5348:tid 1456] [client 99.199.137.157:50687] PHP Warning:  include(C:/xampp/htdocs/bcit/demo/header.php): failed to open stream: No such file or directory in C:\\xampp\\htdocs\\bcit\\tools\\deleteCookie.php on line 3, referer: http://bcit.stevenover.land/
[Mon Oct 19 19:00:42.335610 2020] [php7:notice] [pid 5348:tid 1456] [client 99.199.137.157:50687] PHP Stack trace:, referer: http://bcit.stevenover.land/
[Mon Oct 19 19:00:42.335610 2020] [php7:notice] [pid 5348:tid 1456] [client 99.199.137.157:50687] PHP   1. {main}() C:\\xampp\\htdocs\\bcit\\tools\\deleteCookie.php:0, referer: http://bcit.stevenover.land/
[Mon Oct 19 19:00:42.335610 2020] [php7:notice] [pid 5348:tid 1456] [client 99.199.137.157:50687] PHP Warning:  include(): Failed opening 'C:/xampp/htdocs/bcit/demo/header.php' for inclusion (include_path='C:\\xampp\\php\\PEAR') in C:\\xampp\\htdocs\\bcit\\tools\\deleteCookie.php on line 3, referer: http://bcit.stevenover.land/
[Mon Oct 19 19:00:42.335610 2020] [php7:notice] [pid 5348:tid 1456] [client 99.199.137.157:50687] PHP Stack trace:, referer: http://bcit.stevenover.land/
[Mon Oct 19 19:00:42.335610 2020] [php7:notice] [pid 5348:tid 1456] [client 99.199.137.157:50687] PHP   1. {main}() C:\\xampp\\htdocs\\bcit\\tools\\deleteCookie.php:0, referer: http://bcit.stevenover.land/
[Mon Oct 19 19:00:42.335610 2020] [php7:notice] [pid 5348:tid 1456] [client 99.199.137.157:50687] PHP Notice:  Undefined index: webDelete in C:\\xampp\\htdocs\\bcit\\tools\\deleteCookie.php on line 9, referer: http://bcit.stevenover.land/
[Mon Oct 19 19:00:42.335610 2020] [php7:notice] [pid 5348:tid 1456] [client 99.199.137.157:50687] PHP Stack trace:, referer: http://bcit.stevenover.land/
[Mon Oct 19 19:00:42.335610 2020] [php7:notice] [pid 5348:tid 1456] [client 99.199.137.157:50687] PHP   1. {main}() C:\\xampp\\htdocs\\bcit\\tools\\deleteCookie.php:0, referer: http://bcit.stevenover.land/
[Mon Oct 19 19:00:42.335610 2020] [php7:notice] [pid 5348:tid 1456] [client 99.199.137.157:50687] PHP Warning:  Invalid argument supplied for foreach() in C:\\xampp\\htdocs\\bcit\\tools\\deleteCookie.php on line 9, referer: http://bcit.stevenover.land/
[Mon Oct 19 19:00:42.335610 2020] [php7:notice] [pid 5348:tid 1456] [client 99.199.137.157:50687] PHP Stack trace:, referer: http://bcit.stevenover.land/
[Mon Oct 19 19:00:42.335610 2020] [php7:notice] [pid 5348:tid 1456] [client 99.199.137.157:50687] PHP   1. {main}() C:\\xampp\\htdocs\\bcit\\tools\\deleteCookie.php:0, referer: http://bcit.stevenover.land/
[Mon Oct 19 19:00:42.335610 2020] [php7:notice] [pid 5348:tid 1456] [client 99.199.137.157:50687] PHP Warning:  Cannot modify header information - headers already sent by (output started at C:\\xampp\\htdocs\\bcit\\tools\\deleteCookie.php:9) in C:\\xampp\\htdocs\\bcit\\tools\\deleteCookie.php on line 18, referer: http://bcit.stevenover.land/
[Mon Oct 19 19:00:42.335610 2020] [php7:notice] [pid 5348:tid 1456] [client 99.199.137.157:50687] PHP Stack trace:, referer: http://bcit.stevenover.land/
[Mon Oct 19 19:00:42.335610 2020] [php7:notice] [pid 5348:tid 1456] [client 99.199.137.157:50687] PHP   1. {main}() C:\\xampp\\htdocs\\bcit\\tools\\deleteCookie.php:0, referer: http://bcit.stevenover.land/
[Mon Oct 19 19:00:42.335610 2020] [php7:notice] [pid 5348:tid 1456] [client 99.199.137.157:50687] PHP   2. header() C:\\xampp\\htdocs\\bcit\\tools\\deleteCookie.php:18, referer: http://bcit.stevenover.land/
[Mon Oct 19 19:01:18.335774 2020] [php7:notice] [pid 5348:tid 1516] [client 174.7.115.156:61076] PHP Warning:  include(C:/xampp/htdocs/bcit/demo/header.php): failed to open stream: No such file or directory in C:\\xampp\\htdocs\\bcit\\tools\\deleteCookie.php on line 3, referer: http://bcit.stevenover.land/index.php
[Mon Oct 19 19:01:18.335774 2020] [php7:notice] [pid 5348:tid 1516] [client 174.7.115.156:61076] PHP Stack trace:, referer: http://bcit.stevenover.land/index.php
[Mon Oct 19 19:01:18.335774 2020] [php7:notice] [pid 5348:tid 1516] [client 174.7.115.156:61076] PHP   1. {main}() C:\\xampp\\htdocs\\bcit\\tools\\deleteCookie.php:0, referer: http://bcit.stevenover.land/index.php
[Mon Oct 19 19:01:18.335774 2020] [php7:notice] [pid 5348:tid 1516] [client 174.7.115.156:61076] PHP Warning:  include(): Failed opening 'C:/xampp/htdocs/bcit/demo/header.php' for inclusion (include_path='C:\\xampp\\php\\PEAR') in C:\\xampp\\htdocs\\bcit\\tools\\deleteCookie.php on line 3, referer: http://bcit.stevenover.land/index.php
[Mon Oct 19 19:01:18.335774 2020] [php7:notice] [pid 5348:tid 1516] [client 174.7.115.156:61076] PHP Stack trace:, referer: http://bcit.stevenover.land/index.php
[Mon Oct 19 19:01:18.335774 2020] [php7:notice] [pid 5348:tid 1516] [client 174.7.115.156:61076] PHP   1. {main}() C:\\xampp\\htdocs\\bcit\\tools\\deleteCookie.php:0, referer: http://bcit.stevenover.land/index.php
[Mon Oct 19 19:01:23.116405 2020] [php7:notice] [pid 5348:tid 1552] [client 70.68.152.42:61861] PHP Warning:  include(C:/xampp/htdocs/bcit/demo/header.php): failed to open stream: No such file or directory in C:\\xampp\\htdocs\\bcit\\tools\\deleteCookie.php on line 3, referer: http://bcit.stevenover.land/index.php
[Mon Oct 19 19:01:23.116405 2020] [php7:notice] [pid 5348:tid 1552] [client 70.68.152.42:61861] PHP Stack trace:, referer: http://bcit.stevenover.land/index.php
[Mon Oct 19 19:01:23.116405 2020] [php7:notice] [pid 5348:tid 1552] [client 70.68.152.42:61861] PHP   1. {main}() C:\\xampp\\htdocs\\bcit\\tools\\deleteCookie.php:0, referer: http://bcit.stevenover.land/index.php
[Mon Oct 19 19:01:23.116405 2020] [php7:notice] [pid 5348:tid 1552] [client 70.68.152.42:61861] PHP Warning:  include(): Failed opening 'C:/xampp/htdocs/bcit/demo/header.php' for inclusion (include_path='C:\\xampp\\php\\PEAR') in C:\\xampp\\htdocs\\bcit\\tools\\deleteCookie.php on line 3, referer: http://bcit.stevenover.land/index.php
[Mon Oct 19 19:01:23.116405 2020] [php7:notice] [pid 5348:tid 1552] [client 70.68.152.42:61861] PHP Stack trace:, referer: http://bcit.stevenover.land/index.php
[Mon Oct 19 19:01:23.116405 2020] [php7:notice] [pid 5348:tid 1552] [client 70.68.152.42:61861] PHP   1. {main}() C:\\xampp\\htdocs\\bcit\\tools\\deleteCookie.php:0, referer: http://bcit.stevenover.land/index.php
[Mon Oct 19 19:02:36.928262 2020] [php7:notice] [pid 5348:tid 1456] [client 99.199.137.157:50704] PHP Warning:  include(C:/xampp/htdocs/bcit/demo/header.php): failed to open stream: No such file or directory in C:\\xampp\\htdocs\\bcit\\tools\\deleteCookie.php on line 3, referer: http://bcit.stevenover.land/
[Mon Oct 19 19:02:36.928262 2020] [php7:notice] [pid 5348:tid 1456] [client 99.199.137.157:50704] PHP Stack trace:, referer: http://bcit.stevenover.land/
[Mon Oct 19 19:02:36.928262 2020] [php7:notice] [pid 5348:tid 1456] [client 99.199.137.157:50704] PHP   1. {main}() C:\\xampp\\htdocs\\bcit\\tools\\deleteCookie.php:0, referer: http://bcit.stevenover.land/
[Mon Oct 19 19:02:36.928262 2020] [php7:notice] [pid 5348:tid 1456] [client 99.199.137.157:50704] PHP Warning:  include(): Failed opening 'C:/xampp/htdocs/bcit/demo/header.php' for inclusion (include_path='C:\\xampp\\php\\PEAR') in C:\\xampp\\htdocs\\bcit\\tools\\deleteCookie.php on line 3, referer: http://bcit.stevenover.land/
[Mon Oct 19 19:02:36.928262 2020] [php7:notice] [pid 5348:tid 1456] [client 99.199.137.157:50704] PHP Stack trace:, referer: http://bcit.stevenover.land/
[Mon Oct 19 19:02:36.928262 2020] [php7:notice] [pid 5348:tid 1456] [client 99.199.137.157:50704] PHP   1. {main}() C:\\xampp\\htdocs\\bcit\\tools\\deleteCookie.php:0, referer: http://bcit.stevenover.land/
[Mon Oct 19 19:02:55.555936 2020] [php7:notice] [pid 5348:tid 1552] [client 99.199.137.157:50709] PHP Warning:  include(C:/xampp/htdocs/bcit/demo/header.php): failed to open stream: No such file or directory in C:\\xampp\\htdocs\\bcit\\tools\\setCookie.php on line 3, referer: http://bcit.stevenover.land/index.php
[Mon Oct 19 19:02:55.555936 2020] [php7:notice] [pid 5348:tid 1552] [client 99.199.137.157:50709] PHP Stack trace:, referer: http://bcit.stevenover.land/index.php
[Mon Oct 19 19:02:55.555936 2020] [php7:notice] [pid 5348:tid 1552] [client 99.199.137.157:50709] PHP   1. {main}() C:\\xampp\\htdocs\\bcit\\tools\\setCookie.php:0, referer: http://bcit.stevenover.land/index.php
[Mon Oct 19 19:02:55.555936 2020] [php7:notice] [pid 5348:tid 1552] [client 99.199.137.157:50709] PHP Warning:  include(): Failed opening 'C:/xampp/htdocs/bcit/demo/header.php' for inclusion (include_path='C:\\xampp\\php\\PEAR') in C:\\xampp\\htdocs\\bcit\\tools\\setCookie.php on line 3, referer: http://bcit.stevenover.land/index.php
[Mon Oct 19 19:02:55.555936 2020] [php7:notice] [pid 5348:tid 1552] [client 99.199.137.157:50709] PHP Stack trace:, referer: http://bcit.stevenover.land/index.php
[Mon Oct 19 19:02:55.555936 2020] [php7:notice] [pid 5348:tid 1552] [client 99.199.137.157:50709] PHP   1. {main}() C:\\xampp\\htdocs\\bcit\\tools\\setCookie.php:0, referer: http://bcit.stevenover.land/index.php
[Mon Oct 19 19:05:30.180763 2020] [php7:notice] [pid 5348:tid 1476] [client 174.7.115.156:61088] PHP Warning:  include(C:/xampp/htdocs/bcit/demo/header.php): failed to open stream: No such file or directory in C:\\xampp\\htdocs\\bcit\\tools\\setCookie.php on line 3, referer: http://bcit.stevenover.land/index.php
[Mon Oct 19 19:05:30.180763 2020] [php7:notice] [pid 5348:tid 1476] [client 174.7.115.156:61088] PHP Stack trace:, referer: http://bcit.stevenover.land/index.php
[Mon Oct 19 19:05:30.180763 2020] [php7:notice] [pid 5348:tid 1476] [client 174.7.115.156:61088] PHP   1. {main}() C:\\xampp\\htdocs\\bcit\\tools\\setCookie.php:0, referer: http://bcit.stevenover.land/index.php
[Mon Oct 19 19:05:30.180763 2020] [php7:notice] [pid 5348:tid 1476] [client 174.7.115.156:61088] PHP Warning:  include(): Failed opening 'C:/xampp/htdocs/bcit/demo/header.php' for inclusion (include_path='C:\\xampp\\php\\PEAR') in C:\\xampp\\htdocs\\bcit\\tools\\setCookie.php on line 3, referer: http://bcit.stevenover.land/index.php
[Mon Oct 19 19:05:30.180763 2020] [php7:notice] [pid 5348:tid 1476] [client 174.7.115.156:61088] PHP Stack trace:, referer: http://bcit.stevenover.land/index.php
[Mon Oct 19 19:05:30.180763 2020] [php7:notice] [pid 5348:tid 1476] [client 174.7.115.156:61088] PHP   1. {main}() C:\\xampp\\htdocs\\bcit\\tools\\setCookie.php:0, referer: http://bcit.stevenover.land/index.php
[Mon Oct 19 19:05:48.346773 2020] [php7:notice] [pid 5348:tid 1528] [client 70.68.152.42:61882] PHP Warning:  include(C:/xampp/htdocs/bcit/demo/header.php): failed to open stream: No such file or directory in C:\\xampp\\htdocs\\bcit\\tools\\setCookie.php on line 3, referer: http://bcit.stevenover.land/index.php
[Mon Oct 19 19:05:48.346773 2020] [php7:notice] [pid 5348:tid 1528] [client 70.68.152.42:61882] PHP Stack trace:, referer: http://bcit.stevenover.land/index.php
[Mon Oct 19 19:05:48.346773 2020] [php7:notice] [pid 5348:tid 1528] [client 70.68.152.42:61882] PHP   1. {main}() C:\\xampp\\htdocs\\bcit\\tools\\setCookie.php:0, referer: http://bcit.stevenover.land/index.php
[Mon Oct 19 19:05:48.346773 2020] [php7:notice] [pid 5348:tid 1528] [client 70.68.152.42:61882] PHP Warning:  include(): Failed opening 'C:/xampp/htdocs/bcit/demo/header.php' for inclusion (include_path='C:\\xampp\\php\\PEAR') in C:\\xampp\\htdocs\\bcit\\tools\\setCookie.php on line 3, referer: http://bcit.stevenover.land/index.php
[Mon Oct 19 19:05:48.346773 2020] [php7:notice] [pid 5348:tid 1528] [client 70.68.152.42:61882] PHP Stack trace:, referer: http://bcit.stevenover.land/index.php
[Mon Oct 19 19:05:48.346773 2020] [php7:notice] [pid 5348:tid 1528] [client 70.68.152.42:61882] PHP   1. {main}() C:\\xampp\\htdocs\\bcit\\tools\\setCookie.php:0, referer: http://bcit.stevenover.land/index.php
[Mon Oct 19 19:12:22.377973 2020] [authz_core:error] [pid 5348:tid 1552] [client 50.69.200.4:63172] AH01630: client denied by server configuration: C:/xampp/phpMyAdmin/, referer: http://bcit.stevenover.land/index.php
[Mon Oct 19 19:12:29.330288 2020] [authz_core:error] [pid 5348:tid 1516] [client 154.5.129.228:59891] AH01630: client denied by server configuration: C:/xampp/phpMyAdmin/, referer: http://bcit.stevenover.land/index.php
[Mon Oct 19 19:13:20.509613 2020] [authz_core:error] [pid 5348:tid 1480] [client 154.5.129.228:59890] AH01630: client denied by server configuration: C:/xampp/phpMyAdmin/, referer: http://bcit.stevenover.land/index.php
[Mon Oct 19 19:13:26.616679 2020] [authz_core:error] [pid 5348:tid 1516] [client 154.5.129.228:59914] AH01630: client denied by server configuration: C:/xampp/phpMyAdmin/, referer: http://bcit.stevenover.land/index.php
[Mon Oct 19 19:13:55.212459 2020] [php7:notice] [pid 5348:tid 1520] [client 50.69.200.4:63178] PHP Warning:  include(C:/xampp/htdocs/bcit/demo/header.php): failed to open stream: No such file or directory in C:\\xampp\\htdocs\\bcit\\tools\\setCookie.php on line 3, referer: http://bcit.stevenover.land/index.php
[Mon Oct 19 19:13:55.212459 2020] [php7:notice] [pid 5348:tid 1520] [client 50.69.200.4:63178] PHP Stack trace:, referer: http://bcit.stevenover.land/index.php
[Mon Oct 19 19:13:55.212459 2020] [php7:notice] [pid 5348:tid 1520] [client 50.69.200.4:63178] PHP   1. {main}() C:\\xampp\\htdocs\\bcit\\tools\\setCookie.php:0, referer: http://bcit.stevenover.land/index.php
[Mon Oct 19 19:13:55.212459 2020] [php7:notice] [pid 5348:tid 1520] [client 50.69.200.4:63178] PHP Warning:  include(): Failed opening 'C:/xampp/htdocs/bcit/demo/header.php' for inclusion (include_path='C:\\xampp\\php\\PEAR') in C:\\xampp\\htdocs\\bcit\\tools\\setCookie.php on line 3, referer: http://bcit.stevenover.land/index.php
[Mon Oct 19 19:13:55.213435 2020] [php7:notice] [pid 5348:tid 1520] [client 50.69.200.4:63178] PHP Stack trace:, referer: http://bcit.stevenover.land/index.php
[Mon Oct 19 19:13:55.213435 2020] [php7:notice] [pid 5348:tid 1520] [client 50.69.200.4:63178] PHP   1. {main}() C:\\xampp\\htdocs\\bcit\\tools\\setCookie.php:0, referer: http://bcit.stevenover.land/index.php
[Mon Oct 19 19:16:05.362619 2020] [authz_core:error] [pid 5348:tid 1480] [client 154.5.129.228:59975] AH01630: client denied by server configuration: C:/xampp/phpMyAdmin/, referer: http://bcit.stevenover.land/
[Mon Oct 19 19:16:36.986271 2020] [authz_core:error] [pid 5348:tid 1436] [client 24.84.244.243:60833] AH01630: client denied by server configuration: C:/xampp/phpMyAdmin/, referer: http://bcit.stevenover.land/index.php
[Mon Oct 19 19:17:13.982206 2020] [authz_core:error] [pid 5348:tid 1456] [client 174.7.115.156:61134] AH01630: client denied by server configuration: C:/xampp/phpMyAdmin/, referer: http://bcit.stevenover.land/index.php
[Mon Oct 19 19:17:21.232445 2020] [authz_core:error] [pid 5348:tid 1516] [client 50.69.200.4:63204] AH01630: client denied by server configuration: C:/xampp/phpMyAdmin/, referer: http://bcit.stevenover.land/index.php
[Mon Oct 19 19:17:22.794155 2020] [authz_core:error] [pid 5348:tid 1484] [client 50.98.62.244:61303] AH01630: client denied by server configuration: C:/xampp/phpMyAdmin/, referer: http://bcit.stevenover.land/index.php
[Mon Oct 19 19:17:27.855072 2020] [authz_core:error] [pid 5348:tid 1528] [client 154.5.175.124:57970] AH01630: client denied by server configuration: C:/xampp/phpMyAdmin/, referer: http://bcit.stevenover.land/
[Mon Oct 19 19:18:03.245384 2020] [authz_core:error] [pid 5348:tid 1476] [client 50.69.200.4:63205] AH01630: client denied by server configuration: C:/xampp/phpMyAdmin/
[Mon Oct 19 19:18:33.927092 2020] [authz_core:error] [pid 5348:tid 1484] [client 50.69.200.4:63208] AH01630: client denied by server configuration: C:/xampp/phpMyAdmin/
[Mon Oct 19 19:18:35.567842 2020] [authz_core:error] [pid 5348:tid 1516] [client 154.5.129.228:59998] AH01630: client denied by server configuration: C:/xampp/phpMyAdmin/, referer: http://bcit.stevenover.land/
[Mon Oct 19 19:20:20.258653 2020] [authz_core:error] [pid 5348:tid 1548] [client 35.247.29.77:62296] AH01630: client denied by server configuration: C:/xampp/phpMyAdmin/, referer: http://bcit.stevenover.land/
[Mon Oct 19 19:20:29.254959 2020] [authz_core:error] [pid 5348:tid 1528] [client 70.68.152.42:61963] AH01630: client denied by server configuration: C:/xampp/phpMyAdmin/, referer: http://bcit.stevenover.land/index.php
[Mon Oct 19 19:20:33.816069 2020] [php7:notice] [pid 5348:tid 1504] [client 209.17.97.18:60246] PHP Notice:  Undefined index: HTTP_HOST in C:\\xampp\\htdocs\\index.php on line 7
[Mon Oct 19 19:20:33.816069 2020] [php7:notice] [pid 5348:tid 1504] [client 209.17.97.18:60246] PHP Stack trace:
[Mon Oct 19 19:20:33.816069 2020] [php7:notice] [pid 5348:tid 1504] [client 209.17.97.18:60246] PHP   1. {main}() C:\\xampp\\htdocs\\index.php:0
[Mon Oct 19 19:21:12.613325 2020] [authz_core:error] [pid 5348:tid 1508] [client 99.199.137.157:50799] AH01630: client denied by server configuration: C:/xampp/phpMyAdmin/, referer: http://bcit.stevenover.land/index.php
[Mon Oct 19 19:21:13.987612 2020] [authz_core:error] [pid 5348:tid 1528] [client 35.245.188.175:36571] AH01630: client denied by server configuration: C:/xampp/phpMyAdmin/
[Mon Oct 19 19:21:49.284530 2020] [authz_core:error] [pid 5348:tid 1436] [client 99.199.137.157:50807] AH01630: client denied by server configuration: C:/xampp/phpMyAdmin/, referer: http://bcit.stevenover.land/
[Mon Oct 19 19:23:05.349402 2020] [authz_core:error] [pid 5348:tid 1456] [client 174.7.152.60:52527] AH01630: client denied by server configuration: C:/xampp/phpMyAdmin/, referer: http://bcit.stevenover.land/
[Mon Oct 19 19:23:06.646581 2020] [authz_core:error] [pid 5348:tid 1484] [client 154.5.129.228:60042] AH01630: client denied by server configuration: C:/xampp/phpMyAdmin/, referer: http://bcit.stevenover.land/
[Mon Oct 19 19:23:12.659070 2020] [authz_core:error] [pid 5348:tid 1456] [client 50.98.50.237:55508] AH01630: client denied by server configuration: C:/xampp/phpMyAdmin/, referer: http://bcit.stevenover.land/
[Mon Oct 19 19:24:46.546892 2020] [ssl:warn] [pid 1344:tid 256] AH01909: www.example.com:443:0 server certificate does NOT include an ID which matches the server name
AH00112: Warning: DocumentRoot [C:/xampp/htdocs/wiki/] does not exist
AH00112: Warning: DocumentRoot [C:/xampp/htdocs/wp] does not exist
[Mon Oct 19 19:24:46.578126 2020] [core:warn] [pid 1344:tid 256] AH00098: pid file C:/xampp/apache/logs/httpd.pid overwritten -- Unclean shutdown of previous Apache run?
[Mon Oct 19 19:24:46.578126 2020] [ssl:warn] [pid 1344:tid 256] AH01909: www.example.com:443:0 server certificate does NOT include an ID which matches the server name
[Mon Oct 19 19:24:46.609360 2020] [mpm_winnt:notice] [pid 1344:tid 256] AH00455: Apache/2.4.41 (Win64) OpenSSL/1.1.1c PHP/7.3.11 configured -- resuming normal operations
[Mon Oct 19 19:24:46.609360 2020] [mpm_winnt:notice] [pid 1344:tid 256] AH00456: Apache Lounge VC15 Server built: Aug 11 2019 12:20:04
[Mon Oct 19 19:24:46.609360 2020] [core:notice] [pid 1344:tid 256] AH00094: Command line: 'c:\\xampp\\apache\\bin\\httpd.exe -d C:/xampp/apache'
[Mon Oct 19 19:24:46.609360 2020] [mpm_winnt:notice] [pid 1344:tid 256] AH00418: Parent: Created child process 3744
AH00112: Warning: DocumentRoot [C:/xampp/htdocs/wiki/] does not exist
AH00112: Warning: DocumentRoot [C:/xampp/htdocs/wp] does not exist
[Mon Oct 19 19:24:46.796763 2020] [ssl:warn] [pid 3744:tid 268] AH01909: www.example.com:443:0 server certificate does NOT include an ID which matches the server name
AH00112: Warning: DocumentRoot [C:/xampp/htdocs/wiki/] does not exist
AH00112: Warning: DocumentRoot [C:/xampp/htdocs/wp] does not exist
[Mon Oct 19 19:24:46.827997 2020] [ssl:warn] [pid 3744:tid 268] AH01909: www.example.com:443:0 server certificate does NOT include an ID which matches the server name
[Mon Oct 19 19:24:46.843613 2020] [mpm_winnt:notice] [pid 3744:tid 268] AH00354: Child: Starting 150 worker threads.
[Mon Oct 19 19:25:01.951988 2020] [authz_core:error] [pid 3744:tid 1520] [client 70.68.228.28:58010] AH01630: client denied by server configuration: C:/xampp/phpMyAdmin/, referer: http://bcit.stevenover.land/index.php
[Mon Oct 19 19:25:07.090924 2020] [authz_core:error] [pid 3744:tid 1524] [client 99.199.137.157:50874] AH01630: client denied by server configuration: C:/xampp/phpMyAdmin/, referer: http://bcit.stevenover.land/
[Mon Oct 19 19:25:07.793684 2020] [authz_core:error] [pid 3744:tid 1524] [client 99.199.137.157:50874] AH01630: client denied by server configuration: C:/xampp/phpMyAdmin/, referer: http://bcit.stevenover.land/
[Mon Oct 19 19:25:08.121639 2020] [authz_core:error] [pid 3744:tid 1524] [client 99.199.137.157:50874] AH01630: client denied by server configuration: C:/xampp/phpMyAdmin/, referer: http://bcit.stevenover.land/
[Mon Oct 19 19:25:08.355893 2020] [authz_core:error] [pid 3744:tid 1524] [client 99.199.137.157:50874] AH01630: client denied by server configuration: C:/xampp/phpMyAdmin/, referer: http://bcit.stevenover.land/
[Mon Oct 19 19:25:08.605763 2020] [authz_core:error] [pid 3744:tid 1524] [client 99.199.137.157:50874] AH01630: client denied by server configuration: C:/xampp/phpMyAdmin/, referer: http://bcit.stevenover.land/
[Mon Oct 19 19:25:09.574987 2020] [authz_core:error] [pid 3744:tid 1540] [client 174.7.152.60:52564] AH01630: client denied by server configuration: C:/xampp/phpMyAdmin/, referer: http://bcit.stevenover.land/
[Mon Oct 19 19:25:10.012260 2020] [authz_core:error] [pid 3744:tid 1524] [client 99.199.137.157:50874] AH01630: client denied by server configuration: C:/xampp/phpMyAdmin/, referer: http://bcit.stevenover.land/
[Mon Oct 19 19:25:10.152812 2020] [authz_core:error] [pid 3744:tid 1520] [client 50.98.62.244:61397] AH01630: client denied by server configuration: C:/xampp/phpMyAdmin/, referer: http://bcit.stevenover.land/index.php
[Mon Oct 19 19:25:10.246514 2020] [authz_core:error] [pid 3744:tid 1524] [client 99.199.137.157:50874] AH01630: client denied by server configuration: C:/xampp/phpMyAdmin/, referer: http://bcit.stevenover.land/
[Mon Oct 19 19:25:10.512001 2020] [authz_core:error] [pid 3744:tid 1524] [client 99.199.137.157:50874] AH01630: client denied by server configuration: C:/xampp/phpMyAdmin/, referer: http://bcit.stevenover.land/
[Mon Oct 19 19:25:10.777488 2020] [authz_core:error] [pid 3744:tid 1524] [client 99.199.137.157:50874] AH01630: client denied by server configuration: C:/xampp/phpMyAdmin/, referer: http://bcit.stevenover.land/
[Mon Oct 19 19:25:13.573889 2020] [authz_core:error] [pid 3744:tid 1532] [client 50.98.50.237:55595] AH01630: client denied by server configuration: C:/xampp/phpMyAdmin/, referer: http://bcit.stevenover.land/
[Mon Oct 19 19:25:15.183406 2020] [authz_core:error] [pid 3744:tid 1552] [client 154.5.175.124:58050] AH01630: client denied by server configuration: C:/xampp/phpMyAdmin/, referer: http://bcit.stevenover.land/
[Mon Oct 19 19:25:39.837610 2020] [authz_core:error] [pid 3744:tid 1552] [client 45.58.23.185:61665] AH01630: client denied by server configuration: C:/xampp/phpMyAdmin/
[Mon Oct 19 19:25:43.664727 2020] [authz_core:error] [pid 3744:tid 1532] [client 70.68.228.28:58027] AH01630: client denied by server configuration: C:/xampp/phpMyAdmin/, referer: http://bcit.stevenover.land/index.php
[Mon Oct 19 19:25:45.866710 2020] [ssl:warn] [pid 3528:tid 256] AH01909: www.example.com:443:0 server certificate does NOT include an ID which matches the server name
AH00112: Warning: DocumentRoot [C:/xampp/htdocs/wiki/] does not exist
